Copyright 1986-2022 Xilinx, Inc. All Rights Reserved. Copyright 2022-2024 Advanced Micro Devices, Inc. All Rights Reserved.
---------------------------------------------------------------------------------------------------------------------------------------------------------------------------------------------------------------------------------
| Tool Version : Vivado v.2024.2.1 (lin64) Build 5266912 Sun Dec 15 09:03:31 MST 2024
| Date         : Wed Sep 16 15:36:26 2026
| Host         : el120-02.ece.usu.edu running 64-bit AlmaLinux 9.7 (Moss Jungle Cat)
| Command      : report_timing_summary -max_paths 10 -report_unconstrained -file moreandgates_timing_summary_routed.rpt -pb moreandgates_timing_summary_routed.pb -rpx moreandgates_timing_summary_routed.rpx -warn_on_violation
| Design       : moreandgates
| Device       : 7a35t-cpg236
| Speed File   : -1  PRODUCTION 1.23 2018-06-13
| Design State : Routed
---------------------------------------------------------------------------------------------------------------------------------------------------------------------------------------------------------------------------------

Timing Summary Report

------------------------------------------------------------------------------------------------
| Timer Settings
| --------------
------------------------------------------------------------------------------------------------

  Enable Multi Corner Analysis               :  Yes
  Enable Pessimism Removal                   :  Yes
  Pessimism Removal Resolution               :  Nearest Common Node
  Enable Input Delay Default Clock           :  No
  Enable Preset / Clear Arcs                 :  No
  Disable Flight Delays                      :  No
  Ignore I/O Paths                           :  No
  Timing Early Launch at Borrowing Latches   :  No
  Borrow Time for Max Delay Exceptions       :  Yes
  Merge Timing Exceptions                    :  Yes
  Inter-SLR Compensation                     :  Conservative

  Corner  Analyze    Analyze    
  Name    Max Paths  Min Paths  
  ------  ---------  ---------  
  Slow    Yes        Yes        
  Fast    Yes        Yes        


------------------------------------------------------------------------------------------------
| Report Methodology
| ------------------
------------------------------------------------------------------------------------------------

No report available as report_methodology has not been run prior. Run report_methodology on the current design for the summary of methodology violations.



check_timing report

Table of Contents
-----------------
1. checking no_clock (0)
2. checking constant_clock (0)
3. checking pulse_width_clock (0)
4. checking unconstrained_internal_endpoints (0)
5. checking no_input_delay (0)
6. checking no_output_delay (0)
7. checking multiple_clock (0)
8. checking generated_clocks (0)
9. checking loops (0)
10. checking partial_input_delay (0)
11. checking partial_output_delay (0)
12. checking latch_loops (0)

1. checking no_clock (0)
------------------------
 There are 0 register/latch pins with no clock.


2. checking constant_clock (0)
------------------------------
 There are 0 register/latch pins with constant_clock.


3. checking pulse_width_clock (0)
---------------------------------
 There are 0 register/latch pins which need pulse_width check


4. checking unconstrained_internal_endpoints (0)
------------------------------------------------
 There are 0 pins that are not constrained for maximum delay.

 There are 0 pins that are not constrained for maximum delay due to constant clock.


5. checking no_input_delay (0)
------------------------------
 There are 0 input ports with no input delay specified.

 There are 0 input ports with no input delay but user has a false path constraint.


6. checking no_output_delay (0)
-------------------------------
 There are 0 ports with no output delay specified.

 There are 0 ports with no output delay but user has a false path constraint

 There are 0 ports with no output delay but with a timing clock defined on it or propagating through it


7. checking multiple_clock (0)
------------------------------
 There are 0 register/latch pins with multiple clocks.


8. checking generated_clocks (0)
--------------------------------
 There are 0 generated clocks that are not connected to a clock source.


9. checking loops (0)
---------------------
 There are 0 combinational loops in the design.


10. checking partial_input_delay (0)
------------------------------------
 There are 0 input ports with partial input delay specified.


11. checking partial_output_delay (0)
-------------------------------------
 There are 0 ports with partial output delay specified.


12. checking latch_loops (0)
----------------------------
 There are 0 combinational latch loops in the design through latch input



------------------------------------------------------------------------------------------------
| Design Timing Summary
| ---------------------
------------------------------------------------------------------------------------------------

    WNS(ns)      TNS(ns)  TNS Failing Endpoints  TNS Total Endpoints      WHS(ns)      THS(ns)  THS Failing Endpoints  THS Total Endpoints     WPWS(ns)     TPWS(ns)  TPWS Failing Endpoints  TPWS Total Endpoints  
    -------      -------  ---------------------  -------------------      -------      -------  ---------------------  -------------------     --------     --------  ----------------------  --------------------  
        inf        0.000                      0                    2          inf        0.000                      0                    2           NA           NA                      NA                    NA  


There are no user specified timing constraints.


------------------------------------------------------------------------------------------------
| Clock Summary
| -------------
------------------------------------------------------------------------------------------------


------------------------------------------------------------------------------------------------
| Intra Clock Table
| -----------------
------------------------------------------------------------------------------------------------

Clock             WNS(ns)      TNS(ns)  TNS Failing Endpoints  TNS Total Endpoints      WHS(ns)      THS(ns)  THS Failing Endpoints  THS Total Endpoints     WPWS(ns)     TPWS(ns)  TPWS Failing Endpoints  TPWS Total Endpoints  
-----             -------      -------  ---------------------  -------------------      -------      -------  ---------------------  -------------------     --------     --------  ----------------------  --------------------  


------------------------------------------------------------------------------------------------
| Inter Clock Table
| -----------------
------------------------------------------------------------------------------------------------

From Clock    To Clock          WNS(ns)      TNS(ns)  TNS Failing Endpoints  TNS Total Endpoints      WHS(ns)      THS(ns)  THS Failing Endpoints  THS Total Endpoints  
----------    --------          -------      -------  ---------------------  -------------------      -------      -------  ---------------------  -------------------  


------------------------------------------------------------------------------------------------
| Other Path Groups Table
| -----------------------
------------------------------------------------------------------------------------------------

Path Group    From Clock    To Clock          WNS(ns)      TNS(ns)  TNS Failing Endpoints  TNS Total Endpoints      WHS(ns)      THS(ns)  THS Failing Endpoints  THS Total Endpoints  
----------    ----------    --------          -------      -------  ---------------------  -------------------      -------      -------  ---------------------  -------------------  


------------------------------------------------------------------------------------------------
| User Ignored Path Table
| -----------------------
------------------------------------------------------------------------------------------------

Path Group    From Clock    To Clock    
----------    ----------    --------    


------------------------------------------------------------------------------------------------
| Unconstrained Path Table
| ------------------------
------------------------------------------------------------------------------------------------

Path Group    From Clock    To Clock    
----------    ----------    --------    
(none)                                    


------------------------------------------------------------------------------------------------
| Timing Details
| --------------
------------------------------------------------------------------------------------------------


--------------------------------------------------------------------------------------
Path Group:  (none)
From Clock:  
  To Clock:  

Max Delay             2 Endpoints
Min Delay             2 Endpoints
--------------------------------------------------------------------------------------


Max Delay Paths
--------------------------------------------------------------------------------------
Slack:                    inf
  Source:                 D
                            (input port)
  Destination:            F2
                            (output port)
  Path Group:             (none)
  Path Type:              Max at Slow Process Corner
  Data Path Delay:        8.191ns  (logic 5.073ns (61.942%)  route 3.117ns (38.058%))
  Logic Levels:           3  (IBUF=1 LUT2=1 OBUF=1)

    Location             Delay type                Incr(ns)  Path(ns)    Netlist Resource(s)
  -------------------------------------------------------------------    -------------------
    W17                                               0.000     0.000 r  D (IN)
                         net (fo=0)                   0.000     0.000    D
    W17                  IBUF (Prop_ibuf_I_O)         1.448     1.448 r  D_IBUF_inst/O
                         net (fo=1, routed)           1.212     2.661    D_IBUF
    SLICE_X0Y10          LUT2 (Prop_lut2_I1_O)        0.124     2.785 r  F2_OBUF_inst_i_1/O
                         net (fo=1, routed)           1.905     4.690    F2_OBUF
    U19                  OBUF (Prop_obuf_I_O)         3.501     8.191 r  F2_OBUF_inst/O
                         net (fo=0)                   0.000     8.191    F2
    U19                                                               r  F2 (OUT)
  -------------------------------------------------------------------    -------------------

Slack:                    inf
  Source:                 A
                            (input port)
  Destination:            F1
                            (output port)
  Path Group:             (none)
  Path Type:              Max at Slow Process Corner
  Data Path Delay:        8.029ns  (logic 5.082ns (63.294%)  route 2.947ns (36.706%))
  Logic Levels:           3  (IBUF=1 LUT2=1 OBUF=1)

    Location             Delay type                Incr(ns)  Path(ns)    Netlist Resource(s)
  -------------------------------------------------------------------    -------------------
    V17                                               0.000     0.000 r  A (IN)
                         net (fo=0)                   0.000     0.000    A
    V17                  IBUF (Prop_ibuf_I_O)         1.453     1.453 r  A_IBUF_inst/O
                         net (fo=1, routed)           1.070     2.523    A_IBUF
    SLICE_X0Y11          LUT2 (Prop_lut2_I0_O)        0.124     2.647 r  F1_OBUF_inst_i_1/O
                         net (fo=1, routed)           1.877     4.524    F1_OBUF
    U16                  OBUF (Prop_obuf_I_O)         3.505     8.029 r  F1_OBUF_inst/O
                         net (fo=0)                   0.000     8.029    F1
    U16                                                               r  F1 (OUT)
  -------------------------------------------------------------------    -------------------





Min Delay Paths
--------------------------------------------------------------------------------------
Slack:                    inf
  Source:                 C
                            (input port)
  Destination:            F2
                            (output port)
  Path Group:             (none)
  Path Type:              Min at Fast Process Corner
  Data Path Delay:        2.248ns  (logic 1.479ns (65.797%)  route 0.769ns (34.203%))
  Logic Levels:           3  (IBUF=1 LUT2=1 OBUF=1)

    Location             Delay type                Incr(ns)  Path(ns)    Netlist Resource(s)
  -------------------------------------------------------------------    -------------------
    W16                                               0.000     0.000 r  C (IN)
                         net (fo=0)                   0.000     0.000    C
    W16                  IBUF (Prop_ibuf_I_O)         0.232     0.232 r  C_IBUF_inst/O
                         net (fo=1, routed)           0.335     0.567    C_IBUF
    SLICE_X0Y10          LUT2 (Prop_lut2_I0_O)        0.045     0.612 r  F2_OBUF_inst_i_1/O
                         net (fo=1, routed)           0.434     1.046    F2_OBUF
    U19                  OBUF (Prop_obuf_I_O)         1.202     2.248 r  F2_OBUF_inst/O
                         net (fo=0)                   0.000     2.248    F2
    U19                                                               r  F2 (OUT)
  -------------------------------------------------------------------    -------------------

Slack:                    inf
  Source:                 B
                            (input port)
  Destination:            F1
                            (output port)
  Path Group:             (none)
  Path Type:              Min at Fast Process Corner
  Data Path Delay:        2.249ns  (logic 1.480ns (65.821%)  route 0.769ns (34.179%))
  Logic Levels:           3  (IBUF=1 LUT2=1 OBUF=1)

    Location             Delay type                Incr(ns)  Path(ns)    Netlist Resource(s)
  -------------------------------------------------------------------    -------------------
    V16                                               0.000     0.000 r  B (IN)
                         net (fo=0)                   0.000     0.000    B
    V16                  IBUF (Prop_ibuf_I_O)         0.229     0.229 r  B_IBUF_inst/O
                         net (fo=1, routed)           0.342     0.571    B_IBUF
    SLICE_X0Y11          LUT2 (Prop_lut2_I1_O)        0.045     0.616 r  F1_OBUF_inst_i_1/O
                         net (fo=1, routed)           0.427     1.043    F1_OBUF
    U16                  OBUF (Prop_obuf_I_O)         1.206     2.249 r  F1_OBUF_inst/O
                         net (fo=0)                   0.000     2.249    F1
    U16                                                               r  F1 (OUT)
  -------------------------------------------------------------------    -------------------





