
*** Running vivado
    with args -log continuousand.vdi -applog -m64 -product Vivado -messageDb vivado.pb -mode batch -source continuousand.tcl -notrace


****** Vivado v2024.2.1 (64-bit)
  **** SW Build 5266912 on Sun Dec 15 09:03:31 MST 2024
  **** IP Build 5264866 on Sun Dec 15 16:27:47 MST 2024
  **** SharedData Build 5264680 on Wed Dec 11 12:48:36 MST 2024
  **** Start of session at: Wed Sep 16 14:51:38 2026
    ** Copyright 1986-2022 Xilinx, Inc. All Rights Reserved.
    ** Copyright 2022-2024 Advanced Micro Devices, Inc. All Rights Reserved.

source continuousand.tcl -notrace
create_project: Time (s): cpu = 00:00:06 ; elapsed = 00:00:06 . Memory (MB): peak = 1701.578 ; gain = 23.836 ; free physical = 1299 ; free virtual = 15627
Command: link_design -top continuousand -part xc7a35tcpg236-1
Design is defaulting to srcset: sources_1
Design is defaulting to constrset: constrs_1
INFO: [Device 21-403] Loading part xc7a35tcpg236-1
Netlist sorting complete. Time (s): cpu = 00:00:00 ; elapsed = 00:00:00 . Memory (MB): peak = 1877.742 ; gain = 0.000 ; free physical = 1074 ; free virtual = 15401
INFO: [Project 1-479] Netlist was created with Vivado 2024.2.1
INFO: [Project 1-570] Preparing netlist for logic optimization
Parsing XDC File [/home/a02447865/Downloads/Basys3Master.xdc]
Finished Parsing XDC File [/home/a02447865/Downloads/Basys3Master.xdc]
INFO: [Opt 31-138] Pushed 0 inverter(s) to 0 load pin(s).
Netlist sorting complete. Time (s): cpu = 00:00:00 ; elapsed = 00:00:00 . Memory (MB): peak = 2041.273 ; gain = 0.000 ; free physical = 977 ; free virtual = 15305
INFO: [Project 1-111] Unisim Transformation Summary:
No Unisim elements were transformed.

5 Infos, 0 Warnings, 0 Critical Warnings and 0 Errors encountered.
link_design completed successfully
Command: opt_design
Attempting to get a license for feature 'Implementation' and/or device 'xc7a35t'
INFO: [Common 17-349] Got license for feature 'Implementation' and/or device 'xc7a35t'
Running DRC as a precondition to command opt_design

Starting DRC Task
INFO: [DRC 23-27] Running DRC with 8 threads
INFO: [Project 1-461] DRC finished with 0 Errors
INFO: [Project 1-462] Please refer to the DRC report (report_drc) for more information.

Time (s): cpu = 00:00:00.42 ; elapsed = 00:00:00.38 . Memory (MB): peak = 2062.086 ; gain = 14.875 ; free physical = 959 ; free virtual = 15287

Starting Cache Timing Information Task
INFO: [Timing 38-35] Done setting XDC timing constraints.
Ending Cache Timing Information Task | Checksum: 1f8c9318c

Time (s): cpu = 00:00:06 ; elapsed = 00:00:06 . Memory (MB): peak = 2503.914 ; gain = 441.828 ; free physical = 524 ; free virtual = 14867

Starting Logic Optimization Task

Phase 1 Initialization

Phase 1.1 Core Generation And Design Setup
Phase 1.1 Core Generation And Design Setup | Checksum: 1f8c9318c

Time (s): cpu = 00:00:00.01 ; elapsed = 00:00:00 . Memory (MB): peak = 2841.805 ; gain = 0.000 ; free physical = 182 ; free virtual = 14526

Phase 1.2 Setup Constraints And Sort Netlist
Phase 1.2 Setup Constraints And Sort Netlist | Checksum: 1f8c9318c

Time (s): cpu = 00:00:00.01 ; elapsed = 00:00:00 . Memory (MB): peak = 2841.805 ; gain = 0.000 ; free physical = 182 ; free virtual = 14526
Phase 1 Initialization | Checksum: 1f8c9318c

Time (s): cpu = 00:00:00.01 ; elapsed = 00:00:00 . Memory (MB): peak = 2841.805 ; gain = 0.000 ; free physical = 182 ; free virtual = 14526

Phase 2 Timer Update And Timing Data Collection

Phase 2.1 Timer Update
Phase 2.1 Timer Update | Checksum: 1f8c9318c

Time (s): cpu = 00:00:00.01 ; elapsed = 00:00:00 . Memory (MB): peak = 2841.805 ; gain = 0.000 ; free physical = 198 ; free virtual = 14527

Phase 2.2 Timing Data Collection
Phase 2.2 Timing Data Collection | Checksum: 1f8c9318c

Time (s): cpu = 00:00:00.01 ; elapsed = 00:00:00.01 . Memory (MB): peak = 2841.805 ; gain = 0.000 ; free physical = 225 ; free virtual = 14527
Phase 2 Timer Update And Timing Data Collection | Checksum: 1f8c9318c

Time (s): cpu = 00:00:00.01 ; elapsed = 00:00:00.01 . Memory (MB): peak = 2841.805 ; gain = 0.000 ; free physical = 228 ; free virtual = 14527

Phase 3 Retarget
INFO: [Opt 31-1851] Number of loadless carry chains removed were: 0
INFO: [Opt 31-1834] Total Chains To Be Transformed Were: 0 AND Number of Transformed insts Created are: 0
INFO: [Opt 31-138] Pushed 0 inverter(s) to 0 load pin(s).
INFO: [Opt 31-49] Retargeted 0 cell(s).
Phase 3 Retarget | Checksum: 1f8c9318c

Time (s): cpu = 00:00:00.02 ; elapsed = 00:00:00.02 . Memory (MB): peak = 2841.805 ; gain = 0.000 ; free physical = 233 ; free virtual = 14528
Retarget | Checksum: 1f8c9318c
INFO: [Opt 31-389] Phase Retarget created 0 cells and removed 0 cells

Phase 4 Constant propagation
INFO: [Opt 31-138] Pushed 0 inverter(s) to 0 load pin(s).
Phase 4 Constant propagation | Checksum: 1f8c9318c

Time (s): cpu = 00:00:00.02 ; elapsed = 00:00:00.02 . Memory (MB): peak = 2841.805 ; gain = 0.000 ; free physical = 233 ; free virtual = 14528
Constant propagation | Checksum: 1f8c9318c
INFO: [Opt 31-389] Phase Constant propagation created 0 cells and removed 0 cells

Phase 5 Sweep
INFO: [Constraints 18-11670] Building netlist checker database with flags, 0x8
Done building netlist checker database: Time (s): cpu = 00:00:00 ; elapsed = 00:00:00 . Memory (MB): peak = 2841.805 ; gain = 0.000 ; free physical = 233 ; free virtual = 14528
Phase 5 Sweep | Checksum: 1f8c9318c

Time (s): cpu = 00:00:00.02 ; elapsed = 00:00:00.02 . Memory (MB): peak = 2841.805 ; gain = 0.000 ; free physical = 233 ; free virtual = 14528
Sweep | Checksum: 1f8c9318c
INFO: [Opt 31-389] Phase Sweep created 0 cells and removed 0 cells

Phase 6 BUFG optimization
Phase 6 BUFG optimization | Checksum: 1f8c9318c

Time (s): cpu = 00:00:00.02 ; elapsed = 00:00:00.03 . Memory (MB): peak = 2873.820 ; gain = 32.016 ; free physical = 233 ; free virtual = 14527
BUFG optimization | Checksum: 1f8c9318c
INFO: [Opt 31-662] Phase BUFG optimization created 0 cells of which 0 are BUFGs and removed 0 cells.

Phase 7 Shift Register Optimization
INFO: [Opt 31-1064] SRL Remap converted 0 SRLs to 0 registers and converted 0 registers of register chains to 0 SRLs
Phase 7 Shift Register Optimization | Checksum: 1f8c9318c

Time (s): cpu = 00:00:00.02 ; elapsed = 00:00:00.03 . Memory (MB): peak = 2873.820 ; gain = 32.016 ; free physical = 233 ; free virtual = 14527
Shift Register Optimization | Checksum: 1f8c9318c
INFO: [Opt 31-389] Phase Shift Register Optimization created 0 cells and removed 0 cells

Phase 8 Post Processing Netlist
Phase 8 Post Processing Netlist | Checksum: 1f8c9318c

Time (s): cpu = 00:00:00.02 ; elapsed = 00:00:00.03 . Memory (MB): peak = 2873.820 ; gain = 32.016 ; free physical = 233 ; free virtual = 14527
Post Processing Netlist | Checksum: 1f8c9318c
INFO: [Opt 31-389] Phase Post Processing Netlist created 0 cells and removed 0 cells

Phase 9 Finalization

Phase 9.1 Finalizing Design Cores and Updating Shapes
Phase 9.1 Finalizing Design Cores and Updating Shapes | Checksum: 1f8c9318c

Time (s): cpu = 00:00:00.02 ; elapsed = 00:00:00.03 . Memory (MB): peak = 2873.820 ; gain = 32.016 ; free physical = 233 ; free virtual = 14527

Phase 9.2 Verifying Netlist Connectivity

Starting Connectivity Check Task

Time (s): cpu = 00:00:00 ; elapsed = 00:00:00 . Memory (MB): peak = 2873.820 ; gain = 0.000 ; free physical = 233 ; free virtual = 14527
Phase 9.2 Verifying Netlist Connectivity | Checksum: 1f8c9318c

Time (s): cpu = 00:00:00.02 ; elapsed = 00:00:00.03 . Memory (MB): peak = 2873.820 ; gain = 32.016 ; free physical = 233 ; free virtual = 14527
Phase 9 Finalization | Checksum: 1f8c9318c

Time (s): cpu = 00:00:00.02 ; elapsed = 00:00:00.03 . Memory (MB): peak = 2873.820 ; gain = 32.016 ; free physical = 233 ; free virtual = 14527
Opt_design Change Summary
=========================


-------------------------------------------------------------------------------------------------------------------------
|  Phase                        |  #Cells created  |  #Cells Removed  |  #Constrained objects preventing optimizations  |
-------------------------------------------------------------------------------------------------------------------------
|  Retarget                     |               0  |               0  |                                              0  |
|  Constant propagation         |               0  |               0  |                                              0  |
|  Sweep                        |               0  |               0  |                                              0  |
|  BUFG optimization            |               0  |               0  |                                              0  |
|  Shift Register Optimization  |               0  |               0  |                                              0  |
|  Post Processing Netlist      |               0  |               0  |                                              0  |
-------------------------------------------------------------------------------------------------------------------------


Ending Logic Optimization Task | Checksum: 1f8c9318c

Time (s): cpu = 00:00:00.02 ; elapsed = 00:00:00.03 . Memory (MB): peak = 2873.820 ; gain = 32.016 ; free physical = 233 ; free virtual = 14527

Starting Power Optimization Task
INFO: [Pwropt 34-132] Skipping clock gating for clocks with a period < 2.00 ns.
Ending Power Optimization Task | Checksum: 1f8c9318c

Time (s): cpu = 00:00:00 ; elapsed = 00:00:00.01 . Memory (MB): peak = 2873.820 ; gain = 0.000 ; free physical = 234 ; free virtual = 14529

Starting Final Cleanup Task
Ending Final Cleanup Task | Checksum: 1f8c9318c

Time (s): cpu = 00:00:00 ; elapsed = 00:00:00 . Memory (MB): peak = 2873.820 ; gain = 0.000 ; free physical = 234 ; free virtual = 14529

Starting Netlist Obfuscation Task
Netlist sorting complete. Time (s): cpu = 00:00:00 ; elapsed = 00:00:00 . Memory (MB): peak = 2873.820 ; gain = 0.000 ; free physical = 234 ; free virtual = 14529
Ending Netlist Obfuscation Task | Checksum: 1f8c9318c

Time (s): cpu = 00:00:00 ; elapsed = 00:00:00 . Memory (MB): peak = 2873.820 ; gain = 0.000 ; free physical = 234 ; free virtual = 14529
INFO: [Common 17-83] Releasing license: Implementation
25 Infos, 0 Warnings, 0 Critical Warnings and 0 Errors encountered.
opt_design completed successfully
opt_design: Time (s): cpu = 00:00:08 ; elapsed = 00:00:08 . Memory (MB): peak = 2873.820 ; gain = 826.609 ; free physical = 234 ; free virtual = 14529
INFO: [Vivado 12-24828] Executing command : report_drc -file continuousand_drc_opted.rpt -pb continuousand_drc_opted.pb -rpx continuousand_drc_opted.rpx
Command: report_drc -file continuousand_drc_opted.rpt -pb continuousand_drc_opted.pb -rpx continuousand_drc_opted.rpx
INFO: [IP_Flow 19-234] Refreshing IP repositories
INFO: [IP_Flow 19-1704] No user IP repositories specified
INFO: [IP_Flow 19-2313] Loaded Vivado IP repository '/ece/vivado/Vivado/2024.2/data/ip'.
INFO: [DRC 23-27] Running DRC with 8 threads
INFO: [Vivado_Tcl 2-168] The results of DRC are in file /home/a02447865/Desktop/lab2/more_and_gates/more_and_gates.runs/impl_1/continuousand_drc_opted.rpt.
report_drc completed successfully
INFO: [Timing 38-480] Writing timing data to binary archive.
Write ShapeDB Complete: Time (s): cpu = 00:00:00.01 ; elapsed = 00:00:00.01 . Memory (MB): peak = 2888.695 ; gain = 0.000 ; free physical = 223 ; free virtual = 14518
Wrote PlaceDB: Time (s): cpu = 00:00:00 ; elapsed = 00:00:00 . Memory (MB): peak = 2888.695 ; gain = 0.000 ; free physical = 223 ; free virtual = 14518
Wrote PulsedLatchDB: Time (s): cpu = 00:00:00 ; elapsed = 00:00:00 . Memory (MB): peak = 2888.695 ; gain = 0.000 ; free physical = 223 ; free virtual = 14518
Writing XDEF routing.
Writing XDEF routing logical nets.
Writing XDEF routing special nets.
Wrote RouteStorage: Time (s): cpu = 00:00:00.01 ; elapsed = 00:00:00.01 . Memory (MB): peak = 2888.695 ; gain = 0.000 ; free physical = 222 ; free virtual = 14517
Wrote Netlist Cache: Time (s): cpu = 00:00:00 ; elapsed = 00:00:00 . Memory (MB): peak = 2888.695 ; gain = 0.000 ; free physical = 222 ; free virtual = 14517
Wrote Device Cache: Time (s): cpu = 00:00:00.01 ; elapsed = 00:00:00 . Memory (MB): peak = 2888.695 ; gain = 0.000 ; free physical = 222 ; free virtual = 14517
Write Physdb Complete: Time (s): cpu = 00:00:00.02 ; elapsed = 00:00:00.02 . Memory (MB): peak = 2888.695 ; gain = 0.000 ; free physical = 221 ; free virtual = 14517
INFO: [Common 17-1381] The checkpoint '/home/a02447865/Desktop/lab2/more_and_gates/more_and_gates.runs/impl_1/continuousand_opt.dcp' has been generated.
Command: place_design
Attempting to get a license for feature 'Implementation' and/or device 'xc7a35t'
INFO: [Common 17-349] Got license for feature 'Implementation' and/or device 'xc7a35t'
INFO: [Common 17-83] Releasing license: Implementation
INFO: [DRC 23-27] Running DRC with 8 threads
INFO: [Vivado_Tcl 4-198] DRC finished with 0 Errors
INFO: [Vivado_Tcl 4-199] Please refer to the DRC report (report_drc) for more information.
Running DRC as a precondition to command place_design
INFO: [DRC 23-27] Running DRC with 8 threads
INFO: [Vivado_Tcl 4-198] DRC finished with 0 Errors
INFO: [Vivado_Tcl 4-199] Please refer to the DRC report (report_drc) for more information.
INFO: [Place 30-611] Multithreading enabled for place_design using a maximum of 8 CPUs

Starting Placer Task

Phase 1 Placer Initialization

Phase 1.1 Placer Initialization Netlist Sorting
Netlist sorting complete. Time (s): cpu = 00:00:00 ; elapsed = 00:00:00 . Memory (MB): peak = 2916.676 ; gain = 0.000 ; free physical = 213 ; free virtual = 14508
Phase 1.1 Placer Initialization Netlist Sorting | Checksum: 1f14449e9

Time (s): cpu = 00:00:00 ; elapsed = 00:00:00.01 . Memory (MB): peak = 2916.676 ; gain = 0.000 ; free physical = 213 ; free virtual = 14508
Netlist sorting complete. Time (s): cpu = 00:00:00 ; elapsed = 00:00:00 . Memory (MB): peak = 2916.676 ; gain = 0.000 ; free physical = 213 ; free virtual = 14508

Phase 1.2 IO Placement/ Clock Placement/ Build Placer Device
INFO: [Timing 38-35] Done setting XDC timing constraints.
Phase 1.2 IO Placement/ Clock Placement/ Build Placer Device | Checksum: 1f14449e9

Time (s): cpu = 00:00:00.18 ; elapsed = 00:00:00.07 . Memory (MB): peak = 2948.691 ; gain = 32.016 ; free physical = 212 ; free virtual = 14508

Phase 1.3 Build Placer Netlist Model
Phase 1.3 Build Placer Netlist Model | Checksum: 2026cba46

Time (s): cpu = 00:00:00.32 ; elapsed = 00:00:00.09 . Memory (MB): peak = 2948.691 ; gain = 32.016 ; free physical = 212 ; free virtual = 14508

Phase 1.4 Constrain Clocks/Macros
Phase 1.4 Constrain Clocks/Macros | Checksum: 2026cba46

Time (s): cpu = 00:00:00.32 ; elapsed = 00:00:00.09 . Memory (MB): peak = 2948.691 ; gain = 32.016 ; free physical = 212 ; free virtual = 14508
Phase 1 Placer Initialization | Checksum: 2026cba46

Time (s): cpu = 00:00:00.33 ; elapsed = 00:00:00.1 . Memory (MB): peak = 2948.691 ; gain = 32.016 ; free physical = 212 ; free virtual = 14507

Phase 2 Global Placement

Phase 2.1 Floorplanning
Phase 2.1 Floorplanning | Checksum: 2026cba46

Time (s): cpu = 00:00:00.33 ; elapsed = 00:00:00.1 . Memory (MB): peak = 2948.691 ; gain = 32.016 ; free physical = 212 ; free virtual = 14507

Phase 2.2 Update Timing before SLR Path Opt
Phase 2.2 Update Timing before SLR Path Opt | Checksum: 2026cba46

Time (s): cpu = 00:00:00.33 ; elapsed = 00:00:00.1 . Memory (MB): peak = 2948.691 ; gain = 32.016 ; free physical = 212 ; free virtual = 14507

Phase 2.3 Post-Processing in Floorplanning
Phase 2.3 Post-Processing in Floorplanning | Checksum: 2026cba46

Time (s): cpu = 00:00:00.33 ; elapsed = 00:00:00.1 . Memory (MB): peak = 2948.691 ; gain = 32.016 ; free physical = 212 ; free virtual = 14507

Phase 2.4 Global Place Phase1
Phase 2.4 Global Place Phase1 | Checksum: 2081d351f

Time (s): cpu = 00:00:00.9 ; elapsed = 00:00:00.23 . Memory (MB): peak = 2972.703 ; gain = 56.027 ; free physical = 198 ; free virtual = 14493

Phase 2.5 Global Place Phase2
WARNING: [Place 46-29] Timing had been disabled during Placer and, therefore, physical synthesis in Placer will be skipped.
Phase 2.5 Global Place Phase2 | Checksum: 24cd9867b

Time (s): cpu = 00:00:01 ; elapsed = 00:00:00.28 . Memory (MB): peak = 2972.703 ; gain = 56.027 ; free physical = 197 ; free virtual = 14492
Phase 2 Global Placement | Checksum: 24cd9867b

Time (s): cpu = 00:00:01 ; elapsed = 00:00:00.28 . Memory (MB): peak = 2972.703 ; gain = 56.027 ; free physical = 197 ; free virtual = 14492

Phase 3 Detail Placement

Phase 3.1 Commit Multi Column Macros
Phase 3.1 Commit Multi Column Macros | Checksum: 24cd9867b

Time (s): cpu = 00:00:01 ; elapsed = 00:00:00.28 . Memory (MB): peak = 2972.703 ; gain = 56.027 ; free physical = 197 ; free virtual = 14492

Phase 3.2 Commit Most Macros & LUTRAMs
Phase 3.2 Commit Most Macros & LUTRAMs | Checksum: 20277f227

Time (s): cpu = 00:00:01 ; elapsed = 00:00:00.29 . Memory (MB): peak = 2972.703 ; gain = 56.027 ; free physical = 197 ; free virtual = 14492

Phase 3.3 Area Swap Optimization
Phase 3.3 Area Swap Optimization | Checksum: 27cd17626

Time (s): cpu = 00:00:01 ; elapsed = 00:00:00.29 . Memory (MB): peak = 2972.703 ; gain = 56.027 ; free physical = 197 ; free virtual = 14492

Phase 3.4 Pipeline Register Optimization
Phase 3.4 Pipeline Register Optimization | Checksum: 27cd17626

Time (s): cpu = 00:00:01 ; elapsed = 00:00:00.29 . Memory (MB): peak = 2972.703 ; gain = 56.027 ; free physical = 197 ; free virtual = 14492

Phase 3.5 Small Shape Detail Placement
Phase 3.5 Small Shape Detail Placement | Checksum: 23c58f0fd

Time (s): cpu = 00:00:02 ; elapsed = 00:00:00.57 . Memory (MB): peak = 2972.703 ; gain = 56.027 ; free physical = 192 ; free virtual = 14487

Phase 3.6 Re-assign LUT pins
Phase 3.6 Re-assign LUT pins | Checksum: 23c58f0fd

Time (s): cpu = 00:00:02 ; elapsed = 00:00:00.57 . Memory (MB): peak = 2972.703 ; gain = 56.027 ; free physical = 192 ; free virtual = 14487

Phase 3.7 Pipeline Register Optimization
Phase 3.7 Pipeline Register Optimization | Checksum: 23c58f0fd

Time (s): cpu = 00:00:02 ; elapsed = 00:00:00.57 . Memory (MB): peak = 2972.703 ; gain = 56.027 ; free physical = 192 ; free virtual = 14487
Phase 3 Detail Placement | Checksum: 23c58f0fd

Time (s): cpu = 00:00:02 ; elapsed = 00:00:00.57 . Memory (MB): peak = 2972.703 ; gain = 56.027 ; free physical = 192 ; free virtual = 14487

Phase 4 Post Placement Optimization and Clean-Up

Phase 4.1 Post Commit Optimization
Phase 4.1 Post Commit Optimization | Checksum: 23c58f0fd

Time (s): cpu = 00:00:02 ; elapsed = 00:00:00.59 . Memory (MB): peak = 2972.703 ; gain = 56.027 ; free physical = 191 ; free virtual = 14487

Phase 4.2 Post Placement Cleanup
Phase 4.2 Post Placement Cleanup | Checksum: 23c58f0fd

Time (s): cpu = 00:00:02 ; elapsed = 00:00:00.6 . Memory (MB): peak = 2972.703 ; gain = 56.027 ; free physical = 191 ; free virtual = 14487

Phase 4.3 Placer Reporting

Phase 4.3.1 Print Estimated Congestion
INFO: [Place 30-612] Post-Placement Estimated Congestion 
 ____________________________________________________
|           | Global Congestion | Short Congestion  |
| Direction | Region Size       | Region Size       |
|___________|___________________|___________________|
|      North|                1x1|                1x1|
|___________|___________________|___________________|
|      South|                1x1|                1x1|
|___________|___________________|___________________|
|       East|                1x1|                1x1|
|___________|___________________|___________________|
|       West|                1x1|                1x1|
|___________|___________________|___________________|

Phase 4.3.1 Print Estimated Congestion | Checksum: 23c58f0fd

Time (s): cpu = 00:00:02 ; elapsed = 00:00:00.6 . Memory (MB): peak = 2972.703 ; gain = 56.027 ; free physical = 191 ; free virtual = 14487
Phase 4.3 Placer Reporting | Checksum: 23c58f0fd

Time (s): cpu = 00:00:02 ; elapsed = 00:00:00.6 . Memory (MB): peak = 2972.703 ; gain = 56.027 ; free physical = 191 ; free virtual = 14487

Phase 4.4 Final Placement Cleanup
Netlist sorting complete. Time (s): cpu = 00:00:00.01 ; elapsed = 00:00:00 . Memory (MB): peak = 2972.703 ; gain = 0.000 ; free physical = 191 ; free virtual = 14487

Time (s): cpu = 00:00:02 ; elapsed = 00:00:00.6 . Memory (MB): peak = 2972.703 ; gain = 56.027 ; free physical = 191 ; free virtual = 14487
Phase 4 Post Placement Optimization and Clean-Up | Checksum: 23c58f0fd

Time (s): cpu = 00:00:02 ; elapsed = 00:00:00.6 . Memory (MB): peak = 2972.703 ; gain = 56.027 ; free physical = 191 ; free virtual = 14487
Ending Placer Task | Checksum: 16ab0fc37

Time (s): cpu = 00:00:02 ; elapsed = 00:00:00.61 . Memory (MB): peak = 2972.703 ; gain = 56.027 ; free physical = 191 ; free virtual = 14487
44 Infos, 1 Warnings, 0 Critical Warnings and 0 Errors encountered.
place_design completed successfully
INFO: [Vivado 12-24838] Running report commands "report_control_sets, report_io, report_utilization" in parallel.
Running report generation with 3 threads.
INFO: [Vivado 12-24828] Executing command : report_control_sets -verbose -file continuousand_control_sets_placed.rpt
report_control_sets: Time (s): cpu = 00:00:00.02 ; elapsed = 00:00:00.04 . Memory (MB): peak = 2972.703 ; gain = 0.000 ; free physical = 184 ; free virtual = 14480
INFO: [Vivado 12-24828] Executing command : report_utilization -file continuousand_utilization_placed.rpt -pb continuousand_utilization_placed.pb
INFO: [Vivado 12-24828] Executing command : report_io -file continuousand_io_placed.rpt
report_io: Time (s): cpu = 00:00:00.11 ; elapsed = 00:00:00.11 . Memory (MB): peak = 2972.703 ; gain = 0.000 ; free physical = 180 ; free virtual = 14476
INFO: [Timing 38-480] Writing timing data to binary archive.
Write ShapeDB Complete: Time (s): cpu = 00:00:00 ; elapsed = 00:00:00 . Memory (MB): peak = 2972.703 ; gain = 0.000 ; free physical = 180 ; free virtual = 14475
Wrote PlaceDB: Time (s): cpu = 00:00:00 ; elapsed = 00:00:00 . Memory (MB): peak = 2972.703 ; gain = 0.000 ; free physical = 180 ; free virtual = 14475
Wrote PulsedLatchDB: Time (s): cpu = 00:00:00 ; elapsed = 00:00:00 . Memory (MB): peak = 2972.703 ; gain = 0.000 ; free physical = 180 ; free virtual = 14475
Writing XDEF routing.
Writing XDEF routing logical nets.
Writing XDEF routing special nets.
Wrote RouteStorage: Time (s): cpu = 00:00:00.02 ; elapsed = 00:00:00.01 . Memory (MB): peak = 2972.703 ; gain = 0.000 ; free physical = 179 ; free virtual = 14475
Wrote Netlist Cache: Time (s): cpu = 00:00:00 ; elapsed = 00:00:00 . Memory (MB): peak = 2972.703 ; gain = 0.000 ; free physical = 179 ; free virtual = 14475
Wrote Device Cache: Time (s): cpu = 00:00:00.01 ; elapsed = 00:00:00 . Memory (MB): peak = 2972.703 ; gain = 0.000 ; free physical = 179 ; free virtual = 14475
Write Physdb Complete: Time (s): cpu = 00:00:00.03 ; elapsed = 00:00:00.01 . Memory (MB): peak = 2972.703 ; gain = 0.000 ; free physical = 179 ; free virtual = 14475
INFO: [Common 17-1381] The checkpoint '/home/a02447865/Desktop/lab2/more_and_gates/more_and_gates.runs/impl_1/continuousand_placed.dcp' has been generated.
Command: phys_opt_design
Attempting to get a license for feature 'Implementation' and/or device 'xc7a35t'
INFO: [Common 17-349] Got license for feature 'Implementation' and/or device 'xc7a35t'

Starting Initial Update Timing Task

Time (s): cpu = 00:00:00 ; elapsed = 00:00:00 . Memory (MB): peak = 2972.703 ; gain = 0.000 ; free physical = 176 ; free virtual = 14472
INFO: [Vivado_Tcl 4-235] No timing constraint found. The netlist was not modified.
INFO: [Common 17-83] Releasing license: Implementation
53 Infos, 1 Warnings, 0 Critical Warnings and 0 Errors encountered.
phys_opt_design completed successfully
INFO: [Timing 38-480] Writing timing data to binary archive.
Write ShapeDB Complete: Time (s): cpu = 00:00:00 ; elapsed = 00:00:00 . Memory (MB): peak = 2972.703 ; gain = 0.000 ; free physical = 176 ; free virtual = 14472
Wrote PlaceDB: Time (s): cpu = 00:00:00 ; elapsed = 00:00:00 . Memory (MB): peak = 2972.703 ; gain = 0.000 ; free physical = 176 ; free virtual = 14472
Wrote PulsedLatchDB: Time (s): cpu = 00:00:00 ; elapsed = 00:00:00 . Memory (MB): peak = 2972.703 ; gain = 0.000 ; free physical = 176 ; free virtual = 14472
Writing XDEF routing.
Writing XDEF routing logical nets.
Writing XDEF routing special nets.
Wrote RouteStorage: Time (s): cpu = 00:00:00.02 ; elapsed = 00:00:00.01 . Memory (MB): peak = 2972.703 ; gain = 0.000 ; free physical = 175 ; free virtual = 14471
Wrote Netlist Cache: Time (s): cpu = 00:00:00 ; elapsed = 00:00:00 . Memory (MB): peak = 2972.703 ; gain = 0.000 ; free physical = 175 ; free virtual = 14471
Wrote Device Cache: Time (s): cpu = 00:00:00.01 ; elapsed = 00:00:00.01 . Memory (MB): peak = 2972.703 ; gain = 0.000 ; free physical = 175 ; free virtual = 14471
Write Physdb Complete: Time (s): cpu = 00:00:00.03 ; elapsed = 00:00:00.02 . Memory (MB): peak = 2972.703 ; gain = 0.000 ; free physical = 175 ; free virtual = 14471
INFO: [Common 17-1381] The checkpoint '/home/a02447865/Desktop/lab2/more_and_gates/more_and_gates.runs/impl_1/continuousand_physopt.dcp' has been generated.
Command: route_design
Attempting to get a license for feature 'Implementation' and/or device 'xc7a35t'
INFO: [Common 17-349] Got license for feature 'Implementation' and/or device 'xc7a35t'


Starting Routing Task
INFO: [Route 35-254] Multithreading enabled for route_design using a maximum of 8 CPUs

Phase 1 Build RT Design
Checksum: PlaceDB: 67e7f188 ConstDB: 0 ShapeSum: 6247ae58 RouteDB: a0815c57
Post Restoration Checksum: NetGraph: 77bedef | NumContArr: 209c9988 | Constraints: c2a8fa9d | Timing: c2a8fa9d
Phase 1 Build RT Design | Checksum: 1ad6a7cb1

Time (s): cpu = 00:00:14 ; elapsed = 00:00:12 . Memory (MB): peak = 3040.531 ; gain = 67.828 ; free physical = 193 ; free virtual = 14394

Phase 2 Router Initialization
INFO: [Route 35-64] No timing constraints were detected. The router will operate in resource-optimization mode.

Phase 2.1 Fix Topology Constraints
Phase 2.1 Fix Topology Constraints | Checksum: 1ad6a7cb1

Time (s): cpu = 00:00:14 ; elapsed = 00:00:12 . Memory (MB): peak = 3071.531 ; gain = 98.828 ; free physical = 205 ; free virtual = 14368

Phase 2.2 Pre Route Cleanup
Phase 2.2 Pre Route Cleanup | Checksum: 1ad6a7cb1

Time (s): cpu = 00:00:14 ; elapsed = 00:00:12 . Memory (MB): peak = 3071.531 ; gain = 98.828 ; free physical = 213 ; free virtual = 14368

Router Utilization Summary
  Global Vertical Routing Utilization    = 0 %
  Global Horizontal Routing Utilization  = 0 %
  Routable Net Status*
  *Does not include unroutable nets such as driverless and loadless.
  Run report_route_status for detailed report.
  Number of Failed Nets               = 3
    (Failed Nets is the sum of unrouted and partially routed nets)
  Number of Unrouted Nets             = 3
  Number of Partially Routed Nets     = 0
  Number of Node Overlaps             = 0

Phase 2 Router Initialization | Checksum: 1ad6a7cb1

Time (s): cpu = 00:00:14 ; elapsed = 00:00:13 . Memory (MB): peak = 3089.531 ; gain = 116.828 ; free physical = 196 ; free virtual = 14351

Phase 3 Global Routing
Phase 3 Global Routing | Checksum: 1ad6a7cb1

Time (s): cpu = 00:00:14 ; elapsed = 00:00:13 . Memory (MB): peak = 3089.531 ; gain = 116.828 ; free physical = 196 ; free virtual = 14351

Phase 4 Initial Routing

Phase 4.1 Initial Net Routing Pass
 Number of Nodes with overlaps = 0
Phase 4.1 Initial Net Routing Pass | Checksum: 236c80a1d

Time (s): cpu = 00:00:15 ; elapsed = 00:00:13 . Memory (MB): peak = 3089.531 ; gain = 116.828 ; free physical = 196 ; free virtual = 14351
Phase 4 Initial Routing | Checksum: 236c80a1d

Time (s): cpu = 00:00:15 ; elapsed = 00:00:13 . Memory (MB): peak = 3089.531 ; gain = 116.828 ; free physical = 196 ; free virtual = 14351

Phase 5 Rip-up And Reroute

Phase 5.1 Global Iteration 0
Phase 5.1 Global Iteration 0 | Checksum: 236c80a1d

Time (s): cpu = 00:00:15 ; elapsed = 00:00:13 . Memory (MB): peak = 3089.531 ; gain = 116.828 ; free physical = 196 ; free virtual = 14351
Phase 5 Rip-up And Reroute | Checksum: 236c80a1d

Time (s): cpu = 00:00:15 ; elapsed = 00:00:13 . Memory (MB): peak = 3089.531 ; gain = 116.828 ; free physical = 196 ; free virtual = 14351

Phase 6 Delay and Skew Optimization
Phase 6 Delay and Skew Optimization | Checksum: 236c80a1d

Time (s): cpu = 00:00:15 ; elapsed = 00:00:13 . Memory (MB): peak = 3089.531 ; gain = 116.828 ; free physical = 196 ; free virtual = 14351

Phase 7 Post Hold Fix

Phase 7.1 Hold Fix Iter
Phase 7.1 Hold Fix Iter | Checksum: 236c80a1d

Time (s): cpu = 00:00:15 ; elapsed = 00:00:13 . Memory (MB): peak = 3089.531 ; gain = 116.828 ; free physical = 196 ; free virtual = 14351
Phase 7 Post Hold Fix | Checksum: 236c80a1d

Time (s): cpu = 00:00:15 ; elapsed = 00:00:13 . Memory (MB): peak = 3089.531 ; gain = 116.828 ; free physical = 196 ; free virtual = 14351

Phase 8 Route finalize

Router Utilization Summary
  Global Vertical Routing Utilization    = 0.000717532 %
  Global Horizontal Routing Utilization  = 0.000780843 %
  Routable Net Status*
  *Does not include unroutable nets such as driverless and loadless.
  Run report_route_status for detailed report.
  Number of Failed Nets               = 0
    (Failed Nets is the sum of unrouted and partially routed nets)
  Number of Unrouted Nets             = 0
  Number of Partially Routed Nets     = 0
  Number of Node Overlaps             = 0


--GLOBAL Congestion:
Utilization threshold used for congestion level computation: 0.85
Congestion Report
North Dir 1x1 Area, Max Cong = 5.40541%, No Congested Regions.
South Dir 1x1 Area, Max Cong = 0%, No Congested Regions.
East Dir 1x1 Area, Max Cong = 2.94118%, No Congested Regions.
West Dir 1x1 Area, Max Cong = 2.94118%, No Congested Regions.

------------------------------
Reporting congestion hotspots
------------------------------
Direction: North
----------------
Congested clusters found at Level 0
Effective congestion level: 0 Aspect Ratio: 1 Sparse Ratio: 0
Direction: South
----------------
Congested clusters found at Level 0
Effective congestion level: 0 Aspect Ratio: 1 Sparse Ratio: 0
Direction: East
----------------
Congested clusters found at Level 0
Effective congestion level: 0 Aspect Ratio: 1 Sparse Ratio: 0
Direction: West
----------------
Congested clusters found at Level 0
Effective congestion level: 0 Aspect Ratio: 1 Sparse Ratio: 0

Phase 8 Route finalize | Checksum: 236c80a1d

Time (s): cpu = 00:00:15 ; elapsed = 00:00:13 . Memory (MB): peak = 3089.531 ; gain = 116.828 ; free physical = 196 ; free virtual = 14351

Phase 9 Verifying routed nets

 Verification completed successfully
Phase 9 Verifying routed nets | Checksum: 236c80a1d

Time (s): cpu = 00:00:15 ; elapsed = 00:00:13 . Memory (MB): peak = 3089.531 ; gain = 116.828 ; free physical = 195 ; free virtual = 14351

Phase 10 Depositing Routes
Phase 10 Depositing Routes | Checksum: 24cd37e92

Time (s): cpu = 00:00:15 ; elapsed = 00:00:13 . Memory (MB): peak = 3089.531 ; gain = 116.828 ; free physical = 195 ; free virtual = 14351

Phase 11 Post Process Routing
Phase 11 Post Process Routing | Checksum: 24cd37e92

Time (s): cpu = 00:00:15 ; elapsed = 00:00:13 . Memory (MB): peak = 3089.531 ; gain = 116.828 ; free physical = 195 ; free virtual = 14351
Total Elapsed time in route_design: 12.65 secs

Phase 12 Post-Route Event Processing
Phase 12 Post-Route Event Processing | Checksum: 1967a6fcf

Time (s): cpu = 00:00:15 ; elapsed = 00:00:13 . Memory (MB): peak = 3089.531 ; gain = 116.828 ; free physical = 195 ; free virtual = 14351
INFO: [Route 35-16] Router Completed Successfully
Ending Routing Task | Checksum: 1967a6fcf

Time (s): cpu = 00:00:15 ; elapsed = 00:00:13 . Memory (MB): peak = 3089.531 ; gain = 116.828 ; free physical = 195 ; free virtual = 14351

Routing Is Done.
INFO: [Common 17-83] Releasing license: Implementation
60 Infos, 1 Warnings, 0 Critical Warnings and 0 Errors encountered.
route_design completed successfully
route_design: Time (s): cpu = 00:00:15 ; elapsed = 00:00:13 . Memory (MB): peak = 3089.531 ; gain = 116.828 ; free physical = 195 ; free virtual = 14351
INFO: [Vivado 12-24828] Executing command : report_drc -file continuousand_drc_routed.rpt -pb continuousand_drc_routed.pb -rpx continuousand_drc_routed.rpx
Command: report_drc -file continuousand_drc_routed.rpt -pb continuousand_drc_routed.pb -rpx continuousand_drc_routed.rpx
INFO: [IP_Flow 19-1839] IP Catalog is up to date.
INFO: [DRC 23-27] Running DRC with 8 threads
INFO: [Vivado_Tcl 2-168] The results of DRC are in file /home/a02447865/Desktop/lab2/more_and_gates/more_and_gates.runs/impl_1/continuousand_drc_routed.rpt.
report_drc completed successfully
INFO: [Vivado 12-24828] Executing command : report_methodology -file continuousand_methodology_drc_routed.rpt -pb continuousand_methodology_drc_routed.pb -rpx continuousand_methodology_drc_routed.rpx
Command: report_methodology -file continuousand_methodology_drc_routed.rpt -pb continuousand_methodology_drc_routed.pb -rpx continuousand_methodology_drc_routed.rpx
INFO: [Timing 38-35] Done setting XDC timing constraints.
INFO: [DRC 23-133] Running Methodology with 8 threads
INFO: [Vivado_Tcl 2-1520] The results of Report Methodology are in file /home/a02447865/Desktop/lab2/more_and_gates/more_and_gates.runs/impl_1/continuousand_methodology_drc_routed.rpt.
report_methodology completed successfully
INFO: [Vivado 12-24828] Executing command : report_timing_summary -max_paths 10 -report_unconstrained -file continuousand_timing_summary_routed.rpt -pb continuousand_timing_summary_routed.pb -rpx continuousand_timing_summary_routed.rpx -warn_on_violation 
INFO: [Timing 38-35] Done setting XDC timing constraints.
INFO: [Timing 38-91] UpdateTimingParams: Speed grade: -1, Delay Type: min_max.
INFO: [Timing 38-191] Multithreading enabled for timing update using a maximum of 8 CPUs
WARNING: [Timing 38-313] There are no user specified timing constraints. Timing constraints are needed for proper timing analysis.
INFO: [Vivado 12-24838] Running report commands "report_bus_skew, report_incremental_reuse, report_route_status" in parallel.
Running report generation with 3 threads.
INFO: [Vivado 12-24828] Executing command : report_route_status -file continuousand_route_status.rpt -pb continuousand_route_status.pb
INFO: [Vivado 12-24828] Executing command : report_incremental_reuse -file continuousand_incremental_reuse_routed.rpt
INFO: [Vivado_Tcl 4-1062] Incremental flow is disabled. No incremental reuse Info to report.
INFO: [Vivado 12-24828] Executing command : report_bus_skew -warn_on_violation -file continuousand_bus_skew_routed.rpt -pb continuousand_bus_skew_routed.pb -rpx continuousand_bus_skew_routed.rpx
INFO: [Timing 38-91] UpdateTimingParams: Speed grade: -1, Delay Type: min_max.
INFO: [Timing 38-191] Multithreading enabled for timing update using a maximum of 8 CPUs
INFO: [Vivado 12-24828] Executing command : report_power -file continuousand_power_routed.rpt -pb continuousand_power_summary_routed.pb -rpx continuousand_power_routed.rpx
Command: report_power -file continuousand_power_routed.rpt -pb continuousand_power_summary_routed.pb -rpx continuousand_power_routed.rpx
WARNING: [Power 33-232] No user defined clocks were found in the design! Power estimation will be inaccurate until this is corrected.
Resolution: Please specify clocks using create_clock/create_generated_clock for sequential elements. For pure combinatorial circuits, please specify a virtual clock, otherwise the vectorless estimation might be inaccurate
Running Vector-less Activity Propagation...

Finished Running Vector-less Activity Propagation
80 Infos, 3 Warnings, 0 Critical Warnings and 0 Errors encountered.
report_power completed successfully
INFO: [Vivado 12-24828] Executing command : report_clock_utilization -file continuousand_clock_utilization_routed.rpt
INFO: [Timing 38-480] Writing timing data to binary archive.
Write ShapeDB Complete: Time (s): cpu = 00:00:00 ; elapsed = 00:00:00 . Memory (MB): peak = 3156.301 ; gain = 0.000 ; free physical = 170 ; free virtual = 14326
Wrote PlaceDB: Time (s): cpu = 00:00:00 ; elapsed = 00:00:00 . Memory (MB): peak = 3156.301 ; gain = 0.000 ; free physical = 170 ; free virtual = 14326
Wrote PulsedLatchDB: Time (s): cpu = 00:00:00 ; elapsed = 00:00:00 . Memory (MB): peak = 3156.301 ; gain = 0.000 ; free physical = 170 ; free virtual = 14326
Writing XDEF routing.
Writing XDEF routing logical nets.
Writing XDEF routing special nets.
Wrote RouteStorage: Time (s): cpu = 00:00:00.02 ; elapsed = 00:00:00.01 . Memory (MB): peak = 3156.301 ; gain = 0.000 ; free physical = 170 ; free virtual = 14326
Wrote Netlist Cache: Time (s): cpu = 00:00:00 ; elapsed = 00:00:00 . Memory (MB): peak = 3156.301 ; gain = 0.000 ; free physical = 170 ; free virtual = 14326
Wrote Device Cache: Time (s): cpu = 00:00:00.01 ; elapsed = 00:00:00 . Memory (MB): peak = 3156.301 ; gain = 0.000 ; free physical = 169 ; free virtual = 14326
Write Physdb Complete: Time (s): cpu = 00:00:00.03 ; elapsed = 00:00:00.01 . Memory (MB): peak = 3156.301 ; gain = 0.000 ; free physical = 169 ; free virtual = 14326
INFO: [Common 17-1381] The checkpoint '/home/a02447865/Desktop/lab2/more_and_gates/more_and_gates.runs/impl_1/continuousand_routed.dcp' has been generated.
INFO: [Common 17-206] Exiting Vivado at Wed Sep 16 14:52:15 2026...

*** Running vivado
    with args -log continuousand.vdi -applog -m64 -product Vivado -messageDb vivado.pb -mode batch -source continuousand.tcl -notrace


****** Vivado v2024.2.1 (64-bit)
  **** SW Build 5266912 on Sun Dec 15 09:03:31 MST 2024
  **** IP Build 5264866 on Sun Dec 15 16:27:47 MST 2024
  **** SharedData Build 5264680 on Wed Dec 11 12:48:36 MST 2024
  **** Start of session at: Wed Sep 16 14:53:38 2026
    ** Copyright 1986-2022 Xilinx, Inc. All Rights Reserved.
    ** Copyright 2022-2024 Advanced Micro Devices, Inc. All Rights Reserved.

source continuousand.tcl -notrace
Command: open_checkpoint continuousand_routed.dcp
INFO: [Device 21-403] Loading part xc7a35tcpg236-1
Netlist sorting complete. Time (s): cpu = 00:00:00 ; elapsed = 00:00:00 . Memory (MB): peak = 1875.020 ; gain = 0.000 ; free physical = 1390 ; free virtual = 15410
INFO: [Project 1-479] Netlist was created with Vivado 2024.2.1
INFO: [Project 1-570] Preparing netlist for logic optimization
Read ShapeDB Complete: Time (s): cpu = 00:00:00 ; elapsed = 00:00:00 . Memory (MB): peak = 1944.770 ; gain = 0.000 ; free physical = 1313 ; free virtual = 15333
INFO: [Timing 38-478] Restoring timing data from binary archive.
INFO: [Timing 38-479] Binary timing data restore complete.
INFO: [Project 1-856] Restoring constraints from binary archive.
INFO: [Project 1-853] Binary constraint restore complete.
INFO: [Designutils 20-5722] Start Reading Physical Databases.
Reading placement.
Read Netlist Cache: Time (s): cpu = 00:00:00 ; elapsed = 00:00:00 . Memory (MB): peak = 2482.348 ; gain = 0.000 ; free physical = 834 ; free virtual = 14854
Reading placer database...
Read Device Cache: Time (s): cpu = 00:00:00.01 ; elapsed = 00:00:00 . Memory (MB): peak = 2482.348 ; gain = 0.000 ; free physical = 834 ; free virtual = 14854
Read PlaceDB: Time (s): cpu = 00:00:00 ; elapsed = 00:00:00 . Memory (MB): peak = 2482.348 ; gain = 0.000 ; free physical = 834 ; free virtual = 14854
Read PulsedLatchDB: Time (s): cpu = 00:00:00 ; elapsed = 00:00:00 . Memory (MB): peak = 2482.348 ; gain = 0.000 ; free physical = 834 ; free virtual = 14854
Reading routing.
Read RouteStorage: Time (s): cpu = 00:00:00 ; elapsed = 00:00:00.01 . Memory (MB): peak = 2482.348 ; gain = 0.000 ; free physical = 834 ; free virtual = 14854
Read Physdb Files: Time (s): cpu = 00:00:00.01 ; elapsed = 00:00:00.02 . Memory (MB): peak = 2482.348 ; gain = 0.000 ; free physical = 834 ; free virtual = 14854
Restored from archive | CPU: 0.060000 secs | Memory: 1.083626 MB |
Finished XDEF File Restore: Time (s): cpu = 00:00:00.05 ; elapsed = 00:00:00.05 . Memory (MB): peak = 2482.348 ; gain = 17.844 ; free physical = 834 ; free virtual = 14854
Netlist sorting complete. Time (s): cpu = 00:00:00 ; elapsed = 00:00:00 . Memory (MB): peak = 2482.348 ; gain = 0.000 ; free physical = 834 ; free virtual = 14854
INFO: [Project 1-111] Unisim Transformation Summary:
No Unisim elements were transformed.

INFO: [Project 1-604] Checkpoint was created with Vivado v2024.2.1 (64-bit) build 5266912
open_checkpoint: Time (s): cpu = 00:00:15 ; elapsed = 00:00:15 . Memory (MB): peak = 2482.348 ; gain = 804.484 ; free physical = 834 ; free virtual = 14854
Command: write_bitstream -force continuousand.bit
Attempting to get a license for feature 'Implementation' and/or device 'xc7a35t'
INFO: [Common 17-349] Got license for feature 'Implementation' and/or device 'xc7a35t'
Running DRC as a precondition to command write_bitstream
INFO: [IP_Flow 19-234] Refreshing IP repositories
INFO: [IP_Flow 19-1704] No user IP repositories specified
INFO: [IP_Flow 19-2313] Loaded Vivado IP repository '/ece/vivado/Vivado/2024.2/data/ip'.
INFO: [DRC 23-27] Running DRC with 8 threads
INFO: [Vivado 12-3199] DRC finished with 0 Errors
INFO: [Vivado 12-3200] Please refer to the DRC report (report_drc) for more information.
INFO: [Designutils 20-2272] Running write_bitstream with 8 threads.
Loading data files...
Loading site data...
Loading route data...
Processing options...
Creating bitmap...
Creating bitstream...
Writing bitstream ./continuousand.bit...
INFO: [Vivado 12-1842] Bitgen Completed Successfully.
INFO: [Project 1-1876] WebTalk data collection is mandatory when using a ULT device. To see the specific WebTalk data collected for your design, open the usage_statistics_webtalk.html or usage_statistics_webtalk.xml file in the implementation directory.
INFO: [Common 17-83] Releasing license: Implementation
21 Infos, 0 Warnings, 0 Critical Warnings and 0 Errors encountered.
write_bitstream completed successfully
write_bitstream: Time (s): cpu = 00:00:07 ; elapsed = 00:00:16 . Memory (MB): peak = 2967.078 ; gain = 484.730 ; free physical = 419 ; free virtual = 14445
INFO: [Common 17-206] Exiting Vivado at Wed Sep 16 14:54:12 2026...
