#-----------------------------------------------------------
# Vivado v2024.2.1 (64-bit)
# SW Build 5266912 on Sun Dec 15 09:03:31 MST 2024
# IP Build 5264866 on Sun Dec 15 16:27:47 MST 2024
# SharedData Build 5264680 on Wed Dec 11 12:48:36 MST 2024
# Start of session at: Wed Sep 16 15:36:33 2026
# Process ID         : 1333663
# Current directory  : /home/a02447865/Desktop/lab2/more_and_gates/more_and_gates.runs/impl_1
# Command line       : vivado -log moreandgates.vdi -applog -product Vivado -messageDb vivado.pb -mode batch -source moreandgates.tcl -notrace
# Log file           : /home/a02447865/Desktop/lab2/more_and_gates/more_and_gates.runs/impl_1/moreandgates.vdi
# Journal file       : /home/a02447865/Desktop/lab2/more_and_gates/more_and_gates.runs/impl_1/vivado.jou
# Running On         : el120-02.ece.usu.edu
# Platform           : AlmaLinux
# Operating System   : AlmaLinux 9.7 (Moss Jungle Cat)
# Processor Detail   : Intel(R) Core(TM) i7-7700 CPU @ 3.60GHz
# CPU Frequency      : 4084.787 MHz
# CPU Physical cores : 4
# CPU Logical cores  : 8
# Host memory        : 16412 MB
# Swap memory        : 8409 MB
# Total Virtual      : 24822 MB
# Available Virtual  : 14113 MB
#-----------------------------------------------------------
source moreandgates.tcl -notrace
