
*** Running vivado
    with args -log moreandgates.vds -m64 -product Vivado -mode batch -messageDb vivado.pb -notrace -source moreandgates.tcl


****** Vivado v2024.2.1 (64-bit)
  **** SW Build 5266912 on Sun Dec 15 09:03:31 MST 2024
  **** IP Build 5264866 on Sun Dec 15 16:27:47 MST 2024
  **** SharedData Build 5264680 on Wed Dec 11 12:48:36 MST 2024
  **** Start of session at: Wed Sep 16 15:34:57 2026
    ** Copyright 1986-2022 Xilinx, Inc. All Rights Reserved.
    ** Copyright 2022-2024 Advanced Micro Devices, Inc. All Rights Reserved.

source moreandgates.tcl -notrace
create_project: Time (s): cpu = 00:00:06 ; elapsed = 00:00:06 . Memory (MB): peak = 1701.582 ; gain = 23.836 ; free physical = 470 ; free virtual = 14741
Command: read_checkpoint -auto_incremental -incremental /home/a02447865/Desktop/lab2/more_and_gates/more_and_gates.srcs/utils_1/imports/synth_1/continuousand.dcp
INFO: [Vivado 12-5825] Read reference checkpoint from /home/a02447865/Desktop/lab2/more_and_gates/more_and_gates.srcs/utils_1/imports/synth_1/continuousand.dcp for incremental synthesis
INFO: [Vivado 12-7989] Please ensure there are no constraint changes
Command: synth_design -top moreandgates -part xc7a35tcpg236-1
Starting synth_design
Attempting to get a license for feature 'Synthesis' and/or device 'xc7a35t'
INFO: [Common 17-349] Got license for feature 'Synthesis' and/or device 'xc7a35t'
INFO: [Device 21-403] Loading part xc7a35tcpg236-1
INFO: [Synth 8-7079] Multithreading enabled for synth_design using a maximum of 7 processes.
INFO: [Synth 8-7078] Launching helper process for spawning children vivado processes
INFO: [Synth 8-7075] Helper process launched with PID 1332412
---------------------------------------------------------------------------------
Starting RTL Elaboration : Time (s): cpu = 00:00:04 ; elapsed = 00:00:04 . Memory (MB): peak = 2303.578 ; gain = 426.801 ; free physical = 312 ; free virtual = 13993
---------------------------------------------------------------------------------
INFO: [Synth 8-6157] synthesizing module 'moreandgates' [/home/a02447865/Desktop/lab2/more_and_gates/more_and_gates.srcs/sources_1/new/moreandgates.v:22]
INFO: [Synth 8-6157] synthesizing module 'continuousand' [/home/a02447865/Desktop/lab2/more_and_gates/more_and_gates.srcs/sources_1/new/continuousand.v:23]
INFO: [Synth 8-6155] done synthesizing module 'continuousand' (0#1) [/home/a02447865/Desktop/lab2/more_and_gates/more_and_gates.srcs/sources_1/new/continuousand.v:23]
INFO: [Synth 8-6157] synthesizing module 'alwaysand' [/home/a02447865/Desktop/lab2/more_and_gates/more_and_gates.srcs/sources_1/new/alwaysand2.v:23]
INFO: [Synth 8-6155] done synthesizing module 'alwaysand' (0#1) [/home/a02447865/Desktop/lab2/more_and_gates/more_and_gates.srcs/sources_1/new/alwaysand2.v:23]
INFO: [Synth 8-6155] done synthesizing module 'moreandgates' (0#1) [/home/a02447865/Desktop/lab2/more_and_gates/more_and_gates.srcs/sources_1/new/moreandgates.v:22]
---------------------------------------------------------------------------------
Finished RTL Elaboration : Time (s): cpu = 00:00:05 ; elapsed = 00:00:05 . Memory (MB): peak = 2376.547 ; gain = 499.770 ; free physical = 225 ; free virtual = 13909
---------------------------------------------------------------------------------
---------------------------------------------------------------------------------
Start Handling Custom Attributes
---------------------------------------------------------------------------------
---------------------------------------------------------------------------------
Finished Handling Custom Attributes : Time (s): cpu = 00:00:05 ; elapsed = 00:00:05 . Memory (MB): peak = 2391.391 ; gain = 514.613 ; free physical = 213 ; free virtual = 13897
---------------------------------------------------------------------------------
---------------------------------------------------------------------------------
Finished RTL Optimization Phase 1 : Time (s): cpu = 00:00:05 ; elapsed = 00:00:05 . Memory (MB): peak = 2391.391 ; gain = 514.613 ; free physical = 213 ; free virtual = 13897
---------------------------------------------------------------------------------
Netlist sorting complete. Time (s): cpu = 00:00:00 ; elapsed = 00:00:00 . Memory (MB): peak = 2391.391 ; gain = 0.000 ; free physical = 212 ; free virtual = 13896
INFO: [Project 1-570] Preparing netlist for logic optimization

Processing XDC Constraints
Initializing timing engine
Parsing XDC File [/home/a02447865/Downloads/Basys3Master.xdc]
Finished Parsing XDC File [/home/a02447865/Downloads/Basys3Master.xdc]
INFO: [Project 1-236] Implementation specific constraints were found while reading constraint file [/home/a02447865/Downloads/Basys3Master.xdc]. These constraints will be ignored for synthesis but will be used in implementation. Impacted constraints are listed in the file [.Xil/moreandgates_propImpl.xdc].
Resolution: To avoid this warning, move constraints listed in [.Xil/moreandgates_propImpl.xdc] to another XDC file and exclude this new file from synthesis with the used_in_synthesis property (File Properties dialog in GUI) and re-run elaboration/synthesis.
Completed Processing XDC Constraints

Netlist sorting complete. Time (s): cpu = 00:00:00 ; elapsed = 00:00:00 . Memory (MB): peak = 2467.297 ; gain = 0.000 ; free physical = 195 ; free virtual = 13891
INFO: [Project 1-111] Unisim Transformation Summary:
No Unisim elements were transformed.

Constraint Validation Runtime : Time (s): cpu = 00:00:00 ; elapsed = 00:00:00 . Memory (MB): peak = 2467.297 ; gain = 0.000 ; free physical = 195 ; free virtual = 13891
---------------------------------------------------------------------------------
Finished Constraint Validation : Time (s): cpu = 00:00:10 ; elapsed = 00:00:10 . Memory (MB): peak = 2467.297 ; gain = 590.520 ; free physical = 195 ; free virtual = 13891
---------------------------------------------------------------------------------
---------------------------------------------------------------------------------
Start Loading Part and Timing Information
---------------------------------------------------------------------------------
Loading part: xc7a35tcpg236-1
---------------------------------------------------------------------------------
Finished Loading Part and Timing Information : Time (s): cpu = 00:00:10 ; elapsed = 00:00:10 . Memory (MB): peak = 2475.301 ; gain = 598.523 ; free physical = 195 ; free virtual = 13891
---------------------------------------------------------------------------------
---------------------------------------------------------------------------------
Start Applying 'set_property' XDC Constraints
---------------------------------------------------------------------------------
---------------------------------------------------------------------------------
Finished applying 'set_property' XDC Constraints : Time (s): cpu = 00:00:10 ; elapsed = 00:00:10 . Memory (MB): peak = 2475.301 ; gain = 598.523 ; free physical = 195 ; free virtual = 13891
---------------------------------------------------------------------------------
---------------------------------------------------------------------------------
Start Preparing Guide Design
---------------------------------------------------------------------------------
CRITICAL WARNING: [Synth 8-6895] The reference checkpoint /home/a02447865/Desktop/lab2/more_and_gates/more_and_gates.srcs/utils_1/imports/synth_1/continuousand.dcp is not suitable for use with incremental synthesis for this design. Please regenerate the checkpoint for this design with -incremental_synth switch in the same Vivado session that synth_design has been run. Synthesis will continue with the default flow
---------------------------------------------------------------------------------
Finished Doing Graph Differ : Time (s): cpu = 00:00:10 ; elapsed = 00:00:10 . Memory (MB): peak = 2475.301 ; gain = 598.523 ; free physical = 192 ; free virtual = 13890
---------------------------------------------------------------------------------
---------------------------------------------------------------------------------
Finished Preparing Guide Design : Time (s): cpu = 00:00:10 ; elapsed = 00:00:10 . Memory (MB): peak = 2475.301 ; gain = 598.523 ; free physical = 192 ; free virtual = 13890
---------------------------------------------------------------------------------
---------------------------------------------------------------------------------
Finished RTL Optimization Phase 2 : Time (s): cpu = 00:00:10 ; elapsed = 00:00:11 . Memory (MB): peak = 2475.301 ; gain = 598.523 ; free physical = 192 ; free virtual = 13890
---------------------------------------------------------------------------------


Incremental Synthesis Report Summary:

1. Incremental synthesis run: no

   Reason for not running incremental synthesis : 


INFO: [Synth 8-7130] Flow is switching to default flow due to incremental criteria not met. If you would like to alter this behaviour and have the flow terminate instead, please set the following parameter config_implementation {autoIncr.Synth.RejectBehavior Terminate}
---------------------------------------------------------------------------------
Start RTL Component Statistics 
---------------------------------------------------------------------------------
Detailed RTL Component Info : 
---------------------------------------------------------------------------------
Finished RTL Component Statistics 
---------------------------------------------------------------------------------
---------------------------------------------------------------------------------
Start Part Resource Summary
---------------------------------------------------------------------------------
Part Resources:
DSPs: 90 (col length:60)
BRAMs: 100 (col length: RAMB18 60 RAMB36 30)
---------------------------------------------------------------------------------
Finished Part Resource Summary
---------------------------------------------------------------------------------
---------------------------------------------------------------------------------
Start Cross Boundary and Area Optimization
---------------------------------------------------------------------------------
WARNING: [Synth 8-7080] Parallel synthesis criteria is not met
---------------------------------------------------------------------------------
Finished Cross Boundary and Area Optimization : Time (s): cpu = 00:00:11 ; elapsed = 00:00:12 . Memory (MB): peak = 2475.301 ; gain = 598.523 ; free physical = 188 ; free virtual = 13889
---------------------------------------------------------------------------------
---------------------------------------------------------------------------------
Start Applying XDC Timing Constraints
---------------------------------------------------------------------------------
---------------------------------------------------------------------------------
Finished Applying XDC Timing Constraints : Time (s): cpu = 00:00:17 ; elapsed = 00:00:17 . Memory (MB): peak = 2567.301 ; gain = 690.523 ; free physical = 211 ; free virtual = 13826
---------------------------------------------------------------------------------
---------------------------------------------------------------------------------
Start Timing Optimization
---------------------------------------------------------------------------------
---------------------------------------------------------------------------------
Finished Timing Optimization : Time (s): cpu = 00:00:17 ; elapsed = 00:00:17 . Memory (MB): peak = 2567.301 ; gain = 690.523 ; free physical = 211 ; free virtual = 13826
---------------------------------------------------------------------------------
---------------------------------------------------------------------------------
Start Technology Mapping
---------------------------------------------------------------------------------
---------------------------------------------------------------------------------
Finished Technology Mapping : Time (s): cpu = 00:00:17 ; elapsed = 00:00:17 . Memory (MB): peak = 2576.316 ; gain = 699.539 ; free physical = 201 ; free virtual = 13815
---------------------------------------------------------------------------------
---------------------------------------------------------------------------------
Start IO Insertion
---------------------------------------------------------------------------------
---------------------------------------------------------------------------------
Start Flattening Before IO Insertion
---------------------------------------------------------------------------------
---------------------------------------------------------------------------------
Finished Flattening Before IO Insertion
---------------------------------------------------------------------------------
---------------------------------------------------------------------------------
Start Final Netlist Cleanup
---------------------------------------------------------------------------------
---------------------------------------------------------------------------------
Finished Final Netlist Cleanup
---------------------------------------------------------------------------------
---------------------------------------------------------------------------------
Finished IO Insertion : Time (s): cpu = 00:00:20 ; elapsed = 00:00:20 . Memory (MB): peak = 2738.129 ; gain = 861.352 ; free physical = 179 ; free virtual = 13717
---------------------------------------------------------------------------------
---------------------------------------------------------------------------------
Start Renaming Generated Instances
---------------------------------------------------------------------------------
---------------------------------------------------------------------------------
Finished Renaming Generated Instances : Time (s): cpu = 00:00:20 ; elapsed = 00:00:20 . Memory (MB): peak = 2738.129 ; gain = 861.352 ; free physical = 179 ; free virtual = 13717
---------------------------------------------------------------------------------
---------------------------------------------------------------------------------
Start Rebuilding User Hierarchy
---------------------------------------------------------------------------------
---------------------------------------------------------------------------------
Finished Rebuilding User Hierarchy : Time (s): cpu = 00:00:20 ; elapsed = 00:00:20 . Memory (MB): peak = 2738.129 ; gain = 861.352 ; free physical = 179 ; free virtual = 13717
---------------------------------------------------------------------------------
---------------------------------------------------------------------------------
Start Renaming Generated Ports
---------------------------------------------------------------------------------
---------------------------------------------------------------------------------
Finished Renaming Generated Ports : Time (s): cpu = 00:00:20 ; elapsed = 00:00:20 . Memory (MB): peak = 2738.129 ; gain = 861.352 ; free physical = 179 ; free virtual = 13717
---------------------------------------------------------------------------------
---------------------------------------------------------------------------------
Start Handling Custom Attributes
---------------------------------------------------------------------------------
---------------------------------------------------------------------------------
Finished Handling Custom Attributes : Time (s): cpu = 00:00:20 ; elapsed = 00:00:20 . Memory (MB): peak = 2738.129 ; gain = 861.352 ; free physical = 179 ; free virtual = 13717
---------------------------------------------------------------------------------
---------------------------------------------------------------------------------
Start Renaming Generated Nets
---------------------------------------------------------------------------------
---------------------------------------------------------------------------------
Finished Renaming Generated Nets : Time (s): cpu = 00:00:20 ; elapsed = 00:00:20 . Memory (MB): peak = 2738.129 ; gain = 861.352 ; free physical = 179 ; free virtual = 13717
---------------------------------------------------------------------------------
---------------------------------------------------------------------------------
Start Writing Synthesis Report
---------------------------------------------------------------------------------

Report BlackBoxes: 
+-+--------------+----------+
| |BlackBox name |Instances |
+-+--------------+----------+
+-+--------------+----------+

Report Cell Usage: 
+------+-----+------+
|      |Cell |Count |
+------+-----+------+
|1     |LUT2 |     2|
|2     |IBUF |     4|
|3     |OBUF |     2|
+------+-----+------+
---------------------------------------------------------------------------------
Finished Writing Synthesis Report : Time (s): cpu = 00:00:20 ; elapsed = 00:00:20 . Memory (MB): peak = 2738.129 ; gain = 861.352 ; free physical = 179 ; free virtual = 13717
---------------------------------------------------------------------------------
Synthesis finished with 0 errors, 1 critical warnings and 1 warnings.
Synthesis Optimization Runtime : Time (s): cpu = 00:00:18 ; elapsed = 00:00:19 . Memory (MB): peak = 2738.129 ; gain = 785.445 ; free physical = 178 ; free virtual = 13716
Synthesis Optimization Complete : Time (s): cpu = 00:00:20 ; elapsed = 00:00:20 . Memory (MB): peak = 2738.137 ; gain = 861.352 ; free physical = 180 ; free virtual = 13718
INFO: [Project 1-571] Translating synthesized netlist
Netlist sorting complete. Time (s): cpu = 00:00:00 ; elapsed = 00:00:00 . Memory (MB): peak = 2738.137 ; gain = 0.000 ; free physical = 179 ; free virtual = 13717
INFO: [Project 1-570] Preparing netlist for logic optimization
INFO: [Opt 31-138] Pushed 0 inverter(s) to 0 load pin(s).
Netlist sorting complete. Time (s): cpu = 00:00:00 ; elapsed = 00:00:00 . Memory (MB): peak = 2738.137 ; gain = 0.000 ; free physical = 332 ; free virtual = 13871
INFO: [Project 1-111] Unisim Transformation Summary:
No Unisim elements were transformed.

Synth Design complete | Checksum: 4d35f3bd
INFO: [Common 17-83] Releasing license: Synthesis
22 Infos, 1 Warnings, 1 Critical Warnings and 0 Errors encountered.
synth_design completed successfully
synth_design: Time (s): cpu = 00:00:26 ; elapsed = 00:00:25 . Memory (MB): peak = 2738.137 ; gain = 1029.617 ; free physical = 332 ; free virtual = 13871
INFO: [Common 17-2834] synth_design peak Physical Memory [PSS] (MB): overall = 1941.592; main = 1719.402; forked = 274.930
INFO: [Common 17-2834] synth_design peak Virtual Memory [VSS] (MB): overall = 4278.191; main = 2738.133; forked = 1540.074
INFO: [runtcl-6] Synthesis results are not added to the cache due to CRITICAL_WARNING
Write ShapeDB Complete: Time (s): cpu = 00:00:00 ; elapsed = 00:00:00 . Memory (MB): peak = 2762.141 ; gain = 0.000 ; free physical = 333 ; free virtual = 13871
INFO: [Common 17-1381] The checkpoint '/home/a02447865/Desktop/lab2/more_and_gates/more_and_gates.runs/synth_1/moreandgates.dcp' has been generated.
INFO: [Vivado 12-24828] Executing command : report_utilization -file moreandgates_utilization_synth.rpt -pb moreandgates_utilization_synth.pb
INFO: [Common 17-206] Exiting Vivado at Wed Sep 16 15:35:32 2026...
