
*** Running vivado
    with args -log SevenSegmentTop.vdi -applog -m64 -product Vivado -messageDb vivado.pb -mode batch -source SevenSegmentTop.tcl -notrace


****** Vivado v2024.2.1 (64-bit)
  **** SW Build 5266912 on Sun Dec 15 09:03:31 MST 2024
  **** IP Build 5264866 on Sun Dec 15 16:27:47 MST 2024
  **** SharedData Build 5264680 on Wed Dec 11 12:48:36 MST 2024
  **** Start of session at: Tue Oct  6 10:56:09 2026
    ** Copyright 1986-2022 Xilinx, Inc. All Rights Reserved.
    ** Copyright 2022-2024 Advanced Micro Devices, Inc. All Rights Reserved.

source SevenSegmentTop.tcl -notrace
create_project: Time (s): cpu = 00:00:06 ; elapsed = 00:00:06 . Memory (MB): peak = 1701.441 ; gain = 53.836 ; free physical = 1626 ; free virtual = 12859
Command: link_design -top SevenSegmentTop -part xc7a35tcpg236-1
Design is defaulting to srcset: sources_1
Design is defaulting to constrset: constrs_1
INFO: [Device 21-403] Loading part xc7a35tcpg236-1
Netlist sorting complete. Time (s): cpu = 00:00:00 ; elapsed = 00:00:00 . Memory (MB): peak = 1877.637 ; gain = 0.000 ; free physical = 1419 ; free virtual = 12652
INFO: [Project 1-479] Netlist was created with Vivado 2024.2.1
INFO: [Project 1-570] Preparing netlist for logic optimization
Parsing XDC File [/home/a02447865/Downloads/Basys3Master.xdc]
Finished Parsing XDC File [/home/a02447865/Downloads/Basys3Master.xdc]
INFO: [Opt 31-138] Pushed 0 inverter(s) to 0 load pin(s).
Netlist sorting complete. Time (s): cpu = 00:00:00 ; elapsed = 00:00:00 . Memory (MB): peak = 2096.227 ; gain = 0.000 ; free physical = 1367 ; free virtual = 12600
INFO: [Project 1-111] Unisim Transformation Summary:
No Unisim elements were transformed.

5 Infos, 0 Warnings, 0 Critical Warnings and 0 Errors encountered.
link_design completed successfully
Command: opt_design
Attempting to get a license for feature 'Implementation' and/or device 'xc7a35t'
INFO: [Common 17-349] Got license for feature 'Implementation' and/or device 'xc7a35t'
Running DRC as a precondition to command opt_design

Starting DRC Task
INFO: [DRC 23-27] Running DRC with 8 threads
INFO: [Project 1-461] DRC finished with 0 Errors
INFO: [Project 1-462] Please refer to the DRC report (report_drc) for more information.

Time (s): cpu = 00:00:04 ; elapsed = 00:00:01 . Memory (MB): peak = 2226.992 ; gain = 126.797 ; free physical = 1261 ; free virtual = 12494

Starting Cache Timing Information Task
INFO: [Timing 38-35] Done setting XDC timing constraints.
Ending Cache Timing Information Task | Checksum: 10d2adfbd

Time (s): cpu = 00:00:06 ; elapsed = 00:00:06 . Memory (MB): peak = 2621.945 ; gain = 394.953 ; free physical = 930 ; free virtual = 12163

Starting Logic Optimization Task

Phase 1 Initialization

Phase 1.1 Core Generation And Design Setup
Phase 1.1 Core Generation And Design Setup | Checksum: 10d2adfbd

Time (s): cpu = 00:00:00 ; elapsed = 00:00:00 . Memory (MB): peak = 2959.836 ; gain = 0.000 ; free physical = 600 ; free virtual = 11833

Phase 1.2 Setup Constraints And Sort Netlist
Phase 1.2 Setup Constraints And Sort Netlist | Checksum: 10d2adfbd

Time (s): cpu = 00:00:00 ; elapsed = 00:00:00.01 . Memory (MB): peak = 2959.836 ; gain = 0.000 ; free physical = 600 ; free virtual = 11833
Phase 1 Initialization | Checksum: 10d2adfbd

Time (s): cpu = 00:00:00 ; elapsed = 00:00:00.01 . Memory (MB): peak = 2959.836 ; gain = 0.000 ; free physical = 600 ; free virtual = 11833

Phase 2 Timer Update And Timing Data Collection

Phase 2.1 Timer Update
Phase 2.1 Timer Update | Checksum: 10d2adfbd

Time (s): cpu = 00:00:00.01 ; elapsed = 00:00:00.01 . Memory (MB): peak = 2959.836 ; gain = 0.000 ; free physical = 600 ; free virtual = 11833

Phase 2.2 Timing Data Collection
Phase 2.2 Timing Data Collection | Checksum: 10d2adfbd

Time (s): cpu = 00:00:00.01 ; elapsed = 00:00:00.01 . Memory (MB): peak = 2959.836 ; gain = 0.000 ; free physical = 600 ; free virtual = 11833
Phase 2 Timer Update And Timing Data Collection | Checksum: 10d2adfbd

Time (s): cpu = 00:00:00.01 ; elapsed = 00:00:00.01 . Memory (MB): peak = 2959.836 ; gain = 0.000 ; free physical = 600 ; free virtual = 11833

Phase 3 Retarget
INFO: [Opt 31-1851] Number of loadless carry chains removed were: 0
INFO: [Opt 31-1834] Total Chains To Be Transformed Were: 0 AND Number of Transformed insts Created are: 0
INFO: [Opt 31-138] Pushed 0 inverter(s) to 0 load pin(s).
INFO: [Opt 31-49] Retargeted 0 cell(s).
Phase 3 Retarget | Checksum: 10d2adfbd

Time (s): cpu = 00:00:00.02 ; elapsed = 00:00:00.02 . Memory (MB): peak = 2959.836 ; gain = 0.000 ; free physical = 600 ; free virtual = 11833
Retarget | Checksum: 10d2adfbd
INFO: [Opt 31-389] Phase Retarget created 0 cells and removed 0 cells

Phase 4 Constant propagation
INFO: [Opt 31-138] Pushed 0 inverter(s) to 0 load pin(s).
Phase 4 Constant propagation | Checksum: 10d2adfbd

Time (s): cpu = 00:00:00.02 ; elapsed = 00:00:00.03 . Memory (MB): peak = 2959.836 ; gain = 0.000 ; free physical = 600 ; free virtual = 11833
Constant propagation | Checksum: 10d2adfbd
INFO: [Opt 31-389] Phase Constant propagation created 0 cells and removed 0 cells

Phase 5 Sweep
INFO: [Constraints 18-11670] Building netlist checker database with flags, 0x8
Done building netlist checker database: Time (s): cpu = 00:00:00 ; elapsed = 00:00:00 . Memory (MB): peak = 2959.836 ; gain = 0.000 ; free physical = 600 ; free virtual = 11833
Phase 5 Sweep | Checksum: 10d2adfbd

Time (s): cpu = 00:00:00.02 ; elapsed = 00:00:00.03 . Memory (MB): peak = 2959.836 ; gain = 0.000 ; free physical = 600 ; free virtual = 11833
Sweep | Checksum: 10d2adfbd
INFO: [Opt 31-389] Phase Sweep created 0 cells and removed 0 cells

Phase 6 BUFG optimization
Phase 6 BUFG optimization | Checksum: 10d2adfbd

Time (s): cpu = 00:00:00.02 ; elapsed = 00:00:00.03 . Memory (MB): peak = 2991.852 ; gain = 32.016 ; free physical = 600 ; free virtual = 11832
BUFG optimization | Checksum: 10d2adfbd
INFO: [Opt 31-662] Phase BUFG optimization created 0 cells of which 0 are BUFGs and removed 0 cells.

Phase 7 Shift Register Optimization
INFO: [Opt 31-1064] SRL Remap converted 0 SRLs to 0 registers and converted 0 registers of register chains to 0 SRLs
Phase 7 Shift Register Optimization | Checksum: 10d2adfbd

Time (s): cpu = 00:00:00.03 ; elapsed = 00:00:00.03 . Memory (MB): peak = 2991.852 ; gain = 32.016 ; free physical = 600 ; free virtual = 11832
Shift Register Optimization | Checksum: 10d2adfbd
INFO: [Opt 31-389] Phase Shift Register Optimization created 0 cells and removed 0 cells

Phase 8 Post Processing Netlist
Phase 8 Post Processing Netlist | Checksum: 10d2adfbd

Time (s): cpu = 00:00:00.03 ; elapsed = 00:00:00.04 . Memory (MB): peak = 2991.852 ; gain = 32.016 ; free physical = 600 ; free virtual = 11832
Post Processing Netlist | Checksum: 10d2adfbd
INFO: [Opt 31-389] Phase Post Processing Netlist created 0 cells and removed 0 cells

Phase 9 Finalization

Phase 9.1 Finalizing Design Cores and Updating Shapes
Phase 9.1 Finalizing Design Cores and Updating Shapes | Checksum: 10d2adfbd

Time (s): cpu = 00:00:00.03 ; elapsed = 00:00:00.04 . Memory (MB): peak = 2991.852 ; gain = 32.016 ; free physical = 600 ; free virtual = 11832

Phase 9.2 Verifying Netlist Connectivity

Starting Connectivity Check Task

Time (s): cpu = 00:00:00 ; elapsed = 00:00:00 . Memory (MB): peak = 2991.852 ; gain = 0.000 ; free physical = 600 ; free virtual = 11832
Phase 9.2 Verifying Netlist Connectivity | Checksum: 10d2adfbd

Time (s): cpu = 00:00:00.03 ; elapsed = 00:00:00.04 . Memory (MB): peak = 2991.852 ; gain = 32.016 ; free physical = 600 ; free virtual = 11832
Phase 9 Finalization | Checksum: 10d2adfbd

Time (s): cpu = 00:00:00.03 ; elapsed = 00:00:00.04 . Memory (MB): peak = 2991.852 ; gain = 32.016 ; free physical = 600 ; free virtual = 11832
Opt_design Change Summary
=========================


-------------------------------------------------------------------------------------------------------------------------
|  Phase                        |  #Cells created  |  #Cells Removed  |  #Constrained objects preventing optimizations  |
-------------------------------------------------------------------------------------------------------------------------
|  Retarget                     |               0  |               0  |                                              0  |
|  Constant propagation         |               0  |               0  |                                              0  |
|  Sweep                        |               0  |               0  |                                              0  |
|  BUFG optimization            |               0  |               0  |                                              0  |
|  Shift Register Optimization  |               0  |               0  |                                              0  |
|  Post Processing Netlist      |               0  |               0  |                                              0  |
-------------------------------------------------------------------------------------------------------------------------


Ending Logic Optimization Task | Checksum: 10d2adfbd

Time (s): cpu = 00:00:00.03 ; elapsed = 00:00:00.04 . Memory (MB): peak = 2991.852 ; gain = 32.016 ; free physical = 600 ; free virtual = 11832

Starting Power Optimization Task
INFO: [Pwropt 34-132] Skipping clock gating for clocks with a period < 2.00 ns.
Ending Power Optimization Task | Checksum: 10d2adfbd

Time (s): cpu = 00:00:00.01 ; elapsed = 00:00:00.01 . Memory (MB): peak = 2991.852 ; gain = 0.000 ; free physical = 600 ; free virtual = 11832

Starting Final Cleanup Task
Ending Final Cleanup Task | Checksum: 10d2adfbd

Time (s): cpu = 00:00:00 ; elapsed = 00:00:00 . Memory (MB): peak = 2991.852 ; gain = 0.000 ; free physical = 600 ; free virtual = 11832

Starting Netlist Obfuscation Task
Netlist sorting complete. Time (s): cpu = 00:00:00 ; elapsed = 00:00:00 . Memory (MB): peak = 2991.852 ; gain = 0.000 ; free physical = 600 ; free virtual = 11832
Ending Netlist Obfuscation Task | Checksum: 10d2adfbd

Time (s): cpu = 00:00:00 ; elapsed = 00:00:00 . Memory (MB): peak = 2991.852 ; gain = 0.000 ; free physical = 600 ; free virtual = 11832
INFO: [Common 17-83] Releasing license: Implementation
25 Infos, 0 Warnings, 0 Critical Warnings and 0 Errors encountered.
opt_design completed successfully
opt_design: Time (s): cpu = 00:00:13 ; elapsed = 00:00:10 . Memory (MB): peak = 2991.852 ; gain = 891.656 ; free physical = 600 ; free virtual = 11832
INFO: [Vivado 12-24828] Executing command : report_drc -file SevenSegmentTop_drc_opted.rpt -pb SevenSegmentTop_drc_opted.pb -rpx SevenSegmentTop_drc_opted.rpx
Command: report_drc -file SevenSegmentTop_drc_opted.rpt -pb SevenSegmentTop_drc_opted.pb -rpx SevenSegmentTop_drc_opted.rpx
INFO: [IP_Flow 19-234] Refreshing IP repositories
INFO: [IP_Flow 19-1704] No user IP repositories specified
INFO: [IP_Flow 19-2313] Loaded Vivado IP repository '/ece/vivado/Vivado/2024.2/data/ip'.
INFO: [DRC 23-27] Running DRC with 8 threads
INFO: [Vivado_Tcl 2-168] The results of DRC are in file /home/a02447865/Desktop/Lab4/ECE2700Labs/SevenSegment/SevenSegment.runs/impl_1/SevenSegmentTop_drc_opted.rpt.
report_drc completed successfully
INFO: [Timing 38-480] Writing timing data to binary archive.
Write ShapeDB Complete: Time (s): cpu = 00:00:00 ; elapsed = 00:00:00.01 . Memory (MB): peak = 3042.828 ; gain = 0.000 ; free physical = 537 ; free virtual = 11770
Wrote PlaceDB: Time (s): cpu = 00:00:00 ; elapsed = 00:00:00 . Memory (MB): peak = 3042.828 ; gain = 0.000 ; free physical = 537 ; free virtual = 11770
Wrote PulsedLatchDB: Time (s): cpu = 00:00:00 ; elapsed = 00:00:00 . Memory (MB): peak = 3042.828 ; gain = 0.000 ; free physical = 537 ; free virtual = 11770
Writing XDEF routing.
Writing XDEF routing logical nets.
Writing XDEF routing special nets.
Wrote RouteStorage: Time (s): cpu = 00:00:00.01 ; elapsed = 00:00:00.01 . Memory (MB): peak = 3042.828 ; gain = 0.000 ; free physical = 536 ; free virtual = 11769
Wrote Netlist Cache: Time (s): cpu = 00:00:00 ; elapsed = 00:00:00 . Memory (MB): peak = 3042.828 ; gain = 0.000 ; free physical = 536 ; free virtual = 11769
Wrote Device Cache: Time (s): cpu = 00:00:00.01 ; elapsed = 00:00:00 . Memory (MB): peak = 3042.828 ; gain = 0.000 ; free physical = 536 ; free virtual = 11770
Write Physdb Complete: Time (s): cpu = 00:00:00.03 ; elapsed = 00:00:00.02 . Memory (MB): peak = 3042.828 ; gain = 0.000 ; free physical = 536 ; free virtual = 11770
INFO: [Common 17-1381] The checkpoint '/home/a02447865/Desktop/Lab4/ECE2700Labs/SevenSegment/SevenSegment.runs/impl_1/SevenSegmentTop_opt.dcp' has been generated.
Command: place_design
Attempting to get a license for feature 'Implementation' and/or device 'xc7a35t'
INFO: [Common 17-349] Got license for feature 'Implementation' and/or device 'xc7a35t'
INFO: [Common 17-83] Releasing license: Implementation
INFO: [DRC 23-27] Running DRC with 8 threads
INFO: [Vivado_Tcl 4-198] DRC finished with 0 Errors
INFO: [Vivado_Tcl 4-199] Please refer to the DRC report (report_drc) for more information.
Running DRC as a precondition to command place_design
INFO: [DRC 23-27] Running DRC with 8 threads
INFO: [Vivado_Tcl 4-198] DRC finished with 0 Errors
INFO: [Vivado_Tcl 4-199] Please refer to the DRC report (report_drc) for more information.
INFO: [Place 30-611] Multithreading enabled for place_design using a maximum of 8 CPUs

Starting Placer Task

Phase 1 Placer Initialization

Phase 1.1 Placer Initialization Netlist Sorting
Netlist sorting complete. Time (s): cpu = 00:00:00 ; elapsed = 00:00:00 . Memory (MB): peak = 3062.297 ; gain = 0.000 ; free physical = 491 ; free virtual = 11724
Phase 1.1 Placer Initialization Netlist Sorting | Checksum: ff47de03

Time (s): cpu = 00:00:00 ; elapsed = 00:00:00 . Memory (MB): peak = 3062.297 ; gain = 0.000 ; free physical = 491 ; free virtual = 11724
Netlist sorting complete. Time (s): cpu = 00:00:00 ; elapsed = 00:00:00 . Memory (MB): peak = 3062.297 ; gain = 0.000 ; free physical = 491 ; free virtual = 11724

Phase 1.2 IO Placement/ Clock Placement/ Build Placer Device
INFO: [Timing 38-35] Done setting XDC timing constraints.
Phase 1.2 IO Placement/ Clock Placement/ Build Placer Device | Checksum: ff47de03

Time (s): cpu = 00:00:00.18 ; elapsed = 00:00:00.07 . Memory (MB): peak = 3062.297 ; gain = 0.000 ; free physical = 488 ; free virtual = 11721

Phase 1.3 Build Placer Netlist Model
Phase 1.3 Build Placer Netlist Model | Checksum: 1e11956fd

Time (s): cpu = 00:00:00.32 ; elapsed = 00:00:00.1 . Memory (MB): peak = 3062.297 ; gain = 0.000 ; free physical = 489 ; free virtual = 11722

Phase 1.4 Constrain Clocks/Macros
Phase 1.4 Constrain Clocks/Macros | Checksum: 1e11956fd

Time (s): cpu = 00:00:00.32 ; elapsed = 00:00:00.1 . Memory (MB): peak = 3062.297 ; gain = 0.000 ; free physical = 489 ; free virtual = 11722
Phase 1 Placer Initialization | Checksum: 1e11956fd

Time (s): cpu = 00:00:00.33 ; elapsed = 00:00:00.1 . Memory (MB): peak = 3062.297 ; gain = 0.000 ; free physical = 489 ; free virtual = 11722

Phase 2 Global Placement

Phase 2.1 Floorplanning
Phase 2.1 Floorplanning | Checksum: 1e11956fd

Time (s): cpu = 00:00:00.33 ; elapsed = 00:00:00.11 . Memory (MB): peak = 3062.297 ; gain = 0.000 ; free physical = 489 ; free virtual = 11722

Phase 2.2 Update Timing before SLR Path Opt
Phase 2.2 Update Timing before SLR Path Opt | Checksum: 1e11956fd

Time (s): cpu = 00:00:00.33 ; elapsed = 00:00:00.11 . Memory (MB): peak = 3062.297 ; gain = 0.000 ; free physical = 489 ; free virtual = 11722

Phase 2.3 Post-Processing in Floorplanning
Phase 2.3 Post-Processing in Floorplanning | Checksum: 1e11956fd

Time (s): cpu = 00:00:00.33 ; elapsed = 00:00:00.11 . Memory (MB): peak = 3062.297 ; gain = 0.000 ; free physical = 489 ; free virtual = 11722

Phase 2.4 Global Place Phase1
Phase 2.4 Global Place Phase1 | Checksum: 1640b2ef1

Time (s): cpu = 00:00:01 ; elapsed = 00:00:00.29 . Memory (MB): peak = 3086.309 ; gain = 24.012 ; free physical = 488 ; free virtual = 11721

Phase 2.5 Global Place Phase2
WARNING: [Place 46-29] Timing had been disabled during Placer and, therefore, physical synthesis in Placer will be skipped.
Phase 2.5 Global Place Phase2 | Checksum: 15be03162

Time (s): cpu = 00:00:02 ; elapsed = 00:00:00.37 . Memory (MB): peak = 3086.309 ; gain = 24.012 ; free physical = 487 ; free virtual = 11720
Phase 2 Global Placement | Checksum: 15be03162

Time (s): cpu = 00:00:02 ; elapsed = 00:00:00.37 . Memory (MB): peak = 3086.309 ; gain = 24.012 ; free physical = 487 ; free virtual = 11720

Phase 3 Detail Placement

Phase 3.1 Commit Multi Column Macros
Phase 3.1 Commit Multi Column Macros | Checksum: 15be03162

Time (s): cpu = 00:00:02 ; elapsed = 00:00:00.39 . Memory (MB): peak = 3086.309 ; gain = 24.012 ; free physical = 487 ; free virtual = 11720

Phase 3.2 Commit Most Macros & LUTRAMs
Phase 3.2 Commit Most Macros & LUTRAMs | Checksum: 1e926ea87

Time (s): cpu = 00:00:02 ; elapsed = 00:00:00.4 . Memory (MB): peak = 3086.309 ; gain = 24.012 ; free physical = 487 ; free virtual = 11720

Phase 3.3 Area Swap Optimization
Phase 3.3 Area Swap Optimization | Checksum: 1a4d7a821

Time (s): cpu = 00:00:02 ; elapsed = 00:00:00.4 . Memory (MB): peak = 3086.309 ; gain = 24.012 ; free physical = 487 ; free virtual = 11720

Phase 3.4 Pipeline Register Optimization
Phase 3.4 Pipeline Register Optimization | Checksum: 1a4d7a821

Time (s): cpu = 00:00:02 ; elapsed = 00:00:00.4 . Memory (MB): peak = 3086.309 ; gain = 24.012 ; free physical = 487 ; free virtual = 11720

Phase 3.5 Small Shape Detail Placement
Phase 3.5 Small Shape Detail Placement | Checksum: 1e0b2cea0

Time (s): cpu = 00:00:02 ; elapsed = 00:00:00.46 . Memory (MB): peak = 3086.309 ; gain = 24.012 ; free physical = 486 ; free virtual = 11719

Phase 3.6 Re-assign LUT pins
Phase 3.6 Re-assign LUT pins | Checksum: 1e0b2cea0

Time (s): cpu = 00:00:02 ; elapsed = 00:00:00.46 . Memory (MB): peak = 3086.309 ; gain = 24.012 ; free physical = 486 ; free virtual = 11719

Phase 3.7 Pipeline Register Optimization
Phase 3.7 Pipeline Register Optimization | Checksum: 1e0b2cea0

Time (s): cpu = 00:00:02 ; elapsed = 00:00:00.46 . Memory (MB): peak = 3086.309 ; gain = 24.012 ; free physical = 486 ; free virtual = 11719
Phase 3 Detail Placement | Checksum: 1e0b2cea0

Time (s): cpu = 00:00:02 ; elapsed = 00:00:00.46 . Memory (MB): peak = 3086.309 ; gain = 24.012 ; free physical = 486 ; free virtual = 11719

Phase 4 Post Placement Optimization and Clean-Up

Phase 4.1 Post Commit Optimization
Phase 4.1 Post Commit Optimization | Checksum: 1e0b2cea0

Time (s): cpu = 00:00:02 ; elapsed = 00:00:00.5 . Memory (MB): peak = 3086.309 ; gain = 24.012 ; free physical = 485 ; free virtual = 11719

Phase 4.2 Post Placement Cleanup
Phase 4.2 Post Placement Cleanup | Checksum: 1e0b2cea0

Time (s): cpu = 00:00:02 ; elapsed = 00:00:00.5 . Memory (MB): peak = 3086.309 ; gain = 24.012 ; free physical = 485 ; free virtual = 11719

Phase 4.3 Placer Reporting

Phase 4.3.1 Print Estimated Congestion
INFO: [Place 30-612] Post-Placement Estimated Congestion 
 ____________________________________________________
|           | Global Congestion | Short Congestion  |
| Direction | Region Size       | Region Size       |
|___________|___________________|___________________|
|      North|                1x1|                1x1|
|___________|___________________|___________________|
|      South|                1x1|                1x1|
|___________|___________________|___________________|
|       East|                1x1|                1x1|
|___________|___________________|___________________|
|       West|                1x1|                1x1|
|___________|___________________|___________________|

Phase 4.3.1 Print Estimated Congestion | Checksum: 1e0b2cea0

Time (s): cpu = 00:00:02 ; elapsed = 00:00:00.5 . Memory (MB): peak = 3086.309 ; gain = 24.012 ; free physical = 485 ; free virtual = 11719
Phase 4.3 Placer Reporting | Checksum: 1e0b2cea0

Time (s): cpu = 00:00:02 ; elapsed = 00:00:00.51 . Memory (MB): peak = 3086.309 ; gain = 24.012 ; free physical = 485 ; free virtual = 11719

Phase 4.4 Final Placement Cleanup
Netlist sorting complete. Time (s): cpu = 00:00:00 ; elapsed = 00:00:00 . Memory (MB): peak = 3086.309 ; gain = 0.000 ; free physical = 485 ; free virtual = 11719

Time (s): cpu = 00:00:02 ; elapsed = 00:00:00.51 . Memory (MB): peak = 3086.309 ; gain = 24.012 ; free physical = 485 ; free virtual = 11719
Phase 4 Post Placement Optimization and Clean-Up | Checksum: 1e0b2cea0

Time (s): cpu = 00:00:02 ; elapsed = 00:00:00.51 . Memory (MB): peak = 3086.309 ; gain = 24.012 ; free physical = 485 ; free virtual = 11719
Ending Placer Task | Checksum: 12d95d5a8

Time (s): cpu = 00:00:02 ; elapsed = 00:00:00.51 . Memory (MB): peak = 3086.309 ; gain = 24.012 ; free physical = 485 ; free virtual = 11719
44 Infos, 1 Warnings, 0 Critical Warnings and 0 Errors encountered.
place_design completed successfully
INFO: [Vivado 12-24838] Running report commands "report_control_sets, report_io, report_utilization" in parallel.
Running report generation with 3 threads.
INFO: [Vivado 12-24828] Executing command : report_utilization -file SevenSegmentTop_utilization_placed.rpt -pb SevenSegmentTop_utilization_placed.pb
INFO: [Vivado 12-24828] Executing command : report_control_sets -verbose -file SevenSegmentTop_control_sets_placed.rpt
report_control_sets: Time (s): cpu = 00:00:00.04 ; elapsed = 00:00:00.06 . Memory (MB): peak = 3086.309 ; gain = 0.000 ; free physical = 484 ; free virtual = 11717
INFO: [Vivado 12-24828] Executing command : report_io -file SevenSegmentTop_io_placed.rpt
report_io: Time (s): cpu = 00:00:00.13 ; elapsed = 00:00:00.1 . Memory (MB): peak = 3086.309 ; gain = 0.000 ; free physical = 485 ; free virtual = 11718
INFO: [Timing 38-480] Writing timing data to binary archive.
Write ShapeDB Complete: Time (s): cpu = 00:00:00 ; elapsed = 00:00:00 . Memory (MB): peak = 3086.309 ; gain = 0.000 ; free physical = 485 ; free virtual = 11718
Wrote PlaceDB: Time (s): cpu = 00:00:00 ; elapsed = 00:00:00 . Memory (MB): peak = 3086.309 ; gain = 0.000 ; free physical = 485 ; free virtual = 11718
Wrote PulsedLatchDB: Time (s): cpu = 00:00:00 ; elapsed = 00:00:00 . Memory (MB): peak = 3086.309 ; gain = 0.000 ; free physical = 485 ; free virtual = 11718
Writing XDEF routing.
Writing XDEF routing logical nets.
Writing XDEF routing special nets.
Wrote RouteStorage: Time (s): cpu = 00:00:00.03 ; elapsed = 00:00:00.02 . Memory (MB): peak = 3086.309 ; gain = 0.000 ; free physical = 484 ; free virtual = 11718
Wrote Netlist Cache: Time (s): cpu = 00:00:00 ; elapsed = 00:00:00 . Memory (MB): peak = 3086.309 ; gain = 0.000 ; free physical = 484 ; free virtual = 11718
Wrote Device Cache: Time (s): cpu = 00:00:00.01 ; elapsed = 00:00:00 . Memory (MB): peak = 3086.309 ; gain = 0.000 ; free physical = 484 ; free virtual = 11718
Write Physdb Complete: Time (s): cpu = 00:00:00.05 ; elapsed = 00:00:00.03 . Memory (MB): peak = 3086.309 ; gain = 0.000 ; free physical = 484 ; free virtual = 11718
INFO: [Common 17-1381] The checkpoint '/home/a02447865/Desktop/Lab4/ECE2700Labs/SevenSegment/SevenSegment.runs/impl_1/SevenSegmentTop_placed.dcp' has been generated.
Command: phys_opt_design
Attempting to get a license for feature 'Implementation' and/or device 'xc7a35t'
INFO: [Common 17-349] Got license for feature 'Implementation' and/or device 'xc7a35t'

Starting Initial Update Timing Task

Time (s): cpu = 00:00:00 ; elapsed = 00:00:00.01 . Memory (MB): peak = 3086.309 ; gain = 0.000 ; free physical = 485 ; free virtual = 11718
INFO: [Vivado_Tcl 4-235] No timing constraint found. The netlist was not modified.
INFO: [Common 17-83] Releasing license: Implementation
53 Infos, 1 Warnings, 0 Critical Warnings and 0 Errors encountered.
phys_opt_design completed successfully
INFO: [Timing 38-480] Writing timing data to binary archive.
Write ShapeDB Complete: Time (s): cpu = 00:00:00 ; elapsed = 00:00:00 . Memory (MB): peak = 3086.309 ; gain = 0.000 ; free physical = 485 ; free virtual = 11718
Wrote PlaceDB: Time (s): cpu = 00:00:00 ; elapsed = 00:00:00.01 . Memory (MB): peak = 3086.309 ; gain = 0.000 ; free physical = 485 ; free virtual = 11718
Wrote PulsedLatchDB: Time (s): cpu = 00:00:00 ; elapsed = 00:00:00 . Memory (MB): peak = 3086.309 ; gain = 0.000 ; free physical = 485 ; free virtual = 11718
Writing XDEF routing.
Writing XDEF routing logical nets.
Writing XDEF routing special nets.
Wrote RouteStorage: Time (s): cpu = 00:00:00.02 ; elapsed = 00:00:00.01 . Memory (MB): peak = 3086.309 ; gain = 0.000 ; free physical = 484 ; free virtual = 11717
Wrote Netlist Cache: Time (s): cpu = 00:00:00 ; elapsed = 00:00:00 . Memory (MB): peak = 3086.309 ; gain = 0.000 ; free physical = 484 ; free virtual = 11717
Wrote Device Cache: Time (s): cpu = 00:00:00.01 ; elapsed = 00:00:00 . Memory (MB): peak = 3086.309 ; gain = 0.000 ; free physical = 483 ; free virtual = 11717
Write Physdb Complete: Time (s): cpu = 00:00:00.03 ; elapsed = 00:00:00.02 . Memory (MB): peak = 3086.309 ; gain = 0.000 ; free physical = 483 ; free virtual = 11717
INFO: [Common 17-1381] The checkpoint '/home/a02447865/Desktop/Lab4/ECE2700Labs/SevenSegment/SevenSegment.runs/impl_1/SevenSegmentTop_physopt.dcp' has been generated.
Command: route_design
Attempting to get a license for feature 'Implementation' and/or device 'xc7a35t'
INFO: [Common 17-349] Got license for feature 'Implementation' and/or device 'xc7a35t'


Starting Routing Task
INFO: [Route 35-254] Multithreading enabled for route_design using a maximum of 8 CPUs

Phase 1 Build RT Design
Checksum: PlaceDB: 2f48e87a ConstDB: 0 ShapeSum: 5dcb90d7 RouteDB: a0815c57
Post Restoration Checksum: NetGraph: 1fe5b772 | NumContArr: a061c4a8 | Constraints: c2a8fa9d | Timing: c2a8fa9d
Phase 1 Build RT Design | Checksum: 245997154

Time (s): cpu = 00:00:16 ; elapsed = 00:00:14 . Memory (MB): peak = 3131.262 ; gain = 44.953 ; free physical = 395 ; free virtual = 11629

Phase 2 Router Initialization
INFO: [Route 35-64] No timing constraints were detected. The router will operate in resource-optimization mode.

Phase 2.1 Fix Topology Constraints
Phase 2.1 Fix Topology Constraints | Checksum: 245997154

Time (s): cpu = 00:00:16 ; elapsed = 00:00:14 . Memory (MB): peak = 3161.262 ; gain = 74.953 ; free physical = 364 ; free virtual = 11599

Phase 2.2 Pre Route Cleanup
Phase 2.2 Pre Route Cleanup | Checksum: 245997154

Time (s): cpu = 00:00:16 ; elapsed = 00:00:14 . Memory (MB): peak = 3161.262 ; gain = 74.953 ; free physical = 364 ; free virtual = 11599
 Number of Nodes with overlaps = 0

Router Utilization Summary
  Global Vertical Routing Utilization    = 0 %
  Global Horizontal Routing Utilization  = 0 %
  Routable Net Status*
  *Does not include unroutable nets such as driverless and loadless.
  Run report_route_status for detailed report.
  Number of Failed Nets               = 19
    (Failed Nets is the sum of unrouted and partially routed nets)
  Number of Unrouted Nets             = 19
  Number of Partially Routed Nets     = 0
  Number of Node Overlaps             = 0

Phase 2 Router Initialization | Checksum: 246449fb7

Time (s): cpu = 00:00:16 ; elapsed = 00:00:14 . Memory (MB): peak = 3179.262 ; gain = 92.953 ; free physical = 348 ; free virtual = 11583

Phase 3 Global Routing
Phase 3 Global Routing | Checksum: 246449fb7

Time (s): cpu = 00:00:16 ; elapsed = 00:00:14 . Memory (MB): peak = 3179.262 ; gain = 92.953 ; free physical = 348 ; free virtual = 11583

Phase 4 Initial Routing

Phase 4.1 Initial Net Routing Pass
Phase 4.1 Initial Net Routing Pass | Checksum: 1cfe2aade

Time (s): cpu = 00:00:16 ; elapsed = 00:00:14 . Memory (MB): peak = 3179.262 ; gain = 92.953 ; free physical = 348 ; free virtual = 11583
Phase 4 Initial Routing | Checksum: 1cfe2aade

Time (s): cpu = 00:00:16 ; elapsed = 00:00:14 . Memory (MB): peak = 3179.262 ; gain = 92.953 ; free physical = 348 ; free virtual = 11583

Phase 5 Rip-up And Reroute

Phase 5.1 Global Iteration 0
 Number of Nodes with overlaps = 0
Phase 5.1 Global Iteration 0 | Checksum: 27948e16c

Time (s): cpu = 00:00:16 ; elapsed = 00:00:14 . Memory (MB): peak = 3179.262 ; gain = 92.953 ; free physical = 348 ; free virtual = 11583
Phase 5 Rip-up And Reroute | Checksum: 27948e16c

Time (s): cpu = 00:00:16 ; elapsed = 00:00:14 . Memory (MB): peak = 3179.262 ; gain = 92.953 ; free physical = 348 ; free virtual = 11583

Phase 6 Delay and Skew Optimization
Phase 6 Delay and Skew Optimization | Checksum: 27948e16c

Time (s): cpu = 00:00:16 ; elapsed = 00:00:14 . Memory (MB): peak = 3179.262 ; gain = 92.953 ; free physical = 348 ; free virtual = 11583

Phase 7 Post Hold Fix

Phase 7.1 Hold Fix Iter
Phase 7.1 Hold Fix Iter | Checksum: 27948e16c

Time (s): cpu = 00:00:16 ; elapsed = 00:00:14 . Memory (MB): peak = 3179.262 ; gain = 92.953 ; free physical = 348 ; free virtual = 11583
Phase 7 Post Hold Fix | Checksum: 27948e16c

Time (s): cpu = 00:00:16 ; elapsed = 00:00:14 . Memory (MB): peak = 3179.262 ; gain = 92.953 ; free physical = 348 ; free virtual = 11583

Phase 8 Route finalize

Router Utilization Summary
  Global Vertical Routing Utilization    = 0.0114008 %
  Global Horizontal Routing Utilization  = 0.0413847 %
  Routable Net Status*
  *Does not include unroutable nets such as driverless and loadless.
  Run report_route_status for detailed report.
  Number of Failed Nets               = 0
    (Failed Nets is the sum of unrouted and partially routed nets)
  Number of Unrouted Nets             = 0
  Number of Partially Routed Nets     = 0
  Number of Node Overlaps             = 0


--GLOBAL Congestion:
Utilization threshold used for congestion level computation: 0.85
Congestion Report
North Dir 1x1 Area, Max Cong = 0.900901%, No Congested Regions.
South Dir 1x1 Area, Max Cong = 18.018%, No Congested Regions.
East Dir 1x1 Area, Max Cong = 11.7647%, No Congested Regions.
West Dir 1x1 Area, Max Cong = 1.47059%, No Congested Regions.

------------------------------
Reporting congestion hotspots
------------------------------
Direction: North
----------------
Congested clusters found at Level 0
Effective congestion level: 0 Aspect Ratio: 1 Sparse Ratio: 0
Direction: South
----------------
Congested clusters found at Level 0
Effective congestion level: 0 Aspect Ratio: 1 Sparse Ratio: 0
Direction: East
----------------
Congested clusters found at Level 0
Effective congestion level: 0 Aspect Ratio: 1 Sparse Ratio: 0
Direction: West
----------------
Congested clusters found at Level 0
Effective congestion level: 0 Aspect Ratio: 1 Sparse Ratio: 0

Phase 8 Route finalize | Checksum: 27948e16c

Time (s): cpu = 00:00:16 ; elapsed = 00:00:14 . Memory (MB): peak = 3179.262 ; gain = 92.953 ; free physical = 348 ; free virtual = 11583

Phase 9 Verifying routed nets

 Verification completed successfully
Phase 9 Verifying routed nets | Checksum: 27948e16c

Time (s): cpu = 00:00:16 ; elapsed = 00:00:14 . Memory (MB): peak = 3179.262 ; gain = 92.953 ; free physical = 347 ; free virtual = 11583

Phase 10 Depositing Routes
Phase 10 Depositing Routes | Checksum: 26540db72

Time (s): cpu = 00:00:16 ; elapsed = 00:00:14 . Memory (MB): peak = 3179.262 ; gain = 92.953 ; free physical = 347 ; free virtual = 11583

Phase 11 Post Process Routing
Phase 11 Post Process Routing | Checksum: 26540db72

Time (s): cpu = 00:00:16 ; elapsed = 00:00:14 . Memory (MB): peak = 3179.262 ; gain = 92.953 ; free physical = 347 ; free virtual = 11583
Total Elapsed time in route_design: 14.06 secs

Phase 12 Post-Route Event Processing
Phase 12 Post-Route Event Processing | Checksum: 12f37e8fe

Time (s): cpu = 00:00:16 ; elapsed = 00:00:14 . Memory (MB): peak = 3179.262 ; gain = 92.953 ; free physical = 347 ; free virtual = 11583
INFO: [Route 35-16] Router Completed Successfully
Ending Routing Task | Checksum: 12f37e8fe

Time (s): cpu = 00:00:16 ; elapsed = 00:00:14 . Memory (MB): peak = 3179.262 ; gain = 92.953 ; free physical = 347 ; free virtual = 11583

Routing Is Done.
INFO: [Common 17-83] Releasing license: Implementation
60 Infos, 1 Warnings, 0 Critical Warnings and 0 Errors encountered.
route_design completed successfully
route_design: Time (s): cpu = 00:00:16 ; elapsed = 00:00:14 . Memory (MB): peak = 3179.262 ; gain = 92.953 ; free physical = 347 ; free virtual = 11583
INFO: [Vivado 12-24828] Executing command : report_drc -file SevenSegmentTop_drc_routed.rpt -pb SevenSegmentTop_drc_routed.pb -rpx SevenSegmentTop_drc_routed.rpx
Command: report_drc -file SevenSegmentTop_drc_routed.rpt -pb SevenSegmentTop_drc_routed.pb -rpx SevenSegmentTop_drc_routed.rpx
INFO: [IP_Flow 19-1839] IP Catalog is up to date.
INFO: [DRC 23-27] Running DRC with 8 threads
INFO: [Vivado_Tcl 2-168] The results of DRC are in file /home/a02447865/Desktop/Lab4/ECE2700Labs/SevenSegment/SevenSegment.runs/impl_1/SevenSegmentTop_drc_routed.rpt.
report_drc completed successfully
INFO: [Vivado 12-24828] Executing command : report_methodology -file SevenSegmentTop_methodology_drc_routed.rpt -pb SevenSegmentTop_methodology_drc_routed.pb -rpx SevenSegmentTop_methodology_drc_routed.rpx
Command: report_methodology -file SevenSegmentTop_methodology_drc_routed.rpt -pb SevenSegmentTop_methodology_drc_routed.pb -rpx SevenSegmentTop_methodology_drc_routed.rpx
INFO: [Timing 38-35] Done setting XDC timing constraints.
INFO: [DRC 23-133] Running Methodology with 8 threads
INFO: [Vivado_Tcl 2-1520] The results of Report Methodology are in file /home/a02447865/Desktop/Lab4/ECE2700Labs/SevenSegment/SevenSegment.runs/impl_1/SevenSegmentTop_methodology_drc_routed.rpt.
report_methodology completed successfully
INFO: [Vivado 12-24828] Executing command : report_timing_summary -max_paths 10 -report_unconstrained -file SevenSegmentTop_timing_summary_routed.rpt -pb SevenSegmentTop_timing_summary_routed.pb -rpx SevenSegmentTop_timing_summary_routed.rpx -warn_on_violation 
INFO: [Timing 38-35] Done setting XDC timing constraints.
INFO: [Timing 38-91] UpdateTimingParams: Speed grade: -1, Delay Type: min_max.
INFO: [Timing 38-191] Multithreading enabled for timing update using a maximum of 8 CPUs
WARNING: [Timing 38-313] There are no user specified timing constraints. Timing constraints are needed for proper timing analysis.
INFO: [Vivado 12-24838] Running report commands "report_bus_skew, report_incremental_reuse, report_route_status" in parallel.
Running report generation with 3 threads.
INFO: [Vivado 12-24828] Executing command : report_route_status -file SevenSegmentTop_route_status.rpt -pb SevenSegmentTop_route_status.pb
INFO: [Vivado 12-24828] Executing command : report_incremental_reuse -file SevenSegmentTop_incremental_reuse_routed.rpt
INFO: [Vivado_Tcl 4-1062] Incremental flow is disabled. No incremental reuse Info to report.
INFO: [Vivado 12-24828] Executing command : report_bus_skew -warn_on_violation -file SevenSegmentTop_bus_skew_routed.rpt -pb SevenSegmentTop_bus_skew_routed.pb -rpx SevenSegmentTop_bus_skew_routed.rpx
INFO: [Timing 38-91] UpdateTimingParams: Speed grade: -1, Delay Type: min_max.
INFO: [Timing 38-191] Multithreading enabled for timing update using a maximum of 8 CPUs
INFO: [Vivado 12-24828] Executing command : report_power -file SevenSegmentTop_power_routed.rpt -pb SevenSegmentTop_power_summary_routed.pb -rpx SevenSegmentTop_power_routed.rpx
Command: report_power -file SevenSegmentTop_power_routed.rpt -pb SevenSegmentTop_power_summary_routed.pb -rpx SevenSegmentTop_power_routed.rpx
WARNING: [Power 33-232] No user defined clocks were found in the design! Power estimation will be inaccurate until this is corrected.
Resolution: Please specify clocks using create_clock/create_generated_clock for sequential elements. For pure combinatorial circuits, please specify a virtual clock, otherwise the vectorless estimation might be inaccurate
Running Vector-less Activity Propagation...

Finished Running Vector-less Activity Propagation
80 Infos, 3 Warnings, 0 Critical Warnings and 0 Errors encountered.
report_power completed successfully
INFO: [Vivado 12-24828] Executing command : report_clock_utilization -file SevenSegmentTop_clock_utilization_routed.rpt
INFO: [Timing 38-480] Writing timing data to binary archive.
Write ShapeDB Complete: Time (s): cpu = 00:00:00.01 ; elapsed = 00:00:00.01 . Memory (MB): peak = 3326.824 ; gain = 0.000 ; free physical = 261 ; free virtual = 11497
Wrote PlaceDB: Time (s): cpu = 00:00:00.01 ; elapsed = 00:00:00.01 . Memory (MB): peak = 3326.824 ; gain = 0.000 ; free physical = 261 ; free virtual = 11497
Wrote PulsedLatchDB: Time (s): cpu = 00:00:00 ; elapsed = 00:00:00 . Memory (MB): peak = 3326.824 ; gain = 0.000 ; free physical = 261 ; free virtual = 11497
Writing XDEF routing.
Writing XDEF routing logical nets.
Writing XDEF routing special nets.
Wrote RouteStorage: Time (s): cpu = 00:00:00.03 ; elapsed = 00:00:00.01 . Memory (MB): peak = 3326.824 ; gain = 0.000 ; free physical = 260 ; free virtual = 11497
Wrote Netlist Cache: Time (s): cpu = 00:00:00 ; elapsed = 00:00:00 . Memory (MB): peak = 3326.824 ; gain = 0.000 ; free physical = 260 ; free virtual = 11497
Wrote Device Cache: Time (s): cpu = 00:00:00 ; elapsed = 00:00:00.01 . Memory (MB): peak = 3326.824 ; gain = 0.000 ; free physical = 260 ; free virtual = 11497
Write Physdb Complete: Time (s): cpu = 00:00:00.05 ; elapsed = 00:00:00.03 . Memory (MB): peak = 3326.824 ; gain = 0.000 ; free physical = 260 ; free virtual = 11497
INFO: [Common 17-1381] The checkpoint '/home/a02447865/Desktop/Lab4/ECE2700Labs/SevenSegment/SevenSegment.runs/impl_1/SevenSegmentTop_routed.dcp' has been generated.
INFO: [Common 17-206] Exiting Vivado at Tue Oct  6 10:56:54 2026...

*** Running vivado
    with args -log SevenSegmentTop.vdi -applog -m64 -product Vivado -messageDb vivado.pb -mode batch -source SevenSegmentTop.tcl -notrace


****** Vivado v2024.2.1 (64-bit)
  **** SW Build 5266912 on Sun Dec 15 09:03:31 MST 2024
  **** IP Build 5264866 on Sun Dec 15 16:27:47 MST 2024
  **** SharedData Build 5264680 on Wed Dec 11 12:48:36 MST 2024
  **** Start of session at: Tue Oct  6 10:57:03 2026
    ** Copyright 1986-2022 Xilinx, Inc. All Rights Reserved.
    ** Copyright 2022-2024 Advanced Micro Devices, Inc. All Rights Reserved.

source SevenSegmentTop.tcl -notrace
Command: open_checkpoint SevenSegmentTop_routed.dcp
INFO: [Device 21-403] Loading part xc7a35tcpg236-1
Netlist sorting complete. Time (s): cpu = 00:00:00 ; elapsed = 00:00:00 . Memory (MB): peak = 1878.391 ; gain = 0.000 ; free physical = 1552 ; free virtual = 12738
INFO: [Project 1-479] Netlist was created with Vivado 2024.2.1
INFO: [Project 1-570] Preparing netlist for logic optimization
Read ShapeDB Complete: Time (s): cpu = 00:00:00 ; elapsed = 00:00:00 . Memory (MB): peak = 1945.172 ; gain = 0.000 ; free physical = 1471 ; free virtual = 12658
INFO: [Timing 38-478] Restoring timing data from binary archive.
INFO: [Timing 38-479] Binary timing data restore complete.
INFO: [Project 1-856] Restoring constraints from binary archive.
INFO: [Project 1-853] Binary constraint restore complete.
INFO: [Designutils 20-5722] Start Reading Physical Databases.
Reading placement.
Read Netlist Cache: Time (s): cpu = 00:00:00 ; elapsed = 00:00:00 . Memory (MB): peak = 2525.359 ; gain = 0.000 ; free physical = 964 ; free virtual = 12150
Reading placer database...
Read Device Cache: Time (s): cpu = 00:00:00.01 ; elapsed = 00:00:00.01 . Memory (MB): peak = 2525.359 ; gain = 0.000 ; free physical = 964 ; free virtual = 12150
Read PlaceDB: Time (s): cpu = 00:00:00 ; elapsed = 00:00:00 . Memory (MB): peak = 2525.359 ; gain = 0.000 ; free physical = 964 ; free virtual = 12150
Read PulsedLatchDB: Time (s): cpu = 00:00:00 ; elapsed = 00:00:00 . Memory (MB): peak = 2525.359 ; gain = 0.000 ; free physical = 964 ; free virtual = 12150
Reading routing.
Read RouteStorage: Time (s): cpu = 00:00:00.01 ; elapsed = 00:00:00 . Memory (MB): peak = 2525.359 ; gain = 0.000 ; free physical = 964 ; free virtual = 12150
Read Physdb Files: Time (s): cpu = 00:00:00.02 ; elapsed = 00:00:00.01 . Memory (MB): peak = 2525.359 ; gain = 0.000 ; free physical = 964 ; free virtual = 12150
Restored from archive | CPU: 0.060000 secs | Memory: 1.112045 MB |
Finished XDEF File Restore: Time (s): cpu = 00:00:00.06 ; elapsed = 00:00:00.06 . Memory (MB): peak = 2525.359 ; gain = 18.812 ; free physical = 964 ; free virtual = 12150
Netlist sorting complete. Time (s): cpu = 00:00:00 ; elapsed = 00:00:00 . Memory (MB): peak = 2525.359 ; gain = 0.000 ; free physical = 964 ; free virtual = 12150
INFO: [Project 1-111] Unisim Transformation Summary:
No Unisim elements were transformed.

INFO: [Project 1-604] Checkpoint was created with Vivado v2024.2.1 (64-bit) build 5266912
open_checkpoint: Time (s): cpu = 00:00:16 ; elapsed = 00:00:16 . Memory (MB): peak = 2525.359 ; gain = 905.094 ; free physical = 964 ; free virtual = 12150
Command: write_bitstream -force SevenSegmentTop.bit
Attempting to get a license for feature 'Implementation' and/or device 'xc7a35t'
INFO: [Common 17-349] Got license for feature 'Implementation' and/or device 'xc7a35t'
Running DRC as a precondition to command write_bitstream
INFO: [IP_Flow 19-234] Refreshing IP repositories
INFO: [IP_Flow 19-1704] No user IP repositories specified
INFO: [IP_Flow 19-2313] Loaded Vivado IP repository '/ece/vivado/Vivado/2024.2/data/ip'.
INFO: [DRC 23-27] Running DRC with 8 threads
INFO: [Vivado 12-3199] DRC finished with 0 Errors
INFO: [Vivado 12-3200] Please refer to the DRC report (report_drc) for more information.
INFO: [Designutils 20-2272] Running write_bitstream with 8 threads.
Loading data files...
Loading site data...
Loading route data...
Processing options...
Creating bitmap...
Creating bitstream...
Writing bitstream ./SevenSegmentTop.bit...
INFO: [Vivado 12-1842] Bitgen Completed Successfully.
INFO: [Project 1-1876] WebTalk data collection is mandatory when using a ULT device. To see the specific WebTalk data collected for your design, open the usage_statistics_webtalk.html or usage_statistics_webtalk.xml file in the implementation directory.
INFO: [Common 17-83] Releasing license: Implementation
21 Infos, 0 Warnings, 0 Critical Warnings and 0 Errors encountered.
write_bitstream completed successfully
write_bitstream: Time (s): cpu = 00:00:14 ; elapsed = 00:00:18 . Memory (MB): peak = 3043.777 ; gain = 518.418 ; free physical = 532 ; free virtual = 11721
INFO: [Common 17-206] Exiting Vivado at Tue Oct  6 10:57:41 2026...
