Copyright 1986-2022 Xilinx, Inc. All Rights Reserved. Copyright 2022-2024 Advanced Micro Devices, Inc. All Rights Reserved.
------------------------------------------------------------------------------------------------------------------------------------------------------------------------------------------------------------------------------------------
| Tool Version : Vivado v.2024.2.1 (lin64) Build 5266912 Sun Dec 15 09:03:31 MST 2024
| Date         : Tue Oct  6 10:56:53 2026
| Host         : el120-04.ece.usu.edu running 64-bit AlmaLinux 9.6 (Sage Margay)
| Command      : report_timing_summary -max_paths 10 -report_unconstrained -file SevenSegmentTop_timing_summary_routed.rpt -pb SevenSegmentTop_timing_summary_routed.pb -rpx SevenSegmentTop_timing_summary_routed.rpx -warn_on_violation
| Design       : SevenSegmentTop
| Device       : 7a35t-cpg236
| Speed File   : -1  PRODUCTION 1.23 2018-06-13
| Design State : Routed
------------------------------------------------------------------------------------------------------------------------------------------------------------------------------------------------------------------------------------------

Timing Summary Report

------------------------------------------------------------------------------------------------
| Timer Settings
| --------------
------------------------------------------------------------------------------------------------

  Enable Multi Corner Analysis               :  Yes
  Enable Pessimism Removal                   :  Yes
  Pessimism Removal Resolution               :  Nearest Common Node
  Enable Input Delay Default Clock           :  No
  Enable Preset / Clear Arcs                 :  No
  Disable Flight Delays                      :  No
  Ignore I/O Paths                           :  No
  Timing Early Launch at Borrowing Latches   :  No
  Borrow Time for Max Delay Exceptions       :  Yes
  Merge Timing Exceptions                    :  Yes
  Inter-SLR Compensation                     :  Conservative

  Corner  Analyze    Analyze    
  Name    Max Paths  Min Paths  
  ------  ---------  ---------  
  Slow    Yes        Yes        
  Fast    Yes        Yes        


------------------------------------------------------------------------------------------------
| Report Methodology
| ------------------
------------------------------------------------------------------------------------------------

No report available as report_methodology has not been run prior. Run report_methodology on the current design for the summary of methodology violations.



check_timing report

Table of Contents
-----------------
1. checking no_clock (0)
2. checking constant_clock (0)
3. checking pulse_width_clock (0)
4. checking unconstrained_internal_endpoints (0)
5. checking no_input_delay (0)
6. checking no_output_delay (0)
7. checking multiple_clock (0)
8. checking generated_clocks (0)
9. checking loops (0)
10. checking partial_input_delay (0)
11. checking partial_output_delay (0)
12. checking latch_loops (0)

1. checking no_clock (0)
------------------------
 There are 0 register/latch pins with no clock.


2. checking constant_clock (0)
------------------------------
 There are 0 register/latch pins with constant_clock.


3. checking pulse_width_clock (0)
---------------------------------
 There are 0 register/latch pins which need pulse_width check


4. checking unconstrained_internal_endpoints (0)
------------------------------------------------
 There are 0 pins that are not constrained for maximum delay.

 There are 0 pins that are not constrained for maximum delay due to constant clock.


5. checking no_input_delay (0)
------------------------------
 There are 0 input ports with no input delay specified.

 There are 0 input ports with no input delay but user has a false path constraint.


6. checking no_output_delay (0)
-------------------------------
 There are 0 ports with no output delay specified.

 There are 0 ports with no output delay but user has a false path constraint

 There are 0 ports with no output delay but with a timing clock defined on it or propagating through it


7. checking multiple_clock (0)
------------------------------
 There are 0 register/latch pins with multiple clocks.


8. checking generated_clocks (0)
--------------------------------
 There are 0 generated clocks that are not connected to a clock source.


9. checking loops (0)
---------------------
 There are 0 combinational loops in the design.


10. checking partial_input_delay (0)
------------------------------------
 There are 0 input ports with partial input delay specified.


11. checking partial_output_delay (0)
-------------------------------------
 There are 0 ports with partial output delay specified.


12. checking latch_loops (0)
----------------------------
 There are 0 combinational latch loops in the design through latch input



------------------------------------------------------------------------------------------------
| Design Timing Summary
| ---------------------
------------------------------------------------------------------------------------------------

    WNS(ns)      TNS(ns)  TNS Failing Endpoints  TNS Total Endpoints      WHS(ns)      THS(ns)  THS Failing Endpoints  THS Total Endpoints     WPWS(ns)     TPWS(ns)  TPWS Failing Endpoints  TPWS Total Endpoints  
    -------      -------  ---------------------  -------------------      -------      -------  ---------------------  -------------------     --------     --------  ----------------------  --------------------  
        inf        0.000                      0                   11          inf        0.000                      0                   11           NA           NA                      NA                    NA  


There are no user specified timing constraints.


------------------------------------------------------------------------------------------------
| Clock Summary
| -------------
------------------------------------------------------------------------------------------------


------------------------------------------------------------------------------------------------
| Intra Clock Table
| -----------------
------------------------------------------------------------------------------------------------

Clock             WNS(ns)      TNS(ns)  TNS Failing Endpoints  TNS Total Endpoints      WHS(ns)      THS(ns)  THS Failing Endpoints  THS Total Endpoints     WPWS(ns)     TPWS(ns)  TPWS Failing Endpoints  TPWS Total Endpoints  
-----             -------      -------  ---------------------  -------------------      -------      -------  ---------------------  -------------------     --------     --------  ----------------------  --------------------  


------------------------------------------------------------------------------------------------
| Inter Clock Table
| -----------------
------------------------------------------------------------------------------------------------

From Clock    To Clock          WNS(ns)      TNS(ns)  TNS Failing Endpoints  TNS Total Endpoints      WHS(ns)      THS(ns)  THS Failing Endpoints  THS Total Endpoints  
----------    --------          -------      -------  ---------------------  -------------------      -------      -------  ---------------------  -------------------  


------------------------------------------------------------------------------------------------
| Other Path Groups Table
| -----------------------
------------------------------------------------------------------------------------------------

Path Group    From Clock    To Clock          WNS(ns)      TNS(ns)  TNS Failing Endpoints  TNS Total Endpoints      WHS(ns)      THS(ns)  THS Failing Endpoints  THS Total Endpoints  
----------    ----------    --------          -------      -------  ---------------------  -------------------      -------      -------  ---------------------  -------------------  


------------------------------------------------------------------------------------------------
| User Ignored Path Table
| -----------------------
------------------------------------------------------------------------------------------------

Path Group    From Clock    To Clock    
----------    ----------    --------    


------------------------------------------------------------------------------------------------
| Unconstrained Path Table
| ------------------------
------------------------------------------------------------------------------------------------

Path Group    From Clock    To Clock    
----------    ----------    --------    
(none)                                    


------------------------------------------------------------------------------------------------
| Timing Details
| --------------
------------------------------------------------------------------------------------------------


--------------------------------------------------------------------------------------
Path Group:  (none)
From Clock:  
  To Clock:  

Max Delay            11 Endpoints
Min Delay            11 Endpoints
--------------------------------------------------------------------------------------


Max Delay Paths
--------------------------------------------------------------------------------------
Slack:                    inf
  Source:                 sw[1]
                            (input port)
  Destination:            seg[3]
                            (output port)
  Path Group:             (none)
  Path Type:              Max at Slow Process Corner
  Data Path Delay:        10.861ns  (logic 5.357ns (49.321%)  route 5.504ns (50.679%))
  Logic Levels:           3  (IBUF=1 LUT4=1 OBUF=1)

    Location             Delay type                Incr(ns)  Path(ns)    Netlist Resource(s)
  -------------------------------------------------------------------    -------------------
    V16                                               0.000     0.000 r  sw[1] (IN)
                         net (fo=0)                   0.000     0.000    sw[1]
    V16                  IBUF (Prop_ibuf_I_O)         1.461     1.461 r  sw_IBUF[1]_inst/O
                         net (fo=7, routed)           3.647     5.108    sw_IBUF[1]
    SLICE_X65Y16         LUT4 (Prop_lut4_I1_O)        0.152     5.260 r  seg_OBUF[3]_inst_i_1/O
                         net (fo=1, routed)           1.857     7.118    seg_OBUF[3]
    V8                   OBUF (Prop_obuf_I_O)         3.744    10.861 r  seg_OBUF[3]_inst/O
                         net (fo=0)                   0.000    10.861    seg[3]
    V8                                                                r  seg[3] (OUT)
  -------------------------------------------------------------------    -------------------

Slack:                    inf
  Source:                 sw[2]
                            (input port)
  Destination:            seg[0]
                            (output port)
  Path Group:             (none)
  Path Type:              Max at Slow Process Corner
  Data Path Delay:        10.775ns  (logic 5.326ns (49.432%)  route 5.449ns (50.568%))
  Logic Levels:           3  (IBUF=1 LUT4=1 OBUF=1)

    Location             Delay type                Incr(ns)  Path(ns)    Netlist Resource(s)
  -------------------------------------------------------------------    -------------------
    W16                                               0.000     0.000 r  sw[2] (IN)
                         net (fo=0)                   0.000     0.000    sw[2]
    W16                  IBUF (Prop_ibuf_I_O)         1.464     1.464 r  sw_IBUF[2]_inst/O
                         net (fo=7, routed)           3.537     5.001    sw_IBUF[2]
    SLICE_X65Y16         LUT4 (Prop_lut4_I2_O)        0.150     5.151 r  seg_OBUF[0]_inst_i_1/O
                         net (fo=1, routed)           1.912     7.063    seg_OBUF[0]
    W7                   OBUF (Prop_obuf_I_O)         3.713    10.775 r  seg_OBUF[0]_inst/O
                         net (fo=0)                   0.000    10.775    seg[0]
    W7                                                                r  seg[0] (OUT)
  -------------------------------------------------------------------    -------------------

Slack:                    inf
  Source:                 sw[1]
                            (input port)
  Destination:            seg[5]
                            (output port)
  Path Group:             (none)
  Path Type:              Max at Slow Process Corner
  Data Path Delay:        10.657ns  (logic 5.323ns (49.945%)  route 5.334ns (50.055%))
  Logic Levels:           3  (IBUF=1 LUT4=1 OBUF=1)

    Location             Delay type                Incr(ns)  Path(ns)    Netlist Resource(s)
  -------------------------------------------------------------------    -------------------
    V16                                               0.000     0.000 r  sw[1] (IN)
                         net (fo=0)                   0.000     0.000    sw[1]
    V16                  IBUF (Prop_ibuf_I_O)         1.461     1.461 r  sw_IBUF[1]_inst/O
                         net (fo=7, routed)           3.658     5.119    sw_IBUF[1]
    SLICE_X65Y16         LUT4 (Prop_lut4_I1_O)        0.154     5.273 r  seg_OBUF[5]_inst_i_1/O
                         net (fo=1, routed)           1.676     6.950    seg_OBUF[5]
    V5                   OBUF (Prop_obuf_I_O)         3.707    10.657 r  seg_OBUF[5]_inst/O
                         net (fo=0)                   0.000    10.657    seg[5]
    V5                                                                r  seg[5] (OUT)
  -------------------------------------------------------------------    -------------------

Slack:                    inf
  Source:                 sw[1]
                            (input port)
  Destination:            seg[4]
                            (output port)
  Path Group:             (none)
  Path Type:              Max at Slow Process Corner
  Data Path Delay:        10.567ns  (logic 5.105ns (48.314%)  route 5.462ns (51.687%))
  Logic Levels:           3  (IBUF=1 LUT4=1 OBUF=1)

    Location             Delay type                Incr(ns)  Path(ns)    Netlist Resource(s)
  -------------------------------------------------------------------    -------------------
    V16                                               0.000     0.000 r  sw[1] (IN)
                         net (fo=0)                   0.000     0.000    sw[1]
    V16                  IBUF (Prop_ibuf_I_O)         1.461     1.461 r  sw_IBUF[1]_inst/O
                         net (fo=7, routed)           3.658     5.119    sw_IBUF[1]
    SLICE_X65Y16         LUT4 (Prop_lut4_I2_O)        0.124     5.243 r  seg_OBUF[4]_inst_i_1/O
                         net (fo=1, routed)           1.804     7.047    seg_OBUF[4]
    U5                   OBUF (Prop_obuf_I_O)         3.520    10.567 r  seg_OBUF[4]_inst/O
                         net (fo=0)                   0.000    10.567    seg[4]
    U5                                                                r  seg[4] (OUT)
  -------------------------------------------------------------------    -------------------

Slack:                    inf
  Source:                 sw[2]
                            (input port)
  Destination:            seg[1]
                            (output port)
  Path Group:             (none)
  Path Type:              Max at Slow Process Corner
  Data Path Delay:        10.535ns  (logic 5.117ns (48.570%)  route 5.418ns (51.430%))
  Logic Levels:           3  (IBUF=1 LUT4=1 OBUF=1)

    Location             Delay type                Incr(ns)  Path(ns)    Netlist Resource(s)
  -------------------------------------------------------------------    -------------------
    W16                                               0.000     0.000 r  sw[2] (IN)
                         net (fo=0)                   0.000     0.000    sw[2]
    W16                  IBUF (Prop_ibuf_I_O)         1.464     1.464 r  sw_IBUF[2]_inst/O
                         net (fo=7, routed)           3.537     5.001    sw_IBUF[2]
    SLICE_X65Y16         LUT4 (Prop_lut4_I0_O)        0.124     5.125 r  seg_OBUF[1]_inst_i_1/O
                         net (fo=1, routed)           1.881     7.006    seg_OBUF[1]
    W6                   OBUF (Prop_obuf_I_O)         3.529    10.535 r  seg_OBUF[1]_inst/O
                         net (fo=0)                   0.000    10.535    seg[1]
    W6                                                                r  seg[1] (OUT)
  -------------------------------------------------------------------    -------------------

Slack:                    inf
  Source:                 sw[4]
                            (input port)
  Destination:            an[0]
                            (output port)
  Path Group:             (none)
  Path Type:              Max at Slow Process Corner
  Data Path Delay:        10.514ns  (logic 5.078ns (48.294%)  route 5.436ns (51.706%))
  Logic Levels:           3  (IBUF=1 LUT1=1 OBUF=1)

    Location             Delay type                Incr(ns)  Path(ns)    Netlist Resource(s)
  -------------------------------------------------------------------    -------------------
    W15                                               0.000     0.000 f  sw[4] (IN)
                         net (fo=0)                   0.000     0.000    sw[4]
    W15                  IBUF (Prop_ibuf_I_O)         1.451     1.451 f  sw_IBUF[4]_inst/O
                         net (fo=1, routed)           2.307     3.758    sw_IBUF[4]
    SLICE_X32Y19         LUT1 (Prop_lut1_I0_O)        0.124     3.882 r  an_OBUF[0]_inst_i_1/O
                         net (fo=1, routed)           3.129     7.011    an_OBUF[0]
    U2                   OBUF (Prop_obuf_I_O)         3.503    10.514 r  an_OBUF[0]_inst/O
                         net (fo=0)                   0.000    10.514    an[0]
    U2                                                                r  an[0] (OUT)
  -------------------------------------------------------------------    -------------------

Slack:                    inf
  Source:                 sw[1]
                            (input port)
  Destination:            seg[2]
                            (output port)
  Path Group:             (none)
  Path Type:              Max at Slow Process Corner
  Data Path Delay:        10.488ns  (logic 5.120ns (48.820%)  route 5.368ns (51.180%))
  Logic Levels:           3  (IBUF=1 LUT4=1 OBUF=1)

    Location             Delay type                Incr(ns)  Path(ns)    Netlist Resource(s)
  -------------------------------------------------------------------    -------------------
    V16                                               0.000     0.000 r  sw[1] (IN)
                         net (fo=0)                   0.000     0.000    sw[1]
    V16                  IBUF (Prop_ibuf_I_O)         1.461     1.461 r  sw_IBUF[1]_inst/O
                         net (fo=7, routed)           3.647     5.108    sw_IBUF[1]
    SLICE_X65Y16         LUT4 (Prop_lut4_I1_O)        0.124     5.232 r  seg_OBUF[2]_inst_i_1/O
                         net (fo=1, routed)           1.721     6.953    seg_OBUF[2]
    U8                   OBUF (Prop_obuf_I_O)         3.535    10.488 r  seg_OBUF[2]_inst/O
                         net (fo=0)                   0.000    10.488    seg[2]
    U8                                                                r  seg[2] (OUT)
  -------------------------------------------------------------------    -------------------

Slack:                    inf
  Source:                 sw[6]
                            (input port)
  Destination:            an[2]
                            (output port)
  Path Group:             (none)
  Path Type:              Max at Slow Process Corner
  Data Path Delay:        10.396ns  (logic 5.097ns (49.027%)  route 5.299ns (50.973%))
  Logic Levels:           3  (IBUF=1 LUT1=1 OBUF=1)

    Location             Delay type                Incr(ns)  Path(ns)    Netlist Resource(s)
  -------------------------------------------------------------------    -------------------
    W14                                               0.000     0.000 f  sw[6] (IN)
                         net (fo=0)                   0.000     0.000    sw[6]
    W14                  IBUF (Prop_ibuf_I_O)         1.450     1.450 f  sw_IBUF[6]_inst/O
                         net (fo=1, routed)           2.290     3.740    sw_IBUF[6]
    SLICE_X32Y16         LUT1 (Prop_lut1_I0_O)        0.124     3.864 r  an_OBUF[2]_inst_i_1/O
                         net (fo=1, routed)           3.009     6.873    an_OBUF[2]
    V4                   OBUF (Prop_obuf_I_O)         3.523    10.396 r  an_OBUF[2]_inst/O
                         net (fo=0)                   0.000    10.396    an[2]
    V4                                                                r  an[2] (OUT)
  -------------------------------------------------------------------    -------------------

Slack:                    inf
  Source:                 sw[5]
                            (input port)
  Destination:            an[1]
                            (output port)
  Path Group:             (none)
  Path Type:              Max at Slow Process Corner
  Data Path Delay:        10.377ns  (logic 5.089ns (49.044%)  route 5.287ns (50.956%))
  Logic Levels:           3  (IBUF=1 LUT1=1 OBUF=1)

    Location             Delay type                Incr(ns)  Path(ns)    Netlist Resource(s)
  -------------------------------------------------------------------    -------------------
    V15                                               0.000     0.000 f  sw[5] (IN)
                         net (fo=0)                   0.000     0.000    sw[5]
    V15                  IBUF (Prop_ibuf_I_O)         1.466     1.466 f  sw_IBUF[5]_inst/O
                         net (fo=1, routed)           2.159     3.625    sw_IBUF[5]
    SLICE_X32Y16         LUT1 (Prop_lut1_I0_O)        0.124     3.749 r  an_OBUF[1]_inst_i_1/O
                         net (fo=1, routed)           3.129     6.878    an_OBUF[1]
    U4                   OBUF (Prop_obuf_I_O)         3.499    10.377 r  an_OBUF[1]_inst/O
                         net (fo=0)                   0.000    10.377    an[1]
    U4                                                                r  an[1] (OUT)
  -------------------------------------------------------------------    -------------------

Slack:                    inf
  Source:                 sw[2]
                            (input port)
  Destination:            seg[6]
                            (output port)
  Path Group:             (none)
  Path Type:              Max at Slow Process Corner
  Data Path Delay:        10.093ns  (logic 5.119ns (50.720%)  route 4.974ns (49.280%))
  Logic Levels:           3  (IBUF=1 LUT4=1 OBUF=1)

    Location             Delay type                Incr(ns)  Path(ns)    Netlist Resource(s)
  -------------------------------------------------------------------    -------------------
    W16                                               0.000     0.000 r  sw[2] (IN)
                         net (fo=0)                   0.000     0.000    sw[2]
    W16                  IBUF (Prop_ibuf_I_O)         1.464     1.464 r  sw_IBUF[2]_inst/O
                         net (fo=7, routed)           3.315     4.779    sw_IBUF[2]
    SLICE_X63Y12         LUT4 (Prop_lut4_I1_O)        0.124     4.903 r  seg_OBUF[6]_inst_i_1/O
                         net (fo=1, routed)           1.659     6.562    seg_OBUF[6]
    U7                   OBUF (Prop_obuf_I_O)         3.531    10.093 r  seg_OBUF[6]_inst/O
                         net (fo=0)                   0.000    10.093    seg[6]
    U7                                                                r  seg[6] (OUT)
  -------------------------------------------------------------------    -------------------





Min Delay Paths
--------------------------------------------------------------------------------------
Slack:                    inf
  Source:                 sw[0]
                            (input port)
  Destination:            seg[6]
                            (output port)
  Path Group:             (none)
  Path Type:              Min at Fast Process Corner
  Data Path Delay:        3.139ns  (logic 1.498ns (47.732%)  route 1.641ns (52.268%))
  Logic Levels:           3  (IBUF=1 LUT4=1 OBUF=1)

    Location             Delay type                Incr(ns)  Path(ns)    Netlist Resource(s)
  -------------------------------------------------------------------    -------------------
    V17                                               0.000     0.000 r  sw[0] (IN)
                         net (fo=0)                   0.000     0.000    sw[0]
    V17                  IBUF (Prop_ibuf_I_O)         0.221     0.221 r  sw_IBUF[0]_inst/O
                         net (fo=7, routed)           1.315     1.536    sw_IBUF[0]
    SLICE_X63Y12         LUT4 (Prop_lut4_I2_O)        0.045     1.581 r  seg_OBUF[6]_inst_i_1/O
                         net (fo=1, routed)           0.326     1.907    seg_OBUF[6]
    U7                   OBUF (Prop_obuf_I_O)         1.232     3.139 r  seg_OBUF[6]_inst/O
                         net (fo=0)                   0.000     3.139    seg[6]
    U7                                                                r  seg[6] (OUT)
  -------------------------------------------------------------------    -------------------

Slack:                    inf
  Source:                 sw[3]
                            (input port)
  Destination:            seg[1]
                            (output port)
  Path Group:             (none)
  Path Type:              Min at Fast Process Corner
  Data Path Delay:        3.309ns  (logic 1.492ns (45.083%)  route 1.817ns (54.917%))
  Logic Levels:           3  (IBUF=1 LUT4=1 OBUF=1)

    Location             Delay type                Incr(ns)  Path(ns)    Netlist Resource(s)
  -------------------------------------------------------------------    -------------------
    W17                                               0.000     0.000 r  sw[3] (IN)
                         net (fo=0)                   0.000     0.000    sw[3]
    W17                  IBUF (Prop_ibuf_I_O)         0.217     0.217 r  sw_IBUF[3]_inst/O
                         net (fo=7, routed)           1.395     1.611    sw_IBUF[3]
    SLICE_X65Y16         LUT4 (Prop_lut4_I3_O)        0.045     1.656 r  seg_OBUF[1]_inst_i_1/O
                         net (fo=1, routed)           0.422     2.079    seg_OBUF[1]
    W6                   OBUF (Prop_obuf_I_O)         1.230     3.309 r  seg_OBUF[1]_inst/O
                         net (fo=0)                   0.000     3.309    seg[1]
    W6                                                                r  seg[1] (OUT)
  -------------------------------------------------------------------    -------------------

Slack:                    inf
  Source:                 sw[3]
                            (input port)
  Destination:            seg[5]
                            (output port)
  Path Group:             (none)
  Path Type:              Min at Fast Process Corner
  Data Path Delay:        3.317ns  (logic 1.538ns (46.367%)  route 1.779ns (53.633%))
  Logic Levels:           3  (IBUF=1 LUT4=1 OBUF=1)

    Location             Delay type                Incr(ns)  Path(ns)    Netlist Resource(s)
  -------------------------------------------------------------------    -------------------
    W17                                               0.000     0.000 r  sw[3] (IN)
                         net (fo=0)                   0.000     0.000    sw[3]
    W17                  IBUF (Prop_ibuf_I_O)         0.217     0.217 r  sw_IBUF[3]_inst/O
                         net (fo=7, routed)           1.448     1.664    sw_IBUF[3]
    SLICE_X65Y16         LUT4 (Prop_lut4_I3_O)        0.051     1.715 r  seg_OBUF[5]_inst_i_1/O
                         net (fo=1, routed)           0.331     2.047    seg_OBUF[5]
    V5                   OBUF (Prop_obuf_I_O)         1.271     3.317 r  seg_OBUF[5]_inst/O
                         net (fo=0)                   0.000     3.317    seg[5]
    V5                                                                r  seg[5] (OUT)
  -------------------------------------------------------------------    -------------------

Slack:                    inf
  Source:                 sw[3]
                            (input port)
  Destination:            seg[4]
                            (output port)
  Path Group:             (none)
  Path Type:              Min at Fast Process Corner
  Data Path Delay:        3.322ns  (logic 1.483ns (44.627%)  route 1.839ns (55.373%))
  Logic Levels:           3  (IBUF=1 LUT4=1 OBUF=1)

    Location             Delay type                Incr(ns)  Path(ns)    Netlist Resource(s)
  -------------------------------------------------------------------    -------------------
    W17                                               0.000     0.000 r  sw[3] (IN)
                         net (fo=0)                   0.000     0.000    sw[3]
    W17                  IBUF (Prop_ibuf_I_O)         0.217     0.217 r  sw_IBUF[3]_inst/O
                         net (fo=7, routed)           1.448     1.664    sw_IBUF[3]
    SLICE_X65Y16         LUT4 (Prop_lut4_I3_O)        0.045     1.709 r  seg_OBUF[4]_inst_i_1/O
                         net (fo=1, routed)           0.392     2.101    seg_OBUF[4]
    U5                   OBUF (Prop_obuf_I_O)         1.221     3.322 r  seg_OBUF[4]_inst/O
                         net (fo=0)                   0.000     3.322    seg[4]
    U5                                                                r  seg[4] (OUT)
  -------------------------------------------------------------------    -------------------

Slack:                    inf
  Source:                 sw[3]
                            (input port)
  Destination:            seg[2]
                            (output port)
  Path Group:             (none)
  Path Type:              Min at Fast Process Corner
  Data Path Delay:        3.331ns  (logic 1.498ns (44.955%)  route 1.834ns (55.045%))
  Logic Levels:           3  (IBUF=1 LUT4=1 OBUF=1)

    Location             Delay type                Incr(ns)  Path(ns)    Netlist Resource(s)
  -------------------------------------------------------------------    -------------------
    W17                                               0.000     0.000 r  sw[3] (IN)
                         net (fo=0)                   0.000     0.000    sw[3]
    W17                  IBUF (Prop_ibuf_I_O)         0.217     0.217 r  sw_IBUF[3]_inst/O
                         net (fo=7, routed)           1.471     1.687    sw_IBUF[3]
    SLICE_X65Y16         LUT4 (Prop_lut4_I3_O)        0.045     1.732 r  seg_OBUF[2]_inst_i_1/O
                         net (fo=1, routed)           0.363     2.095    seg_OBUF[2]
    U8                   OBUF (Prop_obuf_I_O)         1.236     3.331 r  seg_OBUF[2]_inst/O
                         net (fo=0)                   0.000     3.331    seg[2]
    U8                                                                r  seg[2] (OUT)
  -------------------------------------------------------------------    -------------------

Slack:                    inf
  Source:                 sw[3]
                            (input port)
  Destination:            seg[0]
                            (output port)
  Path Group:             (none)
  Path Type:              Min at Fast Process Corner
  Data Path Delay:        3.374ns  (logic 1.538ns (45.595%)  route 1.836ns (54.405%))
  Logic Levels:           3  (IBUF=1 LUT4=1 OBUF=1)

    Location             Delay type                Incr(ns)  Path(ns)    Netlist Resource(s)
  -------------------------------------------------------------------    -------------------
    W17                                               0.000     0.000 r  sw[3] (IN)
                         net (fo=0)                   0.000     0.000    sw[3]
    W17                  IBUF (Prop_ibuf_I_O)         0.217     0.217 r  sw_IBUF[3]_inst/O
                         net (fo=7, routed)           1.395     1.611    sw_IBUF[3]
    SLICE_X65Y16         LUT4 (Prop_lut4_I3_O)        0.048     1.659 r  seg_OBUF[0]_inst_i_1/O
                         net (fo=1, routed)           0.441     2.100    seg_OBUF[0]
    W7                   OBUF (Prop_obuf_I_O)         1.274     3.374 r  seg_OBUF[0]_inst/O
                         net (fo=0)                   0.000     3.374    seg[0]
    W7                                                                r  seg[0] (OUT)
  -------------------------------------------------------------------    -------------------

Slack:                    inf
  Source:                 sw[7]
                            (input port)
  Destination:            an[3]
                            (output port)
  Path Group:             (none)
  Path Type:              Min at Fast Process Corner
  Data Path Delay:        3.376ns  (logic 1.483ns (43.934%)  route 1.893ns (56.066%))
  Logic Levels:           3  (IBUF=1 LUT1=1 OBUF=1)

    Location             Delay type                Incr(ns)  Path(ns)    Netlist Resource(s)
  -------------------------------------------------------------------    -------------------
    W13                                               0.000     0.000 f  sw[7] (IN)
                         net (fo=0)                   0.000     0.000    sw[7]
    W13                  IBUF (Prop_ibuf_I_O)         0.227     0.227 f  sw_IBUF[7]_inst/O
                         net (fo=1, routed)           0.905     1.131    sw_IBUF[7]
    SLICE_X32Y16         LUT1 (Prop_lut1_I0_O)        0.045     1.176 r  an_OBUF[3]_inst_i_1/O
                         net (fo=1, routed)           0.988     2.165    an_OBUF[3]
    W4                   OBUF (Prop_obuf_I_O)         1.211     3.376 r  an_OBUF[3]_inst/O
                         net (fo=0)                   0.000     3.376    an[3]
    W4                                                                r  an[3] (OUT)
  -------------------------------------------------------------------    -------------------

Slack:                    inf
  Source:                 sw[3]
                            (input port)
  Destination:            seg[3]
                            (output port)
  Path Group:             (none)
  Path Type:              Min at Fast Process Corner
  Data Path Delay:        3.446ns  (logic 1.563ns (45.354%)  route 1.883ns (54.646%))
  Logic Levels:           3  (IBUF=1 LUT4=1 OBUF=1)

    Location             Delay type                Incr(ns)  Path(ns)    Netlist Resource(s)
  -------------------------------------------------------------------    -------------------
    W17                                               0.000     0.000 r  sw[3] (IN)
                         net (fo=0)                   0.000     0.000    sw[3]
    W17                  IBUF (Prop_ibuf_I_O)         0.217     0.217 r  sw_IBUF[3]_inst/O
                         net (fo=7, routed)           1.471     1.687    sw_IBUF[3]
    SLICE_X65Y16         LUT4 (Prop_lut4_I3_O)        0.043     1.730 r  seg_OBUF[3]_inst_i_1/O
                         net (fo=1, routed)           0.412     2.143    seg_OBUF[3]
    V8                   OBUF (Prop_obuf_I_O)         1.303     3.446 r  seg_OBUF[3]_inst/O
                         net (fo=0)                   0.000     3.446    seg[3]
    V8                                                                r  seg[3] (OUT)
  -------------------------------------------------------------------    -------------------

Slack:                    inf
  Source:                 sw[6]
                            (input port)
  Destination:            an[2]
                            (output port)
  Path Group:             (none)
  Path Type:              Min at Fast Process Corner
  Data Path Delay:        3.484ns  (logic 1.487ns (42.678%)  route 1.997ns (57.322%))
  Logic Levels:           3  (IBUF=1 LUT1=1 OBUF=1)

    Location             Delay type                Incr(ns)  Path(ns)    Netlist Resource(s)
  -------------------------------------------------------------------    -------------------
    W14                                               0.000     0.000 f  sw[6] (IN)
                         net (fo=0)                   0.000     0.000    sw[6]
    W14                  IBUF (Prop_ibuf_I_O)         0.218     0.218 f  sw_IBUF[6]_inst/O
                         net (fo=1, routed)           0.997     1.215    sw_IBUF[6]
    SLICE_X32Y16         LUT1 (Prop_lut1_I0_O)        0.045     1.260 r  an_OBUF[2]_inst_i_1/O
                         net (fo=1, routed)           1.000     2.260    an_OBUF[2]
    V4                   OBUF (Prop_obuf_I_O)         1.224     3.484 r  an_OBUF[2]_inst/O
                         net (fo=0)                   0.000     3.484    an[2]
    V4                                                                r  an[2] (OUT)
  -------------------------------------------------------------------    -------------------

Slack:                    inf
  Source:                 sw[5]
                            (input port)
  Destination:            an[1]
                            (output port)
  Path Group:             (none)
  Path Type:              Min at Fast Process Corner
  Data Path Delay:        3.503ns  (logic 1.479ns (42.233%)  route 2.023ns (57.767%))
  Logic Levels:           3  (IBUF=1 LUT1=1 OBUF=1)

    Location             Delay type                Incr(ns)  Path(ns)    Netlist Resource(s)
  -------------------------------------------------------------------    -------------------
    V15                                               0.000     0.000 f  sw[5] (IN)
                         net (fo=0)                   0.000     0.000    sw[5]
    V15                  IBUF (Prop_ibuf_I_O)         0.234     0.234 f  sw_IBUF[5]_inst/O
                         net (fo=1, routed)           0.983     1.217    sw_IBUF[5]
    SLICE_X32Y16         LUT1 (Prop_lut1_I0_O)        0.045     1.262 r  an_OBUF[1]_inst_i_1/O
                         net (fo=1, routed)           1.041     2.303    an_OBUF[1]
    U4                   OBUF (Prop_obuf_I_O)         1.200     3.503 r  an_OBUF[1]_inst/O
                         net (fo=0)                   0.000     3.503    an[1]
    U4                                                                r  an[1] (OUT)
  -------------------------------------------------------------------    -------------------





