Copyright 1986-2022 Xilinx, Inc. All Rights Reserved. Copyright 2022-2024 Advanced Micro Devices, Inc. All Rights Reserved.
---------------------------------------------------------------------------------------------------------------------------------------------------------------------------------------------------------------------------------
| Tool Version : Vivado v.2024.2.1 (lin64) Build 5266912 Sun Dec 15 09:03:31 MST 2024
| Date         : Wed Sep 23 15:39:16 2026
| Host         : el120-02.ece.usu.edu running 64-bit AlmaLinux 9.7 (Moss Jungle Cat)
| Command      : report_timing_summary -max_paths 10 -report_unconstrained -file ClockDivider_timing_summary_routed.rpt -pb ClockDivider_timing_summary_routed.pb -rpx ClockDivider_timing_summary_routed.rpx -warn_on_violation
| Design       : ClockDivider
| Device       : 7a35t-cpg236
| Speed File   : -1  PRODUCTION 1.23 2018-06-13
| Design State : Routed
---------------------------------------------------------------------------------------------------------------------------------------------------------------------------------------------------------------------------------

Timing Summary Report

------------------------------------------------------------------------------------------------
| Timer Settings
| --------------
------------------------------------------------------------------------------------------------

  Enable Multi Corner Analysis               :  Yes
  Enable Pessimism Removal                   :  Yes
  Pessimism Removal Resolution               :  Nearest Common Node
  Enable Input Delay Default Clock           :  No
  Enable Preset / Clear Arcs                 :  No
  Disable Flight Delays                      :  No
  Ignore I/O Paths                           :  No
  Timing Early Launch at Borrowing Latches   :  No
  Borrow Time for Max Delay Exceptions       :  Yes
  Merge Timing Exceptions                    :  Yes
  Inter-SLR Compensation                     :  Conservative

  Corner  Analyze    Analyze    
  Name    Max Paths  Min Paths  
  ------  ---------  ---------  
  Slow    Yes        Yes        
  Fast    Yes        Yes        


------------------------------------------------------------------------------------------------
| Report Methodology
| ------------------
------------------------------------------------------------------------------------------------

Rule       Severity  Description                    Violations  
---------  --------  -----------------------------  ----------  
TIMING-18  Warning   Missing input or output delay  1           

Note: This report is based on the most recent report_methodology run and may not be up-to-date. Run report_methodology on the current design for the latest report.



check_timing report

Table of Contents
-----------------
1. checking no_clock (0)
2. checking constant_clock (0)
3. checking pulse_width_clock (0)
4. checking unconstrained_internal_endpoints (0)
5. checking no_input_delay (0)
6. checking no_output_delay (1)
7. checking multiple_clock (0)
8. checking generated_clocks (0)
9. checking loops (0)
10. checking partial_input_delay (0)
11. checking partial_output_delay (0)
12. checking latch_loops (0)

1. checking no_clock (0)
------------------------
 There are 0 register/latch pins with no clock.


2. checking constant_clock (0)
------------------------------
 There are 0 register/latch pins with constant_clock.


3. checking pulse_width_clock (0)
---------------------------------
 There are 0 register/latch pins which need pulse_width check


4. checking unconstrained_internal_endpoints (0)
------------------------------------------------
 There are 0 pins that are not constrained for maximum delay.

 There are 0 pins that are not constrained for maximum delay due to constant clock.


5. checking no_input_delay (0)
------------------------------
 There are 0 input ports with no input delay specified.

 There are 0 input ports with no input delay but user has a false path constraint.


6. checking no_output_delay (1)
-------------------------------
 There is 1 port with no output delay specified. (HIGH)

 There are 0 ports with no output delay but user has a false path constraint

 There are 0 ports with no output delay but with a timing clock defined on it or propagating through it


7. checking multiple_clock (0)
------------------------------
 There are 0 register/latch pins with multiple clocks.


8. checking generated_clocks (0)
--------------------------------
 There are 0 generated clocks that are not connected to a clock source.


9. checking loops (0)
---------------------
 There are 0 combinational loops in the design.


10. checking partial_input_delay (0)
------------------------------------
 There are 0 input ports with partial input delay specified.


11. checking partial_output_delay (0)
-------------------------------------
 There are 0 ports with partial output delay specified.


12. checking latch_loops (0)
----------------------------
 There are 0 combinational latch loops in the design through latch input



------------------------------------------------------------------------------------------------
| Design Timing Summary
| ---------------------
------------------------------------------------------------------------------------------------

    WNS(ns)      TNS(ns)  TNS Failing Endpoints  TNS Total Endpoints      WHS(ns)      THS(ns)  THS Failing Endpoints  THS Total Endpoints     WPWS(ns)     TPWS(ns)  TPWS Failing Endpoints  TPWS Total Endpoints  
    -------      -------  ---------------------  -------------------      -------      -------  ---------------------  -------------------     --------     --------  ----------------------  --------------------  
      6.466        0.000                      0                   51        0.263        0.000                      0                   51        4.500        0.000                       0                    27  


All user specified timing constraints are met.


------------------------------------------------------------------------------------------------
| Clock Summary
| -------------
------------------------------------------------------------------------------------------------

Clock        Waveform(ns)       Period(ns)      Frequency(MHz)
-----        ------------       ----------      --------------
sys_clk_pin  {0.000 5.000}      10.000          100.000         


------------------------------------------------------------------------------------------------
| Intra Clock Table
| -----------------
------------------------------------------------------------------------------------------------

Clock             WNS(ns)      TNS(ns)  TNS Failing Endpoints  TNS Total Endpoints      WHS(ns)      THS(ns)  THS Failing Endpoints  THS Total Endpoints     WPWS(ns)     TPWS(ns)  TPWS Failing Endpoints  TPWS Total Endpoints  
-----             -------      -------  ---------------------  -------------------      -------      -------  ---------------------  -------------------     --------     --------  ----------------------  --------------------  
sys_clk_pin         6.466        0.000                      0                   51        0.263        0.000                      0                   51        4.500        0.000                       0                    27  


------------------------------------------------------------------------------------------------
| Inter Clock Table
| -----------------
------------------------------------------------------------------------------------------------

From Clock    To Clock          WNS(ns)      TNS(ns)  TNS Failing Endpoints  TNS Total Endpoints      WHS(ns)      THS(ns)  THS Failing Endpoints  THS Total Endpoints  
----------    --------          -------      -------  ---------------------  -------------------      -------      -------  ---------------------  -------------------  


------------------------------------------------------------------------------------------------
| Other Path Groups Table
| -----------------------
------------------------------------------------------------------------------------------------

Path Group    From Clock    To Clock          WNS(ns)      TNS(ns)  TNS Failing Endpoints  TNS Total Endpoints      WHS(ns)      THS(ns)  THS Failing Endpoints  THS Total Endpoints  
----------    ----------    --------          -------      -------  ---------------------  -------------------      -------      -------  ---------------------  -------------------  


------------------------------------------------------------------------------------------------
| User Ignored Path Table
| -----------------------
------------------------------------------------------------------------------------------------

Path Group    From Clock    To Clock    
----------    ----------    --------    


------------------------------------------------------------------------------------------------
| Unconstrained Path Table
| ------------------------
------------------------------------------------------------------------------------------------

Path Group    From Clock    To Clock    
----------    ----------    --------    
(none)        sys_clk_pin                 


------------------------------------------------------------------------------------------------
| Timing Details
| --------------
------------------------------------------------------------------------------------------------


---------------------------------------------------------------------------------------------------
From Clock:  sys_clk_pin
  To Clock:  sys_clk_pin

Setup :            0  Failing Endpoints,  Worst Slack        6.466ns,  Total Violation        0.000ns
Hold  :            0  Failing Endpoints,  Worst Slack        0.263ns,  Total Violation        0.000ns
PW    :            0  Failing Endpoints,  Worst Slack        4.500ns,  Total Violation        0.000ns
---------------------------------------------------------------------------------------------------


Max Delay Paths
--------------------------------------------------------------------------------------
Slack (MET) :             6.466ns  (required time - arrival time)
  Source:                 count_reg[20]/C
                            (rising edge-triggered cell FDRE clocked by sys_clk_pin  {rise@0.000ns fall@5.000ns period=10.000ns})
  Destination:            count_reg[10]/R
                            (rising edge-triggered cell FDRE clocked by sys_clk_pin  {rise@0.000ns fall@5.000ns period=10.000ns})
  Path Group:             sys_clk_pin
  Path Type:              Setup (Max at Slow Process Corner)
  Requirement:            10.000ns  (sys_clk_pin rise@10.000ns - sys_clk_pin rise@0.000ns)
  Data Path Delay:        3.044ns  (logic 0.704ns (23.124%)  route 2.340ns (76.876%))
  Logic Levels:           2  (LUT5=1 LUT6=1)
  Clock Path Skew:        -0.025ns (DCD - SCD + CPR)
    Destination Clock Delay (DCD):    4.860ns = ( 14.860 - 10.000 ) 
    Source Clock Delay      (SCD):    5.159ns
    Clock Pessimism Removal (CPR):    0.274ns
  Clock Uncertainty:      0.035ns  ((TSJ^2 + TIJ^2)^1/2 + DJ) / 2 + PE
    Total System Jitter     (TSJ):    0.071ns
    Total Input Jitter      (TIJ):    0.000ns
    Discrete Jitter          (DJ):    0.000ns
    Phase Error              (PE):    0.000ns

    Location             Delay type                Incr(ns)  Path(ns)    Netlist Resource(s)
  -------------------------------------------------------------------    -------------------
                         (clock sys_clk_pin rise edge)
                                                      0.000     0.000 r  
    W5                                                0.000     0.000 r  clkin (IN)
                         net (fo=0)                   0.000     0.000    clkin
    W5                   IBUF (Prop_ibuf_I_O)         1.458     1.458 r  clkin_IBUF_inst/O
                         net (fo=1, routed)           1.967     3.425    clkin_IBUF
    BUFGCTRL_X0Y0        BUFG (Prop_bufg_I_O)         0.096     3.521 r  clkin_IBUF_BUFG_inst/O
                         net (fo=26, routed)          1.638     5.159    clkin_IBUF_BUFG
    SLICE_X0Y6           FDRE                                         r  count_reg[20]/C
  -------------------------------------------------------------------    -------------------
    SLICE_X0Y6           FDRE (Prop_fdre_C_Q)         0.456     5.615 r  count_reg[20]/Q
                         net (fo=2, routed)           0.814     6.429    count[20]
    SLICE_X1Y7           LUT6 (Prop_lut6_I3_O)        0.124     6.553 r  count[24]_i_4/O
                         net (fo=2, routed)           0.872     7.425    count[24]_i_4_n_0
    SLICE_X1Y4           LUT5 (Prop_lut5_I1_O)        0.124     7.549 r  count[24]_i_1/O
                         net (fo=25, routed)          0.655     8.204    count[24]_i_1_n_0
    SLICE_X0Y4           FDRE                                         r  count_reg[10]/R
  -------------------------------------------------------------------    -------------------

                         (clock sys_clk_pin rise edge)
                                                     10.000    10.000 r  
    W5                                                0.000    10.000 r  clkin (IN)
                         net (fo=0)                   0.000    10.000    clkin
    W5                   IBUF (Prop_ibuf_I_O)         1.388    11.388 r  clkin_IBUF_inst/O
                         net (fo=1, routed)           1.862    13.250    clkin_IBUF
    BUFGCTRL_X0Y0        BUFG (Prop_bufg_I_O)         0.091    13.341 r  clkin_IBUF_BUFG_inst/O
                         net (fo=26, routed)          1.519    14.860    clkin_IBUF_BUFG
    SLICE_X0Y4           FDRE                                         r  count_reg[10]/C
                         clock pessimism              0.274    15.134    
                         clock uncertainty           -0.035    15.099    
    SLICE_X0Y4           FDRE (Setup_fdre_C_R)       -0.429    14.670    count_reg[10]
  -------------------------------------------------------------------
                         required time                         14.670    
                         arrival time                          -8.204    
  -------------------------------------------------------------------
                         slack                                  6.466    

Slack (MET) :             6.466ns  (required time - arrival time)
  Source:                 count_reg[20]/C
                            (rising edge-triggered cell FDRE clocked by sys_clk_pin  {rise@0.000ns fall@5.000ns period=10.000ns})
  Destination:            count_reg[11]/R
                            (rising edge-triggered cell FDRE clocked by sys_clk_pin  {rise@0.000ns fall@5.000ns period=10.000ns})
  Path Group:             sys_clk_pin
  Path Type:              Setup (Max at Slow Process Corner)
  Requirement:            10.000ns  (sys_clk_pin rise@10.000ns - sys_clk_pin rise@0.000ns)
  Data Path Delay:        3.044ns  (logic 0.704ns (23.124%)  route 2.340ns (76.876%))
  Logic Levels:           2  (LUT5=1 LUT6=1)
  Clock Path Skew:        -0.025ns (DCD - SCD + CPR)
    Destination Clock Delay (DCD):    4.860ns = ( 14.860 - 10.000 ) 
    Source Clock Delay      (SCD):    5.159ns
    Clock Pessimism Removal (CPR):    0.274ns
  Clock Uncertainty:      0.035ns  ((TSJ^2 + TIJ^2)^1/2 + DJ) / 2 + PE
    Total System Jitter     (TSJ):    0.071ns
    Total Input Jitter      (TIJ):    0.000ns
    Discrete Jitter          (DJ):    0.000ns
    Phase Error              (PE):    0.000ns

    Location             Delay type                Incr(ns)  Path(ns)    Netlist Resource(s)
  -------------------------------------------------------------------    -------------------
                         (clock sys_clk_pin rise edge)
                                                      0.000     0.000 r  
    W5                                                0.000     0.000 r  clkin (IN)
                         net (fo=0)                   0.000     0.000    clkin
    W5                   IBUF (Prop_ibuf_I_O)         1.458     1.458 r  clkin_IBUF_inst/O
                         net (fo=1, routed)           1.967     3.425    clkin_IBUF
    BUFGCTRL_X0Y0        BUFG (Prop_bufg_I_O)         0.096     3.521 r  clkin_IBUF_BUFG_inst/O
                         net (fo=26, routed)          1.638     5.159    clkin_IBUF_BUFG
    SLICE_X0Y6           FDRE                                         r  count_reg[20]/C
  -------------------------------------------------------------------    -------------------
    SLICE_X0Y6           FDRE (Prop_fdre_C_Q)         0.456     5.615 r  count_reg[20]/Q
                         net (fo=2, routed)           0.814     6.429    count[20]
    SLICE_X1Y7           LUT6 (Prop_lut6_I3_O)        0.124     6.553 r  count[24]_i_4/O
                         net (fo=2, routed)           0.872     7.425    count[24]_i_4_n_0
    SLICE_X1Y4           LUT5 (Prop_lut5_I1_O)        0.124     7.549 r  count[24]_i_1/O
                         net (fo=25, routed)          0.655     8.204    count[24]_i_1_n_0
    SLICE_X0Y4           FDRE                                         r  count_reg[11]/R
  -------------------------------------------------------------------    -------------------

                         (clock sys_clk_pin rise edge)
                                                     10.000    10.000 r  
    W5                                                0.000    10.000 r  clkin (IN)
                         net (fo=0)                   0.000    10.000    clkin
    W5                   IBUF (Prop_ibuf_I_O)         1.388    11.388 r  clkin_IBUF_inst/O
                         net (fo=1, routed)           1.862    13.250    clkin_IBUF
    BUFGCTRL_X0Y0        BUFG (Prop_bufg_I_O)         0.091    13.341 r  clkin_IBUF_BUFG_inst/O
                         net (fo=26, routed)          1.519    14.860    clkin_IBUF_BUFG
    SLICE_X0Y4           FDRE                                         r  count_reg[11]/C
                         clock pessimism              0.274    15.134    
                         clock uncertainty           -0.035    15.099    
    SLICE_X0Y4           FDRE (Setup_fdre_C_R)       -0.429    14.670    count_reg[11]
  -------------------------------------------------------------------
                         required time                         14.670    
                         arrival time                          -8.204    
  -------------------------------------------------------------------
                         slack                                  6.466    

Slack (MET) :             6.466ns  (required time - arrival time)
  Source:                 count_reg[20]/C
                            (rising edge-triggered cell FDRE clocked by sys_clk_pin  {rise@0.000ns fall@5.000ns period=10.000ns})
  Destination:            count_reg[12]/R
                            (rising edge-triggered cell FDRE clocked by sys_clk_pin  {rise@0.000ns fall@5.000ns period=10.000ns})
  Path Group:             sys_clk_pin
  Path Type:              Setup (Max at Slow Process Corner)
  Requirement:            10.000ns  (sys_clk_pin rise@10.000ns - sys_clk_pin rise@0.000ns)
  Data Path Delay:        3.044ns  (logic 0.704ns (23.124%)  route 2.340ns (76.876%))
  Logic Levels:           2  (LUT5=1 LUT6=1)
  Clock Path Skew:        -0.025ns (DCD - SCD + CPR)
    Destination Clock Delay (DCD):    4.860ns = ( 14.860 - 10.000 ) 
    Source Clock Delay      (SCD):    5.159ns
    Clock Pessimism Removal (CPR):    0.274ns
  Clock Uncertainty:      0.035ns  ((TSJ^2 + TIJ^2)^1/2 + DJ) / 2 + PE
    Total System Jitter     (TSJ):    0.071ns
    Total Input Jitter      (TIJ):    0.000ns
    Discrete Jitter          (DJ):    0.000ns
    Phase Error              (PE):    0.000ns

    Location             Delay type                Incr(ns)  Path(ns)    Netlist Resource(s)
  -------------------------------------------------------------------    -------------------
                         (clock sys_clk_pin rise edge)
                                                      0.000     0.000 r  
    W5                                                0.000     0.000 r  clkin (IN)
                         net (fo=0)                   0.000     0.000    clkin
    W5                   IBUF (Prop_ibuf_I_O)         1.458     1.458 r  clkin_IBUF_inst/O
                         net (fo=1, routed)           1.967     3.425    clkin_IBUF
    BUFGCTRL_X0Y0        BUFG (Prop_bufg_I_O)         0.096     3.521 r  clkin_IBUF_BUFG_inst/O
                         net (fo=26, routed)          1.638     5.159    clkin_IBUF_BUFG
    SLICE_X0Y6           FDRE                                         r  count_reg[20]/C
  -------------------------------------------------------------------    -------------------
    SLICE_X0Y6           FDRE (Prop_fdre_C_Q)         0.456     5.615 r  count_reg[20]/Q
                         net (fo=2, routed)           0.814     6.429    count[20]
    SLICE_X1Y7           LUT6 (Prop_lut6_I3_O)        0.124     6.553 r  count[24]_i_4/O
                         net (fo=2, routed)           0.872     7.425    count[24]_i_4_n_0
    SLICE_X1Y4           LUT5 (Prop_lut5_I1_O)        0.124     7.549 r  count[24]_i_1/O
                         net (fo=25, routed)          0.655     8.204    count[24]_i_1_n_0
    SLICE_X0Y4           FDRE                                         r  count_reg[12]/R
  -------------------------------------------------------------------    -------------------

                         (clock sys_clk_pin rise edge)
                                                     10.000    10.000 r  
    W5                                                0.000    10.000 r  clkin (IN)
                         net (fo=0)                   0.000    10.000    clkin
    W5                   IBUF (Prop_ibuf_I_O)         1.388    11.388 r  clkin_IBUF_inst/O
                         net (fo=1, routed)           1.862    13.250    clkin_IBUF
    BUFGCTRL_X0Y0        BUFG (Prop_bufg_I_O)         0.091    13.341 r  clkin_IBUF_BUFG_inst/O
                         net (fo=26, routed)          1.519    14.860    clkin_IBUF_BUFG
    SLICE_X0Y4           FDRE                                         r  count_reg[12]/C
                         clock pessimism              0.274    15.134    
                         clock uncertainty           -0.035    15.099    
    SLICE_X0Y4           FDRE (Setup_fdre_C_R)       -0.429    14.670    count_reg[12]
  -------------------------------------------------------------------
                         required time                         14.670    
                         arrival time                          -8.204    
  -------------------------------------------------------------------
                         slack                                  6.466    

Slack (MET) :             6.466ns  (required time - arrival time)
  Source:                 count_reg[20]/C
                            (rising edge-triggered cell FDRE clocked by sys_clk_pin  {rise@0.000ns fall@5.000ns period=10.000ns})
  Destination:            count_reg[9]/R
                            (rising edge-triggered cell FDRE clocked by sys_clk_pin  {rise@0.000ns fall@5.000ns period=10.000ns})
  Path Group:             sys_clk_pin
  Path Type:              Setup (Max at Slow Process Corner)
  Requirement:            10.000ns  (sys_clk_pin rise@10.000ns - sys_clk_pin rise@0.000ns)
  Data Path Delay:        3.044ns  (logic 0.704ns (23.124%)  route 2.340ns (76.876%))
  Logic Levels:           2  (LUT5=1 LUT6=1)
  Clock Path Skew:        -0.025ns (DCD - SCD + CPR)
    Destination Clock Delay (DCD):    4.860ns = ( 14.860 - 10.000 ) 
    Source Clock Delay      (SCD):    5.159ns
    Clock Pessimism Removal (CPR):    0.274ns
  Clock Uncertainty:      0.035ns  ((TSJ^2 + TIJ^2)^1/2 + DJ) / 2 + PE
    Total System Jitter     (TSJ):    0.071ns
    Total Input Jitter      (TIJ):    0.000ns
    Discrete Jitter          (DJ):    0.000ns
    Phase Error              (PE):    0.000ns

    Location             Delay type                Incr(ns)  Path(ns)    Netlist Resource(s)
  -------------------------------------------------------------------    -------------------
                         (clock sys_clk_pin rise edge)
                                                      0.000     0.000 r  
    W5                                                0.000     0.000 r  clkin (IN)
                         net (fo=0)                   0.000     0.000    clkin
    W5                   IBUF (Prop_ibuf_I_O)         1.458     1.458 r  clkin_IBUF_inst/O
                         net (fo=1, routed)           1.967     3.425    clkin_IBUF
    BUFGCTRL_X0Y0        BUFG (Prop_bufg_I_O)         0.096     3.521 r  clkin_IBUF_BUFG_inst/O
                         net (fo=26, routed)          1.638     5.159    clkin_IBUF_BUFG
    SLICE_X0Y6           FDRE                                         r  count_reg[20]/C
  -------------------------------------------------------------------    -------------------
    SLICE_X0Y6           FDRE (Prop_fdre_C_Q)         0.456     5.615 r  count_reg[20]/Q
                         net (fo=2, routed)           0.814     6.429    count[20]
    SLICE_X1Y7           LUT6 (Prop_lut6_I3_O)        0.124     6.553 r  count[24]_i_4/O
                         net (fo=2, routed)           0.872     7.425    count[24]_i_4_n_0
    SLICE_X1Y4           LUT5 (Prop_lut5_I1_O)        0.124     7.549 r  count[24]_i_1/O
                         net (fo=25, routed)          0.655     8.204    count[24]_i_1_n_0
    SLICE_X0Y4           FDRE                                         r  count_reg[9]/R
  -------------------------------------------------------------------    -------------------

                         (clock sys_clk_pin rise edge)
                                                     10.000    10.000 r  
    W5                                                0.000    10.000 r  clkin (IN)
                         net (fo=0)                   0.000    10.000    clkin
    W5                   IBUF (Prop_ibuf_I_O)         1.388    11.388 r  clkin_IBUF_inst/O
                         net (fo=1, routed)           1.862    13.250    clkin_IBUF
    BUFGCTRL_X0Y0        BUFG (Prop_bufg_I_O)         0.091    13.341 r  clkin_IBUF_BUFG_inst/O
                         net (fo=26, routed)          1.519    14.860    clkin_IBUF_BUFG
    SLICE_X0Y4           FDRE                                         r  count_reg[9]/C
                         clock pessimism              0.274    15.134    
                         clock uncertainty           -0.035    15.099    
    SLICE_X0Y4           FDRE (Setup_fdre_C_R)       -0.429    14.670    count_reg[9]
  -------------------------------------------------------------------
                         required time                         14.670    
                         arrival time                          -8.204    
  -------------------------------------------------------------------
                         slack                                  6.466    

Slack (MET) :             6.467ns  (required time - arrival time)
  Source:                 count_reg[20]/C
                            (rising edge-triggered cell FDRE clocked by sys_clk_pin  {rise@0.000ns fall@5.000ns period=10.000ns})
  Destination:            count_reg[21]/R
                            (rising edge-triggered cell FDRE clocked by sys_clk_pin  {rise@0.000ns fall@5.000ns period=10.000ns})
  Path Group:             sys_clk_pin
  Path Type:              Setup (Max at Slow Process Corner)
  Requirement:            10.000ns  (sys_clk_pin rise@10.000ns - sys_clk_pin rise@0.000ns)
  Data Path Delay:        3.043ns  (logic 0.704ns (23.138%)  route 2.339ns (76.862%))
  Logic Levels:           2  (LUT5=1 LUT6=1)
  Clock Path Skew:        -0.026ns (DCD - SCD + CPR)
    Destination Clock Delay (DCD):    4.859ns = ( 14.859 - 10.000 ) 
    Source Clock Delay      (SCD):    5.159ns
    Clock Pessimism Removal (CPR):    0.274ns
  Clock Uncertainty:      0.035ns  ((TSJ^2 + TIJ^2)^1/2 + DJ) / 2 + PE
    Total System Jitter     (TSJ):    0.071ns
    Total Input Jitter      (TIJ):    0.000ns
    Discrete Jitter          (DJ):    0.000ns
    Phase Error              (PE):    0.000ns

    Location             Delay type                Incr(ns)  Path(ns)    Netlist Resource(s)
  -------------------------------------------------------------------    -------------------
                         (clock sys_clk_pin rise edge)
                                                      0.000     0.000 r  
    W5                                                0.000     0.000 r  clkin (IN)
                         net (fo=0)                   0.000     0.000    clkin
    W5                   IBUF (Prop_ibuf_I_O)         1.458     1.458 r  clkin_IBUF_inst/O
                         net (fo=1, routed)           1.967     3.425    clkin_IBUF
    BUFGCTRL_X0Y0        BUFG (Prop_bufg_I_O)         0.096     3.521 r  clkin_IBUF_BUFG_inst/O
                         net (fo=26, routed)          1.638     5.159    clkin_IBUF_BUFG
    SLICE_X0Y6           FDRE                                         r  count_reg[20]/C
  -------------------------------------------------------------------    -------------------
    SLICE_X0Y6           FDRE (Prop_fdre_C_Q)         0.456     5.615 r  count_reg[20]/Q
                         net (fo=2, routed)           0.814     6.429    count[20]
    SLICE_X1Y7           LUT6 (Prop_lut6_I3_O)        0.124     6.553 r  count[24]_i_4/O
                         net (fo=2, routed)           0.872     7.425    count[24]_i_4_n_0
    SLICE_X1Y4           LUT5 (Prop_lut5_I1_O)        0.124     7.549 r  count[24]_i_1/O
                         net (fo=25, routed)          0.653     8.202    count[24]_i_1_n_0
    SLICE_X0Y7           FDRE                                         r  count_reg[21]/R
  -------------------------------------------------------------------    -------------------

                         (clock sys_clk_pin rise edge)
                                                     10.000    10.000 r  
    W5                                                0.000    10.000 r  clkin (IN)
                         net (fo=0)                   0.000    10.000    clkin
    W5                   IBUF (Prop_ibuf_I_O)         1.388    11.388 r  clkin_IBUF_inst/O
                         net (fo=1, routed)           1.862    13.250    clkin_IBUF
    BUFGCTRL_X0Y0        BUFG (Prop_bufg_I_O)         0.091    13.341 r  clkin_IBUF_BUFG_inst/O
                         net (fo=26, routed)          1.518    14.859    clkin_IBUF_BUFG
    SLICE_X0Y7           FDRE                                         r  count_reg[21]/C
                         clock pessimism              0.274    15.133    
                         clock uncertainty           -0.035    15.098    
    SLICE_X0Y7           FDRE (Setup_fdre_C_R)       -0.429    14.669    count_reg[21]
  -------------------------------------------------------------------
                         required time                         14.669    
                         arrival time                          -8.202    
  -------------------------------------------------------------------
                         slack                                  6.467    

Slack (MET) :             6.467ns  (required time - arrival time)
  Source:                 count_reg[20]/C
                            (rising edge-triggered cell FDRE clocked by sys_clk_pin  {rise@0.000ns fall@5.000ns period=10.000ns})
  Destination:            count_reg[22]/R
                            (rising edge-triggered cell FDRE clocked by sys_clk_pin  {rise@0.000ns fall@5.000ns period=10.000ns})
  Path Group:             sys_clk_pin
  Path Type:              Setup (Max at Slow Process Corner)
  Requirement:            10.000ns  (sys_clk_pin rise@10.000ns - sys_clk_pin rise@0.000ns)
  Data Path Delay:        3.043ns  (logic 0.704ns (23.138%)  route 2.339ns (76.862%))
  Logic Levels:           2  (LUT5=1 LUT6=1)
  Clock Path Skew:        -0.026ns (DCD - SCD + CPR)
    Destination Clock Delay (DCD):    4.859ns = ( 14.859 - 10.000 ) 
    Source Clock Delay      (SCD):    5.159ns
    Clock Pessimism Removal (CPR):    0.274ns
  Clock Uncertainty:      0.035ns  ((TSJ^2 + TIJ^2)^1/2 + DJ) / 2 + PE
    Total System Jitter     (TSJ):    0.071ns
    Total Input Jitter      (TIJ):    0.000ns
    Discrete Jitter          (DJ):    0.000ns
    Phase Error              (PE):    0.000ns

    Location             Delay type                Incr(ns)  Path(ns)    Netlist Resource(s)
  -------------------------------------------------------------------    -------------------
                         (clock sys_clk_pin rise edge)
                                                      0.000     0.000 r  
    W5                                                0.000     0.000 r  clkin (IN)
                         net (fo=0)                   0.000     0.000    clkin
    W5                   IBUF (Prop_ibuf_I_O)         1.458     1.458 r  clkin_IBUF_inst/O
                         net (fo=1, routed)           1.967     3.425    clkin_IBUF
    BUFGCTRL_X0Y0        BUFG (Prop_bufg_I_O)         0.096     3.521 r  clkin_IBUF_BUFG_inst/O
                         net (fo=26, routed)          1.638     5.159    clkin_IBUF_BUFG
    SLICE_X0Y6           FDRE                                         r  count_reg[20]/C
  -------------------------------------------------------------------    -------------------
    SLICE_X0Y6           FDRE (Prop_fdre_C_Q)         0.456     5.615 r  count_reg[20]/Q
                         net (fo=2, routed)           0.814     6.429    count[20]
    SLICE_X1Y7           LUT6 (Prop_lut6_I3_O)        0.124     6.553 r  count[24]_i_4/O
                         net (fo=2, routed)           0.872     7.425    count[24]_i_4_n_0
    SLICE_X1Y4           LUT5 (Prop_lut5_I1_O)        0.124     7.549 r  count[24]_i_1/O
                         net (fo=25, routed)          0.653     8.202    count[24]_i_1_n_0
    SLICE_X0Y7           FDRE                                         r  count_reg[22]/R
  -------------------------------------------------------------------    -------------------

                         (clock sys_clk_pin rise edge)
                                                     10.000    10.000 r  
    W5                                                0.000    10.000 r  clkin (IN)
                         net (fo=0)                   0.000    10.000    clkin
    W5                   IBUF (Prop_ibuf_I_O)         1.388    11.388 r  clkin_IBUF_inst/O
                         net (fo=1, routed)           1.862    13.250    clkin_IBUF
    BUFGCTRL_X0Y0        BUFG (Prop_bufg_I_O)         0.091    13.341 r  clkin_IBUF_BUFG_inst/O
                         net (fo=26, routed)          1.518    14.859    clkin_IBUF_BUFG
    SLICE_X0Y7           FDRE                                         r  count_reg[22]/C
                         clock pessimism              0.274    15.133    
                         clock uncertainty           -0.035    15.098    
    SLICE_X0Y7           FDRE (Setup_fdre_C_R)       -0.429    14.669    count_reg[22]
  -------------------------------------------------------------------
                         required time                         14.669    
                         arrival time                          -8.202    
  -------------------------------------------------------------------
                         slack                                  6.467    

Slack (MET) :             6.467ns  (required time - arrival time)
  Source:                 count_reg[20]/C
                            (rising edge-triggered cell FDRE clocked by sys_clk_pin  {rise@0.000ns fall@5.000ns period=10.000ns})
  Destination:            count_reg[23]/R
                            (rising edge-triggered cell FDRE clocked by sys_clk_pin  {rise@0.000ns fall@5.000ns period=10.000ns})
  Path Group:             sys_clk_pin
  Path Type:              Setup (Max at Slow Process Corner)
  Requirement:            10.000ns  (sys_clk_pin rise@10.000ns - sys_clk_pin rise@0.000ns)
  Data Path Delay:        3.043ns  (logic 0.704ns (23.138%)  route 2.339ns (76.862%))
  Logic Levels:           2  (LUT5=1 LUT6=1)
  Clock Path Skew:        -0.026ns (DCD - SCD + CPR)
    Destination Clock Delay (DCD):    4.859ns = ( 14.859 - 10.000 ) 
    Source Clock Delay      (SCD):    5.159ns
    Clock Pessimism Removal (CPR):    0.274ns
  Clock Uncertainty:      0.035ns  ((TSJ^2 + TIJ^2)^1/2 + DJ) / 2 + PE
    Total System Jitter     (TSJ):    0.071ns
    Total Input Jitter      (TIJ):    0.000ns
    Discrete Jitter          (DJ):    0.000ns
    Phase Error              (PE):    0.000ns

    Location             Delay type                Incr(ns)  Path(ns)    Netlist Resource(s)
  -------------------------------------------------------------------    -------------------
                         (clock sys_clk_pin rise edge)
                                                      0.000     0.000 r  
    W5                                                0.000     0.000 r  clkin (IN)
                         net (fo=0)                   0.000     0.000    clkin
    W5                   IBUF (Prop_ibuf_I_O)         1.458     1.458 r  clkin_IBUF_inst/O
                         net (fo=1, routed)           1.967     3.425    clkin_IBUF
    BUFGCTRL_X0Y0        BUFG (Prop_bufg_I_O)         0.096     3.521 r  clkin_IBUF_BUFG_inst/O
                         net (fo=26, routed)          1.638     5.159    clkin_IBUF_BUFG
    SLICE_X0Y6           FDRE                                         r  count_reg[20]/C
  -------------------------------------------------------------------    -------------------
    SLICE_X0Y6           FDRE (Prop_fdre_C_Q)         0.456     5.615 r  count_reg[20]/Q
                         net (fo=2, routed)           0.814     6.429    count[20]
    SLICE_X1Y7           LUT6 (Prop_lut6_I3_O)        0.124     6.553 r  count[24]_i_4/O
                         net (fo=2, routed)           0.872     7.425    count[24]_i_4_n_0
    SLICE_X1Y4           LUT5 (Prop_lut5_I1_O)        0.124     7.549 r  count[24]_i_1/O
                         net (fo=25, routed)          0.653     8.202    count[24]_i_1_n_0
    SLICE_X0Y7           FDRE                                         r  count_reg[23]/R
  -------------------------------------------------------------------    -------------------

                         (clock sys_clk_pin rise edge)
                                                     10.000    10.000 r  
    W5                                                0.000    10.000 r  clkin (IN)
                         net (fo=0)                   0.000    10.000    clkin
    W5                   IBUF (Prop_ibuf_I_O)         1.388    11.388 r  clkin_IBUF_inst/O
                         net (fo=1, routed)           1.862    13.250    clkin_IBUF
    BUFGCTRL_X0Y0        BUFG (Prop_bufg_I_O)         0.091    13.341 r  clkin_IBUF_BUFG_inst/O
                         net (fo=26, routed)          1.518    14.859    clkin_IBUF_BUFG
    SLICE_X0Y7           FDRE                                         r  count_reg[23]/C
                         clock pessimism              0.274    15.133    
                         clock uncertainty           -0.035    15.098    
    SLICE_X0Y7           FDRE (Setup_fdre_C_R)       -0.429    14.669    count_reg[23]
  -------------------------------------------------------------------
                         required time                         14.669    
                         arrival time                          -8.202    
  -------------------------------------------------------------------
                         slack                                  6.467    

Slack (MET) :             6.467ns  (required time - arrival time)
  Source:                 count_reg[20]/C
                            (rising edge-triggered cell FDRE clocked by sys_clk_pin  {rise@0.000ns fall@5.000ns period=10.000ns})
  Destination:            count_reg[24]/R
                            (rising edge-triggered cell FDRE clocked by sys_clk_pin  {rise@0.000ns fall@5.000ns period=10.000ns})
  Path Group:             sys_clk_pin
  Path Type:              Setup (Max at Slow Process Corner)
  Requirement:            10.000ns  (sys_clk_pin rise@10.000ns - sys_clk_pin rise@0.000ns)
  Data Path Delay:        3.043ns  (logic 0.704ns (23.138%)  route 2.339ns (76.862%))
  Logic Levels:           2  (LUT5=1 LUT6=1)
  Clock Path Skew:        -0.026ns (DCD - SCD + CPR)
    Destination Clock Delay (DCD):    4.859ns = ( 14.859 - 10.000 ) 
    Source Clock Delay      (SCD):    5.159ns
    Clock Pessimism Removal (CPR):    0.274ns
  Clock Uncertainty:      0.035ns  ((TSJ^2 + TIJ^2)^1/2 + DJ) / 2 + PE
    Total System Jitter     (TSJ):    0.071ns
    Total Input Jitter      (TIJ):    0.000ns
    Discrete Jitter          (DJ):    0.000ns
    Phase Error              (PE):    0.000ns

    Location             Delay type                Incr(ns)  Path(ns)    Netlist Resource(s)
  -------------------------------------------------------------------    -------------------
                         (clock sys_clk_pin rise edge)
                                                      0.000     0.000 r  
    W5                                                0.000     0.000 r  clkin (IN)
                         net (fo=0)                   0.000     0.000    clkin
    W5                   IBUF (Prop_ibuf_I_O)         1.458     1.458 r  clkin_IBUF_inst/O
                         net (fo=1, routed)           1.967     3.425    clkin_IBUF
    BUFGCTRL_X0Y0        BUFG (Prop_bufg_I_O)         0.096     3.521 r  clkin_IBUF_BUFG_inst/O
                         net (fo=26, routed)          1.638     5.159    clkin_IBUF_BUFG
    SLICE_X0Y6           FDRE                                         r  count_reg[20]/C
  -------------------------------------------------------------------    -------------------
    SLICE_X0Y6           FDRE (Prop_fdre_C_Q)         0.456     5.615 r  count_reg[20]/Q
                         net (fo=2, routed)           0.814     6.429    count[20]
    SLICE_X1Y7           LUT6 (Prop_lut6_I3_O)        0.124     6.553 r  count[24]_i_4/O
                         net (fo=2, routed)           0.872     7.425    count[24]_i_4_n_0
    SLICE_X1Y4           LUT5 (Prop_lut5_I1_O)        0.124     7.549 r  count[24]_i_1/O
                         net (fo=25, routed)          0.653     8.202    count[24]_i_1_n_0
    SLICE_X0Y7           FDRE                                         r  count_reg[24]/R
  -------------------------------------------------------------------    -------------------

                         (clock sys_clk_pin rise edge)
                                                     10.000    10.000 r  
    W5                                                0.000    10.000 r  clkin (IN)
                         net (fo=0)                   0.000    10.000    clkin
    W5                   IBUF (Prop_ibuf_I_O)         1.388    11.388 r  clkin_IBUF_inst/O
                         net (fo=1, routed)           1.862    13.250    clkin_IBUF
    BUFGCTRL_X0Y0        BUFG (Prop_bufg_I_O)         0.091    13.341 r  clkin_IBUF_BUFG_inst/O
                         net (fo=26, routed)          1.518    14.859    clkin_IBUF_BUFG
    SLICE_X0Y7           FDRE                                         r  count_reg[24]/C
                         clock pessimism              0.274    15.133    
                         clock uncertainty           -0.035    15.098    
    SLICE_X0Y7           FDRE (Setup_fdre_C_R)       -0.429    14.669    count_reg[24]
  -------------------------------------------------------------------
                         required time                         14.669    
                         arrival time                          -8.202    
  -------------------------------------------------------------------
                         slack                                  6.467    

Slack (MET) :             6.557ns  (required time - arrival time)
  Source:                 count_reg[20]/C
                            (rising edge-triggered cell FDRE clocked by sys_clk_pin  {rise@0.000ns fall@5.000ns period=10.000ns})
  Destination:            count_reg[1]/R
                            (rising edge-triggered cell FDRE clocked by sys_clk_pin  {rise@0.000ns fall@5.000ns period=10.000ns})
  Path Group:             sys_clk_pin
  Path Type:              Setup (Max at Slow Process Corner)
  Requirement:            10.000ns  (sys_clk_pin rise@10.000ns - sys_clk_pin rise@0.000ns)
  Data Path Delay:        2.955ns  (logic 0.704ns (23.827%)  route 2.251ns (76.173%))
  Logic Levels:           2  (LUT5=1 LUT6=1)
  Clock Path Skew:        -0.024ns (DCD - SCD + CPR)
    Destination Clock Delay (DCD):    4.861ns = ( 14.861 - 10.000 ) 
    Source Clock Delay      (SCD):    5.159ns
    Clock Pessimism Removal (CPR):    0.274ns
  Clock Uncertainty:      0.035ns  ((TSJ^2 + TIJ^2)^1/2 + DJ) / 2 + PE
    Total System Jitter     (TSJ):    0.071ns
    Total Input Jitter      (TIJ):    0.000ns
    Discrete Jitter          (DJ):    0.000ns
    Phase Error              (PE):    0.000ns

    Location             Delay type                Incr(ns)  Path(ns)    Netlist Resource(s)
  -------------------------------------------------------------------    -------------------
                         (clock sys_clk_pin rise edge)
                                                      0.000     0.000 r  
    W5                                                0.000     0.000 r  clkin (IN)
                         net (fo=0)                   0.000     0.000    clkin
    W5                   IBUF (Prop_ibuf_I_O)         1.458     1.458 r  clkin_IBUF_inst/O
                         net (fo=1, routed)           1.967     3.425    clkin_IBUF
    BUFGCTRL_X0Y0        BUFG (Prop_bufg_I_O)         0.096     3.521 r  clkin_IBUF_BUFG_inst/O
                         net (fo=26, routed)          1.638     5.159    clkin_IBUF_BUFG
    SLICE_X0Y6           FDRE                                         r  count_reg[20]/C
  -------------------------------------------------------------------    -------------------
    SLICE_X0Y6           FDRE (Prop_fdre_C_Q)         0.456     5.615 r  count_reg[20]/Q
                         net (fo=2, routed)           0.814     6.429    count[20]
    SLICE_X1Y7           LUT6 (Prop_lut6_I3_O)        0.124     6.553 r  count[24]_i_4/O
                         net (fo=2, routed)           0.872     7.425    count[24]_i_4_n_0
    SLICE_X1Y4           LUT5 (Prop_lut5_I1_O)        0.124     7.549 r  count[24]_i_1/O
                         net (fo=25, routed)          0.565     8.114    count[24]_i_1_n_0
    SLICE_X0Y2           FDRE                                         r  count_reg[1]/R
  -------------------------------------------------------------------    -------------------

                         (clock sys_clk_pin rise edge)
                                                     10.000    10.000 r  
    W5                                                0.000    10.000 r  clkin (IN)
                         net (fo=0)                   0.000    10.000    clkin
    W5                   IBUF (Prop_ibuf_I_O)         1.388    11.388 r  clkin_IBUF_inst/O
                         net (fo=1, routed)           1.862    13.250    clkin_IBUF
    BUFGCTRL_X0Y0        BUFG (Prop_bufg_I_O)         0.091    13.341 r  clkin_IBUF_BUFG_inst/O
                         net (fo=26, routed)          1.520    14.861    clkin_IBUF_BUFG
    SLICE_X0Y2           FDRE                                         r  count_reg[1]/C
                         clock pessimism              0.274    15.135    
                         clock uncertainty           -0.035    15.100    
    SLICE_X0Y2           FDRE (Setup_fdre_C_R)       -0.429    14.671    count_reg[1]
  -------------------------------------------------------------------
                         required time                         14.671    
                         arrival time                          -8.114    
  -------------------------------------------------------------------
                         slack                                  6.557    

Slack (MET) :             6.557ns  (required time - arrival time)
  Source:                 count_reg[20]/C
                            (rising edge-triggered cell FDRE clocked by sys_clk_pin  {rise@0.000ns fall@5.000ns period=10.000ns})
  Destination:            count_reg[2]/R
                            (rising edge-triggered cell FDRE clocked by sys_clk_pin  {rise@0.000ns fall@5.000ns period=10.000ns})
  Path Group:             sys_clk_pin
  Path Type:              Setup (Max at Slow Process Corner)
  Requirement:            10.000ns  (sys_clk_pin rise@10.000ns - sys_clk_pin rise@0.000ns)
  Data Path Delay:        2.955ns  (logic 0.704ns (23.827%)  route 2.251ns (76.173%))
  Logic Levels:           2  (LUT5=1 LUT6=1)
  Clock Path Skew:        -0.024ns (DCD - SCD + CPR)
    Destination Clock Delay (DCD):    4.861ns = ( 14.861 - 10.000 ) 
    Source Clock Delay      (SCD):    5.159ns
    Clock Pessimism Removal (CPR):    0.274ns
  Clock Uncertainty:      0.035ns  ((TSJ^2 + TIJ^2)^1/2 + DJ) / 2 + PE
    Total System Jitter     (TSJ):    0.071ns
    Total Input Jitter      (TIJ):    0.000ns
    Discrete Jitter          (DJ):    0.000ns
    Phase Error              (PE):    0.000ns

    Location             Delay type                Incr(ns)  Path(ns)    Netlist Resource(s)
  -------------------------------------------------------------------    -------------------
                         (clock sys_clk_pin rise edge)
                                                      0.000     0.000 r  
    W5                                                0.000     0.000 r  clkin (IN)
                         net (fo=0)                   0.000     0.000    clkin
    W5                   IBUF (Prop_ibuf_I_O)         1.458     1.458 r  clkin_IBUF_inst/O
                         net (fo=1, routed)           1.967     3.425    clkin_IBUF
    BUFGCTRL_X0Y0        BUFG (Prop_bufg_I_O)         0.096     3.521 r  clkin_IBUF_BUFG_inst/O
                         net (fo=26, routed)          1.638     5.159    clkin_IBUF_BUFG
    SLICE_X0Y6           FDRE                                         r  count_reg[20]/C
  -------------------------------------------------------------------    -------------------
    SLICE_X0Y6           FDRE (Prop_fdre_C_Q)         0.456     5.615 r  count_reg[20]/Q
                         net (fo=2, routed)           0.814     6.429    count[20]
    SLICE_X1Y7           LUT6 (Prop_lut6_I3_O)        0.124     6.553 r  count[24]_i_4/O
                         net (fo=2, routed)           0.872     7.425    count[24]_i_4_n_0
    SLICE_X1Y4           LUT5 (Prop_lut5_I1_O)        0.124     7.549 r  count[24]_i_1/O
                         net (fo=25, routed)          0.565     8.114    count[24]_i_1_n_0
    SLICE_X0Y2           FDRE                                         r  count_reg[2]/R
  -------------------------------------------------------------------    -------------------

                         (clock sys_clk_pin rise edge)
                                                     10.000    10.000 r  
    W5                                                0.000    10.000 r  clkin (IN)
                         net (fo=0)                   0.000    10.000    clkin
    W5                   IBUF (Prop_ibuf_I_O)         1.388    11.388 r  clkin_IBUF_inst/O
                         net (fo=1, routed)           1.862    13.250    clkin_IBUF
    BUFGCTRL_X0Y0        BUFG (Prop_bufg_I_O)         0.091    13.341 r  clkin_IBUF_BUFG_inst/O
                         net (fo=26, routed)          1.520    14.861    clkin_IBUF_BUFG
    SLICE_X0Y2           FDRE                                         r  count_reg[2]/C
                         clock pessimism              0.274    15.135    
                         clock uncertainty           -0.035    15.100    
    SLICE_X0Y2           FDRE (Setup_fdre_C_R)       -0.429    14.671    count_reg[2]
  -------------------------------------------------------------------
                         required time                         14.671    
                         arrival time                          -8.114    
  -------------------------------------------------------------------
                         slack                                  6.557    





Min Delay Paths
--------------------------------------------------------------------------------------
Slack (MET) :             0.263ns  (arrival time - required time)
  Source:                 clkout_reg/C
                            (rising edge-triggered cell FDRE clocked by sys_clk_pin  {rise@0.000ns fall@5.000ns period=10.000ns})
  Destination:            clkout_reg/D
                            (rising edge-triggered cell FDRE clocked by sys_clk_pin  {rise@0.000ns fall@5.000ns period=10.000ns})
  Path Group:             sys_clk_pin
  Path Type:              Hold (Min at Fast Process Corner)
  Requirement:            0.000ns  (sys_clk_pin rise@0.000ns - sys_clk_pin rise@0.000ns)
  Data Path Delay:        0.354ns  (logic 0.186ns (52.507%)  route 0.168ns (47.493%))
  Logic Levels:           1  (LUT6=1)
  Clock Path Skew:        0.000ns (DCD - SCD - CPR)
    Destination Clock Delay (DCD):    1.993ns
    Source Clock Delay      (SCD):    1.478ns
    Clock Pessimism Removal (CPR):    0.515ns

    Location             Delay type                Incr(ns)  Path(ns)    Netlist Resource(s)
  -------------------------------------------------------------------    -------------------
                         (clock sys_clk_pin rise edge)
                                                      0.000     0.000 r  
    W5                                                0.000     0.000 r  clkin (IN)
                         net (fo=0)                   0.000     0.000    clkin
    W5                   IBUF (Prop_ibuf_I_O)         0.226     0.226 r  clkin_IBUF_inst/O
                         net (fo=1, routed)           0.631     0.858    clkin_IBUF
    BUFGCTRL_X0Y0        BUFG (Prop_bufg_I_O)         0.026     0.884 r  clkin_IBUF_BUFG_inst/O
                         net (fo=26, routed)          0.595     1.478    clkin_IBUF_BUFG
    SLICE_X1Y4           FDRE                                         r  clkout_reg/C
  -------------------------------------------------------------------    -------------------
    SLICE_X1Y4           FDRE (Prop_fdre_C_Q)         0.141     1.619 r  clkout_reg/Q
                         net (fo=2, routed)           0.168     1.787    clkout_OBUF
    SLICE_X1Y4           LUT6 (Prop_lut6_I5_O)        0.045     1.832 r  clkout_i_1/O
                         net (fo=1, routed)           0.000     1.832    clkout_i_1_n_0
    SLICE_X1Y4           FDRE                                         r  clkout_reg/D
  -------------------------------------------------------------------    -------------------

                         (clock sys_clk_pin rise edge)
                                                      0.000     0.000 r  
    W5                                                0.000     0.000 r  clkin (IN)
                         net (fo=0)                   0.000     0.000    clkin
    W5                   IBUF (Prop_ibuf_I_O)         0.414     0.414 r  clkin_IBUF_inst/O
                         net (fo=1, routed)           0.685     1.099    clkin_IBUF
    BUFGCTRL_X0Y0        BUFG (Prop_bufg_I_O)         0.029     1.128 r  clkin_IBUF_BUFG_inst/O
                         net (fo=26, routed)          0.866     1.993    clkin_IBUF_BUFG
    SLICE_X1Y4           FDRE                                         r  clkout_reg/C
                         clock pessimism             -0.515     1.478    
    SLICE_X1Y4           FDRE (Hold_fdre_C_D)         0.091     1.569    clkout_reg
  -------------------------------------------------------------------
                         required time                         -1.569    
                         arrival time                           1.832    
  -------------------------------------------------------------------
                         slack                                  0.263    

Slack (MET) :             0.274ns  (arrival time - required time)
  Source:                 count_reg[0]/C
                            (rising edge-triggered cell FDRE clocked by sys_clk_pin  {rise@0.000ns fall@5.000ns period=10.000ns})
  Destination:            count_reg[0]/D
                            (rising edge-triggered cell FDRE clocked by sys_clk_pin  {rise@0.000ns fall@5.000ns period=10.000ns})
  Path Group:             sys_clk_pin
  Path Type:              Hold (Min at Fast Process Corner)
  Requirement:            0.000ns  (sys_clk_pin rise@0.000ns - sys_clk_pin rise@0.000ns)
  Data Path Delay:        0.365ns  (logic 0.186ns (50.931%)  route 0.179ns (49.069%))
  Logic Levels:           1  (LUT1=1)
  Clock Path Skew:        0.000ns (DCD - SCD - CPR)
    Destination Clock Delay (DCD):    1.994ns
    Source Clock Delay      (SCD):    1.479ns
    Clock Pessimism Removal (CPR):    0.515ns

    Location             Delay type                Incr(ns)  Path(ns)    Netlist Resource(s)
  -------------------------------------------------------------------    -------------------
                         (clock sys_clk_pin rise edge)
                                                      0.000     0.000 r  
    W5                                                0.000     0.000 r  clkin (IN)
                         net (fo=0)                   0.000     0.000    clkin
    W5                   IBUF (Prop_ibuf_I_O)         0.226     0.226 r  clkin_IBUF_inst/O
                         net (fo=1, routed)           0.631     0.858    clkin_IBUF
    BUFGCTRL_X0Y0        BUFG (Prop_bufg_I_O)         0.026     0.884 r  clkin_IBUF_BUFG_inst/O
                         net (fo=26, routed)          0.596     1.479    clkin_IBUF_BUFG
    SLICE_X1Y2           FDRE                                         r  count_reg[0]/C
  -------------------------------------------------------------------    -------------------
    SLICE_X1Y2           FDRE (Prop_fdre_C_Q)         0.141     1.620 f  count_reg[0]/Q
                         net (fo=4, routed)           0.179     1.799    count[0]
    SLICE_X1Y2           LUT1 (Prop_lut1_I0_O)        0.045     1.844 r  count[0]_i_1/O
                         net (fo=1, routed)           0.000     1.844    p_1_in[0]
    SLICE_X1Y2           FDRE                                         r  count_reg[0]/D
  -------------------------------------------------------------------    -------------------

                         (clock sys_clk_pin rise edge)
                                                      0.000     0.000 r  
    W5                                                0.000     0.000 r  clkin (IN)
                         net (fo=0)                   0.000     0.000    clkin
    W5                   IBUF (Prop_ibuf_I_O)         0.414     0.414 r  clkin_IBUF_inst/O
                         net (fo=1, routed)           0.685     1.099    clkin_IBUF
    BUFGCTRL_X0Y0        BUFG (Prop_bufg_I_O)         0.029     1.128 r  clkin_IBUF_BUFG_inst/O
                         net (fo=26, routed)          0.867     1.994    clkin_IBUF_BUFG
    SLICE_X1Y2           FDRE                                         r  count_reg[0]/C
                         clock pessimism             -0.515     1.479    
    SLICE_X1Y2           FDRE (Hold_fdre_C_D)         0.091     1.570    count_reg[0]
  -------------------------------------------------------------------
                         required time                         -1.570    
                         arrival time                           1.844    
  -------------------------------------------------------------------
                         slack                                  0.274    

Slack (MET) :             0.280ns  (arrival time - required time)
  Source:                 count_reg[11]/C
                            (rising edge-triggered cell FDRE clocked by sys_clk_pin  {rise@0.000ns fall@5.000ns period=10.000ns})
  Destination:            count_reg[11]/D
                            (rising edge-triggered cell FDRE clocked by sys_clk_pin  {rise@0.000ns fall@5.000ns period=10.000ns})
  Path Group:             sys_clk_pin
  Path Type:              Hold (Min at Fast Process Corner)
  Requirement:            0.000ns  (sys_clk_pin rise@0.000ns - sys_clk_pin rise@0.000ns)
  Data Path Delay:        0.385ns  (logic 0.252ns (65.529%)  route 0.133ns (34.471%))
  Logic Levels:           1  (CARRY4=1)
  Clock Path Skew:        0.000ns (DCD - SCD - CPR)
    Destination Clock Delay (DCD):    1.993ns
    Source Clock Delay      (SCD):    1.478ns
    Clock Pessimism Removal (CPR):    0.515ns

    Location             Delay type                Incr(ns)  Path(ns)    Netlist Resource(s)
  -------------------------------------------------------------------    -------------------
                         (clock sys_clk_pin rise edge)
                                                      0.000     0.000 r  
    W5                                                0.000     0.000 r  clkin (IN)
                         net (fo=0)                   0.000     0.000    clkin
    W5                   IBUF (Prop_ibuf_I_O)         0.226     0.226 r  clkin_IBUF_inst/O
                         net (fo=1, routed)           0.631     0.858    clkin_IBUF
    BUFGCTRL_X0Y0        BUFG (Prop_bufg_I_O)         0.026     0.884 r  clkin_IBUF_BUFG_inst/O
                         net (fo=26, routed)          0.595     1.478    clkin_IBUF_BUFG
    SLICE_X0Y4           FDRE                                         r  count_reg[11]/C
  -------------------------------------------------------------------    -------------------
    SLICE_X0Y4           FDRE (Prop_fdre_C_Q)         0.141     1.619 r  count_reg[11]/Q
                         net (fo=2, routed)           0.133     1.752    count[11]
    SLICE_X0Y4           CARRY4 (Prop_carry4_S[2]_O[2])
                                                      0.111     1.863 r  count_reg[12]_i_1/O[2]
                         net (fo=1, routed)           0.000     1.863    p_1_in[11]
    SLICE_X0Y4           FDRE                                         r  count_reg[11]/D
  -------------------------------------------------------------------    -------------------

                         (clock sys_clk_pin rise edge)
                                                      0.000     0.000 r  
    W5                                                0.000     0.000 r  clkin (IN)
                         net (fo=0)                   0.000     0.000    clkin
    W5                   IBUF (Prop_ibuf_I_O)         0.414     0.414 r  clkin_IBUF_inst/O
                         net (fo=1, routed)           0.685     1.099    clkin_IBUF
    BUFGCTRL_X0Y0        BUFG (Prop_bufg_I_O)         0.029     1.128 r  clkin_IBUF_BUFG_inst/O
                         net (fo=26, routed)          0.866     1.993    clkin_IBUF_BUFG
    SLICE_X0Y4           FDRE                                         r  count_reg[11]/C
                         clock pessimism             -0.515     1.478    
    SLICE_X0Y4           FDRE (Hold_fdre_C_D)         0.105     1.583    count_reg[11]
  -------------------------------------------------------------------
                         required time                         -1.583    
                         arrival time                           1.863    
  -------------------------------------------------------------------
                         slack                                  0.280    

Slack (MET) :             0.280ns  (arrival time - required time)
  Source:                 count_reg[15]/C
                            (rising edge-triggered cell FDRE clocked by sys_clk_pin  {rise@0.000ns fall@5.000ns period=10.000ns})
  Destination:            count_reg[15]/D
                            (rising edge-triggered cell FDRE clocked by sys_clk_pin  {rise@0.000ns fall@5.000ns period=10.000ns})
  Path Group:             sys_clk_pin
  Path Type:              Hold (Min at Fast Process Corner)
  Requirement:            0.000ns  (sys_clk_pin rise@0.000ns - sys_clk_pin rise@0.000ns)
  Data Path Delay:        0.385ns  (logic 0.252ns (65.529%)  route 0.133ns (34.471%))
  Logic Levels:           1  (CARRY4=1)
  Clock Path Skew:        0.000ns (DCD - SCD - CPR)
    Destination Clock Delay (DCD):    1.993ns
    Source Clock Delay      (SCD):    1.478ns
    Clock Pessimism Removal (CPR):    0.515ns

    Location             Delay type                Incr(ns)  Path(ns)    Netlist Resource(s)
  -------------------------------------------------------------------    -------------------
                         (clock sys_clk_pin rise edge)
                                                      0.000     0.000 r  
    W5                                                0.000     0.000 r  clkin (IN)
                         net (fo=0)                   0.000     0.000    clkin
    W5                   IBUF (Prop_ibuf_I_O)         0.226     0.226 r  clkin_IBUF_inst/O
                         net (fo=1, routed)           0.631     0.858    clkin_IBUF
    BUFGCTRL_X0Y0        BUFG (Prop_bufg_I_O)         0.026     0.884 r  clkin_IBUF_BUFG_inst/O
                         net (fo=26, routed)          0.595     1.478    clkin_IBUF_BUFG
    SLICE_X0Y5           FDRE                                         r  count_reg[15]/C
  -------------------------------------------------------------------    -------------------
    SLICE_X0Y5           FDRE (Prop_fdre_C_Q)         0.141     1.619 r  count_reg[15]/Q
                         net (fo=2, routed)           0.133     1.752    count[15]
    SLICE_X0Y5           CARRY4 (Prop_carry4_S[2]_O[2])
                                                      0.111     1.863 r  count_reg[16]_i_1/O[2]
                         net (fo=1, routed)           0.000     1.863    p_1_in[15]
    SLICE_X0Y5           FDRE                                         r  count_reg[15]/D
  -------------------------------------------------------------------    -------------------

                         (clock sys_clk_pin rise edge)
                                                      0.000     0.000 r  
    W5                                                0.000     0.000 r  clkin (IN)
                         net (fo=0)                   0.000     0.000    clkin
    W5                   IBUF (Prop_ibuf_I_O)         0.414     0.414 r  clkin_IBUF_inst/O
                         net (fo=1, routed)           0.685     1.099    clkin_IBUF
    BUFGCTRL_X0Y0        BUFG (Prop_bufg_I_O)         0.029     1.128 r  clkin_IBUF_BUFG_inst/O
                         net (fo=26, routed)          0.866     1.993    clkin_IBUF_BUFG
    SLICE_X0Y5           FDRE                                         r  count_reg[15]/C
                         clock pessimism             -0.515     1.478    
    SLICE_X0Y5           FDRE (Hold_fdre_C_D)         0.105     1.583    count_reg[15]
  -------------------------------------------------------------------
                         required time                         -1.583    
                         arrival time                           1.863    
  -------------------------------------------------------------------
                         slack                                  0.280    

Slack (MET) :             0.280ns  (arrival time - required time)
  Source:                 count_reg[23]/C
                            (rising edge-triggered cell FDRE clocked by sys_clk_pin  {rise@0.000ns fall@5.000ns period=10.000ns})
  Destination:            count_reg[23]/D
                            (rising edge-triggered cell FDRE clocked by sys_clk_pin  {rise@0.000ns fall@5.000ns period=10.000ns})
  Path Group:             sys_clk_pin
  Path Type:              Hold (Min at Fast Process Corner)
  Requirement:            0.000ns  (sys_clk_pin rise@0.000ns - sys_clk_pin rise@0.000ns)
  Data Path Delay:        0.385ns  (logic 0.252ns (65.529%)  route 0.133ns (34.471%))
  Logic Levels:           1  (CARRY4=1)
  Clock Path Skew:        0.000ns (DCD - SCD - CPR)
    Destination Clock Delay (DCD):    1.992ns
    Source Clock Delay      (SCD):    1.477ns
    Clock Pessimism Removal (CPR):    0.515ns

    Location             Delay type                Incr(ns)  Path(ns)    Netlist Resource(s)
  -------------------------------------------------------------------    -------------------
                         (clock sys_clk_pin rise edge)
                                                      0.000     0.000 r  
    W5                                                0.000     0.000 r  clkin (IN)
                         net (fo=0)                   0.000     0.000    clkin
    W5                   IBUF (Prop_ibuf_I_O)         0.226     0.226 r  clkin_IBUF_inst/O
                         net (fo=1, routed)           0.631     0.858    clkin_IBUF
    BUFGCTRL_X0Y0        BUFG (Prop_bufg_I_O)         0.026     0.884 r  clkin_IBUF_BUFG_inst/O
                         net (fo=26, routed)          0.594     1.477    clkin_IBUF_BUFG
    SLICE_X0Y7           FDRE                                         r  count_reg[23]/C
  -------------------------------------------------------------------    -------------------
    SLICE_X0Y7           FDRE (Prop_fdre_C_Q)         0.141     1.618 r  count_reg[23]/Q
                         net (fo=2, routed)           0.133     1.751    count[23]
    SLICE_X0Y7           CARRY4 (Prop_carry4_S[2]_O[2])
                                                      0.111     1.862 r  count_reg[24]_i_2/O[2]
                         net (fo=1, routed)           0.000     1.862    p_1_in[23]
    SLICE_X0Y7           FDRE                                         r  count_reg[23]/D
  -------------------------------------------------------------------    -------------------

                         (clock sys_clk_pin rise edge)
                                                      0.000     0.000 r  
    W5                                                0.000     0.000 r  clkin (IN)
                         net (fo=0)                   0.000     0.000    clkin
    W5                   IBUF (Prop_ibuf_I_O)         0.414     0.414 r  clkin_IBUF_inst/O
                         net (fo=1, routed)           0.685     1.099    clkin_IBUF
    BUFGCTRL_X0Y0        BUFG (Prop_bufg_I_O)         0.029     1.128 r  clkin_IBUF_BUFG_inst/O
                         net (fo=26, routed)          0.865     1.992    clkin_IBUF_BUFG
    SLICE_X0Y7           FDRE                                         r  count_reg[23]/C
                         clock pessimism             -0.515     1.477    
    SLICE_X0Y7           FDRE (Hold_fdre_C_D)         0.105     1.582    count_reg[23]
  -------------------------------------------------------------------
                         required time                         -1.582    
                         arrival time                           1.862    
  -------------------------------------------------------------------
                         slack                                  0.280    

Slack (MET) :             0.280ns  (arrival time - required time)
  Source:                 count_reg[3]/C
                            (rising edge-triggered cell FDRE clocked by sys_clk_pin  {rise@0.000ns fall@5.000ns period=10.000ns})
  Destination:            count_reg[3]/D
                            (rising edge-triggered cell FDRE clocked by sys_clk_pin  {rise@0.000ns fall@5.000ns period=10.000ns})
  Path Group:             sys_clk_pin
  Path Type:              Hold (Min at Fast Process Corner)
  Requirement:            0.000ns  (sys_clk_pin rise@0.000ns - sys_clk_pin rise@0.000ns)
  Data Path Delay:        0.385ns  (logic 0.252ns (65.465%)  route 0.133ns (34.535%))
  Logic Levels:           1  (CARRY4=1)
  Clock Path Skew:        0.000ns (DCD - SCD - CPR)
    Destination Clock Delay (DCD):    1.994ns
    Source Clock Delay      (SCD):    1.479ns
    Clock Pessimism Removal (CPR):    0.515ns

    Location             Delay type                Incr(ns)  Path(ns)    Netlist Resource(s)
  -------------------------------------------------------------------    -------------------
                         (clock sys_clk_pin rise edge)
                                                      0.000     0.000 r  
    W5                                                0.000     0.000 r  clkin (IN)
                         net (fo=0)                   0.000     0.000    clkin
    W5                   IBUF (Prop_ibuf_I_O)         0.226     0.226 r  clkin_IBUF_inst/O
                         net (fo=1, routed)           0.631     0.858    clkin_IBUF
    BUFGCTRL_X0Y0        BUFG (Prop_bufg_I_O)         0.026     0.884 r  clkin_IBUF_BUFG_inst/O
                         net (fo=26, routed)          0.596     1.479    clkin_IBUF_BUFG
    SLICE_X0Y2           FDRE                                         r  count_reg[3]/C
  -------------------------------------------------------------------    -------------------
    SLICE_X0Y2           FDRE (Prop_fdre_C_Q)         0.141     1.620 r  count_reg[3]/Q
                         net (fo=2, routed)           0.133     1.753    count[3]
    SLICE_X0Y2           CARRY4 (Prop_carry4_S[2]_O[2])
                                                      0.111     1.864 r  count_reg[4]_i_1/O[2]
                         net (fo=1, routed)           0.000     1.864    p_1_in[3]
    SLICE_X0Y2           FDRE                                         r  count_reg[3]/D
  -------------------------------------------------------------------    -------------------

                         (clock sys_clk_pin rise edge)
                                                      0.000     0.000 r  
    W5                                                0.000     0.000 r  clkin (IN)
                         net (fo=0)                   0.000     0.000    clkin
    W5                   IBUF (Prop_ibuf_I_O)         0.414     0.414 r  clkin_IBUF_inst/O
                         net (fo=1, routed)           0.685     1.099    clkin_IBUF
    BUFGCTRL_X0Y0        BUFG (Prop_bufg_I_O)         0.029     1.128 r  clkin_IBUF_BUFG_inst/O
                         net (fo=26, routed)          0.867     1.994    clkin_IBUF_BUFG
    SLICE_X0Y2           FDRE                                         r  count_reg[3]/C
                         clock pessimism             -0.515     1.479    
    SLICE_X0Y2           FDRE (Hold_fdre_C_D)         0.105     1.584    count_reg[3]
  -------------------------------------------------------------------
                         required time                         -1.584    
                         arrival time                           1.864    
  -------------------------------------------------------------------
                         slack                                  0.280    

Slack (MET) :             0.281ns  (arrival time - required time)
  Source:                 count_reg[19]/C
                            (rising edge-triggered cell FDRE clocked by sys_clk_pin  {rise@0.000ns fall@5.000ns period=10.000ns})
  Destination:            count_reg[19]/D
                            (rising edge-triggered cell FDRE clocked by sys_clk_pin  {rise@0.000ns fall@5.000ns period=10.000ns})
  Path Group:             sys_clk_pin
  Path Type:              Hold (Min at Fast Process Corner)
  Requirement:            0.000ns  (sys_clk_pin rise@0.000ns - sys_clk_pin rise@0.000ns)
  Data Path Delay:        0.386ns  (logic 0.252ns (65.354%)  route 0.134ns (34.646%))
  Logic Levels:           1  (CARRY4=1)
  Clock Path Skew:        0.000ns (DCD - SCD - CPR)
    Destination Clock Delay (DCD):    1.993ns
    Source Clock Delay      (SCD):    1.478ns
    Clock Pessimism Removal (CPR):    0.515ns

    Location             Delay type                Incr(ns)  Path(ns)    Netlist Resource(s)
  -------------------------------------------------------------------    -------------------
                         (clock sys_clk_pin rise edge)
                                                      0.000     0.000 r  
    W5                                                0.000     0.000 r  clkin (IN)
                         net (fo=0)                   0.000     0.000    clkin
    W5                   IBUF (Prop_ibuf_I_O)         0.226     0.226 r  clkin_IBUF_inst/O
                         net (fo=1, routed)           0.631     0.858    clkin_IBUF
    BUFGCTRL_X0Y0        BUFG (Prop_bufg_I_O)         0.026     0.884 r  clkin_IBUF_BUFG_inst/O
                         net (fo=26, routed)          0.595     1.478    clkin_IBUF_BUFG
    SLICE_X0Y6           FDRE                                         r  count_reg[19]/C
  -------------------------------------------------------------------    -------------------
    SLICE_X0Y6           FDRE (Prop_fdre_C_Q)         0.141     1.619 r  count_reg[19]/Q
                         net (fo=2, routed)           0.134     1.753    count[19]
    SLICE_X0Y6           CARRY4 (Prop_carry4_S[2]_O[2])
                                                      0.111     1.864 r  count_reg[20]_i_1/O[2]
                         net (fo=1, routed)           0.000     1.864    p_1_in[19]
    SLICE_X0Y6           FDRE                                         r  count_reg[19]/D
  -------------------------------------------------------------------    -------------------

                         (clock sys_clk_pin rise edge)
                                                      0.000     0.000 r  
    W5                                                0.000     0.000 r  clkin (IN)
                         net (fo=0)                   0.000     0.000    clkin
    W5                   IBUF (Prop_ibuf_I_O)         0.414     0.414 r  clkin_IBUF_inst/O
                         net (fo=1, routed)           0.685     1.099    clkin_IBUF
    BUFGCTRL_X0Y0        BUFG (Prop_bufg_I_O)         0.029     1.128 r  clkin_IBUF_BUFG_inst/O
                         net (fo=26, routed)          0.866     1.993    clkin_IBUF_BUFG
    SLICE_X0Y6           FDRE                                         r  count_reg[19]/C
                         clock pessimism             -0.515     1.478    
    SLICE_X0Y6           FDRE (Hold_fdre_C_D)         0.105     1.583    count_reg[19]
  -------------------------------------------------------------------
                         required time                         -1.583    
                         arrival time                           1.864    
  -------------------------------------------------------------------
                         slack                                  0.281    

Slack (MET) :             0.281ns  (arrival time - required time)
  Source:                 count_reg[7]/C
                            (rising edge-triggered cell FDRE clocked by sys_clk_pin  {rise@0.000ns fall@5.000ns period=10.000ns})
  Destination:            count_reg[7]/D
                            (rising edge-triggered cell FDRE clocked by sys_clk_pin  {rise@0.000ns fall@5.000ns period=10.000ns})
  Path Group:             sys_clk_pin
  Path Type:              Hold (Min at Fast Process Corner)
  Requirement:            0.000ns  (sys_clk_pin rise@0.000ns - sys_clk_pin rise@0.000ns)
  Data Path Delay:        0.386ns  (logic 0.252ns (65.354%)  route 0.134ns (34.646%))
  Logic Levels:           1  (CARRY4=1)
  Clock Path Skew:        0.000ns (DCD - SCD - CPR)
    Destination Clock Delay (DCD):    1.993ns
    Source Clock Delay      (SCD):    1.478ns
    Clock Pessimism Removal (CPR):    0.515ns

    Location             Delay type                Incr(ns)  Path(ns)    Netlist Resource(s)
  -------------------------------------------------------------------    -------------------
                         (clock sys_clk_pin rise edge)
                                                      0.000     0.000 r  
    W5                                                0.000     0.000 r  clkin (IN)
                         net (fo=0)                   0.000     0.000    clkin
    W5                   IBUF (Prop_ibuf_I_O)         0.226     0.226 r  clkin_IBUF_inst/O
                         net (fo=1, routed)           0.631     0.858    clkin_IBUF
    BUFGCTRL_X0Y0        BUFG (Prop_bufg_I_O)         0.026     0.884 r  clkin_IBUF_BUFG_inst/O
                         net (fo=26, routed)          0.595     1.478    clkin_IBUF_BUFG
    SLICE_X0Y3           FDRE                                         r  count_reg[7]/C
  -------------------------------------------------------------------    -------------------
    SLICE_X0Y3           FDRE (Prop_fdre_C_Q)         0.141     1.619 r  count_reg[7]/Q
                         net (fo=2, routed)           0.134     1.753    count[7]
    SLICE_X0Y3           CARRY4 (Prop_carry4_S[2]_O[2])
                                                      0.111     1.864 r  count_reg[8]_i_1/O[2]
                         net (fo=1, routed)           0.000     1.864    p_1_in[7]
    SLICE_X0Y3           FDRE                                         r  count_reg[7]/D
  -------------------------------------------------------------------    -------------------

                         (clock sys_clk_pin rise edge)
                                                      0.000     0.000 r  
    W5                                                0.000     0.000 r  clkin (IN)
                         net (fo=0)                   0.000     0.000    clkin
    W5                   IBUF (Prop_ibuf_I_O)         0.414     0.414 r  clkin_IBUF_inst/O
                         net (fo=1, routed)           0.685     1.099    clkin_IBUF
    BUFGCTRL_X0Y0        BUFG (Prop_bufg_I_O)         0.029     1.128 r  clkin_IBUF_BUFG_inst/O
                         net (fo=26, routed)          0.866     1.993    clkin_IBUF_BUFG
    SLICE_X0Y3           FDRE                                         r  count_reg[7]/C
                         clock pessimism             -0.515     1.478    
    SLICE_X0Y3           FDRE (Hold_fdre_C_D)         0.105     1.583    count_reg[7]
  -------------------------------------------------------------------
                         required time                         -1.583    
                         arrival time                           1.864    
  -------------------------------------------------------------------
                         slack                                  0.281    

Slack (MET) :             0.313ns  (arrival time - required time)
  Source:                 count_reg[11]/C
                            (rising edge-triggered cell FDRE clocked by sys_clk_pin  {rise@0.000ns fall@5.000ns period=10.000ns})
  Destination:            count_reg[12]/D
                            (rising edge-triggered cell FDRE clocked by sys_clk_pin  {rise@0.000ns fall@5.000ns period=10.000ns})
  Path Group:             sys_clk_pin
  Path Type:              Hold (Min at Fast Process Corner)
  Requirement:            0.000ns  (sys_clk_pin rise@0.000ns - sys_clk_pin rise@0.000ns)
  Data Path Delay:        0.418ns  (logic 0.285ns (68.253%)  route 0.133ns (31.747%))
  Logic Levels:           1  (CARRY4=1)
  Clock Path Skew:        0.000ns (DCD - SCD - CPR)
    Destination Clock Delay (DCD):    1.993ns
    Source Clock Delay      (SCD):    1.478ns
    Clock Pessimism Removal (CPR):    0.515ns

    Location             Delay type                Incr(ns)  Path(ns)    Netlist Resource(s)
  -------------------------------------------------------------------    -------------------
                         (clock sys_clk_pin rise edge)
                                                      0.000     0.000 r  
    W5                                                0.000     0.000 r  clkin (IN)
                         net (fo=0)                   0.000     0.000    clkin
    W5                   IBUF (Prop_ibuf_I_O)         0.226     0.226 r  clkin_IBUF_inst/O
                         net (fo=1, routed)           0.631     0.858    clkin_IBUF
    BUFGCTRL_X0Y0        BUFG (Prop_bufg_I_O)         0.026     0.884 r  clkin_IBUF_BUFG_inst/O
                         net (fo=26, routed)          0.595     1.478    clkin_IBUF_BUFG
    SLICE_X0Y4           FDRE                                         r  count_reg[11]/C
  -------------------------------------------------------------------    -------------------
    SLICE_X0Y4           FDRE (Prop_fdre_C_Q)         0.141     1.619 r  count_reg[11]/Q
                         net (fo=2, routed)           0.133     1.752    count[11]
    SLICE_X0Y4           CARRY4 (Prop_carry4_S[2]_O[3])
                                                      0.144     1.896 r  count_reg[12]_i_1/O[3]
                         net (fo=1, routed)           0.000     1.896    p_1_in[12]
    SLICE_X0Y4           FDRE                                         r  count_reg[12]/D
  -------------------------------------------------------------------    -------------------

                         (clock sys_clk_pin rise edge)
                                                      0.000     0.000 r  
    W5                                                0.000     0.000 r  clkin (IN)
                         net (fo=0)                   0.000     0.000    clkin
    W5                   IBUF (Prop_ibuf_I_O)         0.414     0.414 r  clkin_IBUF_inst/O
                         net (fo=1, routed)           0.685     1.099    clkin_IBUF
    BUFGCTRL_X0Y0        BUFG (Prop_bufg_I_O)         0.029     1.128 r  clkin_IBUF_BUFG_inst/O
                         net (fo=26, routed)          0.866     1.993    clkin_IBUF_BUFG
    SLICE_X0Y4           FDRE                                         r  count_reg[12]/C
                         clock pessimism             -0.515     1.478    
    SLICE_X0Y4           FDRE (Hold_fdre_C_D)         0.105     1.583    count_reg[12]
  -------------------------------------------------------------------
                         required time                         -1.583    
                         arrival time                           1.896    
  -------------------------------------------------------------------
                         slack                                  0.313    

Slack (MET) :             0.313ns  (arrival time - required time)
  Source:                 count_reg[15]/C
                            (rising edge-triggered cell FDRE clocked by sys_clk_pin  {rise@0.000ns fall@5.000ns period=10.000ns})
  Destination:            count_reg[16]/D
                            (rising edge-triggered cell FDRE clocked by sys_clk_pin  {rise@0.000ns fall@5.000ns period=10.000ns})
  Path Group:             sys_clk_pin
  Path Type:              Hold (Min at Fast Process Corner)
  Requirement:            0.000ns  (sys_clk_pin rise@0.000ns - sys_clk_pin rise@0.000ns)
  Data Path Delay:        0.418ns  (logic 0.285ns (68.253%)  route 0.133ns (31.747%))
  Logic Levels:           1  (CARRY4=1)
  Clock Path Skew:        0.000ns (DCD - SCD - CPR)
    Destination Clock Delay (DCD):    1.993ns
    Source Clock Delay      (SCD):    1.478ns
    Clock Pessimism Removal (CPR):    0.515ns

    Location             Delay type                Incr(ns)  Path(ns)    Netlist Resource(s)
  -------------------------------------------------------------------    -------------------
                         (clock sys_clk_pin rise edge)
                                                      0.000     0.000 r  
    W5                                                0.000     0.000 r  clkin (IN)
                         net (fo=0)                   0.000     0.000    clkin
    W5                   IBUF (Prop_ibuf_I_O)         0.226     0.226 r  clkin_IBUF_inst/O
                         net (fo=1, routed)           0.631     0.858    clkin_IBUF
    BUFGCTRL_X0Y0        BUFG (Prop_bufg_I_O)         0.026     0.884 r  clkin_IBUF_BUFG_inst/O
                         net (fo=26, routed)          0.595     1.478    clkin_IBUF_BUFG
    SLICE_X0Y5           FDRE                                         r  count_reg[15]/C
  -------------------------------------------------------------------    -------------------
    SLICE_X0Y5           FDRE (Prop_fdre_C_Q)         0.141     1.619 r  count_reg[15]/Q
                         net (fo=2, routed)           0.133     1.752    count[15]
    SLICE_X0Y5           CARRY4 (Prop_carry4_S[2]_O[3])
                                                      0.144     1.896 r  count_reg[16]_i_1/O[3]
                         net (fo=1, routed)           0.000     1.896    p_1_in[16]
    SLICE_X0Y5           FDRE                                         r  count_reg[16]/D
  -------------------------------------------------------------------    -------------------

                         (clock sys_clk_pin rise edge)
                                                      0.000     0.000 r  
    W5                                                0.000     0.000 r  clkin (IN)
                         net (fo=0)                   0.000     0.000    clkin
    W5                   IBUF (Prop_ibuf_I_O)         0.414     0.414 r  clkin_IBUF_inst/O
                         net (fo=1, routed)           0.685     1.099    clkin_IBUF
    BUFGCTRL_X0Y0        BUFG (Prop_bufg_I_O)         0.029     1.128 r  clkin_IBUF_BUFG_inst/O
                         net (fo=26, routed)          0.866     1.993    clkin_IBUF_BUFG
    SLICE_X0Y5           FDRE                                         r  count_reg[16]/C
                         clock pessimism             -0.515     1.478    
    SLICE_X0Y5           FDRE (Hold_fdre_C_D)         0.105     1.583    count_reg[16]
  -------------------------------------------------------------------
                         required time                         -1.583    
                         arrival time                           1.896    
  -------------------------------------------------------------------
                         slack                                  0.313    





Pulse Width Checks
--------------------------------------------------------------------------------------
Clock Name:         sys_clk_pin
Waveform(ns):       { 0.000 5.000 }
Period(ns):         10.000
Sources:            { clkin }

Check Type        Corner  Lib Pin  Reference Pin  Required(ns)  Actual(ns)  Slack(ns)  Location       Pin
Min Period        n/a     BUFG/I   n/a            2.155         10.000      7.845      BUFGCTRL_X0Y0  clkin_IBUF_BUFG_inst/I
Min Period        n/a     FDRE/C   n/a            1.000         10.000      9.000      SLICE_X1Y4     clkout_reg/C
Min Period        n/a     FDRE/C   n/a            1.000         10.000      9.000      SLICE_X1Y2     count_reg[0]/C
Min Period        n/a     FDRE/C   n/a            1.000         10.000      9.000      SLICE_X0Y4     count_reg[10]/C
Min Period        n/a     FDRE/C   n/a            1.000         10.000      9.000      SLICE_X0Y4     count_reg[11]/C
Min Period        n/a     FDRE/C   n/a            1.000         10.000      9.000      SLICE_X0Y4     count_reg[12]/C
Min Period        n/a     FDRE/C   n/a            1.000         10.000      9.000      SLICE_X0Y5     count_reg[13]/C
Min Period        n/a     FDRE/C   n/a            1.000         10.000      9.000      SLICE_X0Y5     count_reg[14]/C
Min Period        n/a     FDRE/C   n/a            1.000         10.000      9.000      SLICE_X0Y5     count_reg[15]/C
Min Period        n/a     FDRE/C   n/a            1.000         10.000      9.000      SLICE_X0Y5     count_reg[16]/C
Low Pulse Width   Slow    FDRE/C   n/a            0.500         5.000       4.500      SLICE_X1Y4     clkout_reg/C
Low Pulse Width   Fast    FDRE/C   n/a            0.500         5.000       4.500      SLICE_X1Y4     clkout_reg/C
Low Pulse Width   Slow    FDRE/C   n/a            0.500         5.000       4.500      SLICE_X1Y2     count_reg[0]/C
Low Pulse Width   Fast    FDRE/C   n/a            0.500         5.000       4.500      SLICE_X1Y2     count_reg[0]/C
Low Pulse Width   Slow    FDRE/C   n/a            0.500         5.000       4.500      SLICE_X0Y4     count_reg[10]/C
Low Pulse Width   Fast    FDRE/C   n/a            0.500         5.000       4.500      SLICE_X0Y4     count_reg[10]/C
Low Pulse Width   Slow    FDRE/C   n/a            0.500         5.000       4.500      SLICE_X0Y4     count_reg[11]/C
Low Pulse Width   Fast    FDRE/C   n/a            0.500         5.000       4.500      SLICE_X0Y4     count_reg[11]/C
Low Pulse Width   Slow    FDRE/C   n/a            0.500         5.000       4.500      SLICE_X0Y4     count_reg[12]/C
Low Pulse Width   Fast    FDRE/C   n/a            0.500         5.000       4.500      SLICE_X0Y4     count_reg[12]/C
High Pulse Width  Slow    FDRE/C   n/a            0.500         5.000       4.500      SLICE_X1Y4     clkout_reg/C
High Pulse Width  Fast    FDRE/C   n/a            0.500         5.000       4.500      SLICE_X1Y4     clkout_reg/C
High Pulse Width  Slow    FDRE/C   n/a            0.500         5.000       4.500      SLICE_X1Y2     count_reg[0]/C
High Pulse Width  Fast    FDRE/C   n/a            0.500         5.000       4.500      SLICE_X1Y2     count_reg[0]/C
High Pulse Width  Slow    FDRE/C   n/a            0.500         5.000       4.500      SLICE_X0Y4     count_reg[10]/C
High Pulse Width  Fast    FDRE/C   n/a            0.500         5.000       4.500      SLICE_X0Y4     count_reg[10]/C
High Pulse Width  Slow    FDRE/C   n/a            0.500         5.000       4.500      SLICE_X0Y4     count_reg[11]/C
High Pulse Width  Fast    FDRE/C   n/a            0.500         5.000       4.500      SLICE_X0Y4     count_reg[11]/C
High Pulse Width  Slow    FDRE/C   n/a            0.500         5.000       4.500      SLICE_X0Y4     count_reg[12]/C
High Pulse Width  Fast    FDRE/C   n/a            0.500         5.000       4.500      SLICE_X0Y4     count_reg[12]/C



--------------------------------------------------------------------------------------
Path Group:  (none)
From Clock:  sys_clk_pin
  To Clock:  

Max Delay             1 Endpoint
Min Delay             1 Endpoint
--------------------------------------------------------------------------------------


Max Delay Paths
--------------------------------------------------------------------------------------
Slack:                    inf
  Source:                 clkout_reg/C
                            (rising edge-triggered cell FDRE clocked by sys_clk_pin  {rise@0.000ns fall@5.000ns period=10.000ns})
  Destination:            clkout
                            (output port)
  Path Group:             (none)
  Path Type:              Max at Slow Process Corner
  Data Path Delay:        5.642ns  (logic 3.961ns (70.198%)  route 1.682ns (29.802%))
  Logic Levels:           1  (OBUF=1)
  Clock Uncertainty:      0.025ns  ((TSJ^2 + TIJ^2)^1/2 + DJ) / 2 + PE
    Total System Jitter     (TSJ):    0.050ns
    Total Input Jitter      (TIJ):    0.000ns
    Discrete Jitter          (DJ):    0.000ns
    Phase Error              (PE):    0.000ns

    Location             Delay type                Incr(ns)  Path(ns)    Netlist Resource(s)
  -------------------------------------------------------------------    -------------------
                         (clock sys_clk_pin rise edge)
                                                      0.000     0.000 r  
    W5                                                0.000     0.000 r  clkin (IN)
                         net (fo=0)                   0.000     0.000    clkin
    W5                   IBUF (Prop_ibuf_I_O)         1.458     1.458 r  clkin_IBUF_inst/O
                         net (fo=1, routed)           1.967     3.425    clkin_IBUF
    BUFGCTRL_X0Y0        BUFG (Prop_bufg_I_O)         0.096     3.521 r  clkin_IBUF_BUFG_inst/O
                         net (fo=26, routed)          1.638     5.159    clkin_IBUF_BUFG
    SLICE_X1Y4           FDRE                                         r  clkout_reg/C
  -------------------------------------------------------------------    -------------------
    SLICE_X1Y4           FDRE (Prop_fdre_C_Q)         0.456     5.615 r  clkout_reg/Q
                         net (fo=2, routed)           1.682     7.297    clkout_OBUF
    U16                  OBUF (Prop_obuf_I_O)         3.505    10.802 r  clkout_OBUF_inst/O
                         net (fo=0)                   0.000    10.802    clkout
    U16                                                               r  clkout (OUT)
  -------------------------------------------------------------------    -------------------





Min Delay Paths
--------------------------------------------------------------------------------------
Slack:                    inf
  Source:                 clkout_reg/C
                            (rising edge-triggered cell FDRE clocked by sys_clk_pin  {rise@0.000ns fall@5.000ns period=10.000ns})
  Destination:            clkout
                            (output port)
  Path Group:             (none)
  Path Type:              Min at Fast Process Corner
  Data Path Delay:        1.694ns  (logic 1.347ns (79.491%)  route 0.348ns (20.509%))
  Logic Levels:           1  (OBUF=1)
  Clock Uncertainty:      0.025ns  ((TSJ^2 + TIJ^2)^1/2 + DJ) / 2 + PE
    Total System Jitter     (TSJ):    0.050ns
    Total Input Jitter      (TIJ):    0.000ns
    Discrete Jitter          (DJ):    0.000ns
    Phase Error              (PE):    0.000ns

    Location             Delay type                Incr(ns)  Path(ns)    Netlist Resource(s)
  -------------------------------------------------------------------    -------------------
                         (clock sys_clk_pin rise edge)
                                                      0.000     0.000 r  
    W5                                                0.000     0.000 r  clkin (IN)
                         net (fo=0)                   0.000     0.000    clkin
    W5                   IBUF (Prop_ibuf_I_O)         0.226     0.226 r  clkin_IBUF_inst/O
                         net (fo=1, routed)           0.631     0.858    clkin_IBUF
    BUFGCTRL_X0Y0        BUFG (Prop_bufg_I_O)         0.026     0.884 r  clkin_IBUF_BUFG_inst/O
                         net (fo=26, routed)          0.595     1.478    clkin_IBUF_BUFG
    SLICE_X1Y4           FDRE                                         r  clkout_reg/C
  -------------------------------------------------------------------    -------------------
    SLICE_X1Y4           FDRE (Prop_fdre_C_Q)         0.141     1.619 r  clkout_reg/Q
                         net (fo=2, routed)           0.348     1.967    clkout_OBUF
    U16                  OBUF (Prop_obuf_I_O)         1.206     3.173 r  clkout_OBUF_inst/O
                         net (fo=0)                   0.000     3.173    clkout
    U16                                                               r  clkout (OUT)
  -------------------------------------------------------------------    -------------------





