
*** Running vivado
    with args -log SevenSegmentTop.vds -m64 -product Vivado -mode batch -messageDb vivado.pb -notrace -source SevenSegmentTop.tcl


****** Vivado v2024.2.1 (64-bit)
  **** SW Build 5266912 on Sun Dec 15 09:03:31 MST 2024
  **** IP Build 5264866 on Sun Dec 15 16:27:47 MST 2024
  **** SharedData Build 5264680 on Wed Dec 11 12:48:36 MST 2024
  **** Start of session at: Tue Oct  6 10:55:13 2026
    ** Copyright 1986-2022 Xilinx, Inc. All Rights Reserved.
    ** Copyright 2022-2024 Advanced Micro Devices, Inc. All Rights Reserved.

source SevenSegmentTop.tcl -notrace
create_project: Time (s): cpu = 00:00:06 ; elapsed = 00:00:06 . Memory (MB): peak = 1701.574 ; gain = 83.836 ; free physical = 1629 ; free virtual = 12863
Command: read_checkpoint -auto_incremental -incremental /home/a02447865/Desktop/Lab4/ECE2700Labs/SevenSegment/SevenSegment.srcs/utils_1/imports/synth_1/SevenSegmentAssign.dcp
INFO: [Vivado 12-5825] Read reference checkpoint from /home/a02447865/Desktop/Lab4/ECE2700Labs/SevenSegment/SevenSegment.srcs/utils_1/imports/synth_1/SevenSegmentAssign.dcp for incremental synthesis
INFO: [Vivado 12-7989] Please ensure there are no constraint changes
Command: synth_design -top SevenSegmentTop -part xc7a35tcpg236-1
Starting synth_design
Attempting to get a license for feature 'Synthesis' and/or device 'xc7a35t'
INFO: [Common 17-349] Got license for feature 'Synthesis' and/or device 'xc7a35t'
INFO: [Device 21-403] Loading part xc7a35tcpg236-1
INFO: [Designutils 20-5440] No compile time benefit to using incremental synthesis; A full resynthesis will be run
INFO: [Designutils 20-4379] Flow is switching to default flow due to incremental criteria not met. If you would like to alter this behaviour and have the flow terminate instead, please set the following parameter config_implementation {autoIncr.Synth.RejectBehavior Terminate}
INFO: [Synth 8-7079] Multithreading enabled for synth_design using a maximum of 7 processes.
INFO: [Synth 8-7078] Launching helper process for spawning children vivado processes
INFO: [Synth 8-7075] Helper process launched with PID 3143956
---------------------------------------------------------------------------------
Starting RTL Elaboration : Time (s): cpu = 00:00:04 ; elapsed = 00:00:04 . Memory (MB): peak = 2303.602 ; gain = 428.801 ; free physical = 850 ; free virtual = 12084
---------------------------------------------------------------------------------
INFO: [Synth 8-6157] synthesizing module 'SevenSegmentTop' [/home/a02447865/Desktop/Lab4/ECE2700Labs/SevenSegment/SevenSegment.srcs/sources_1/new/sevenSegmentTop.v:22]
INFO: [Synth 8-6157] synthesizing module 'SevenSegmentTruthTable' [/home/a02447865/Desktop/Lab4/ECE2700Labs/SevenSegment/SevenSegment.srcs/sources_1/new/SevenSegmentTruthTable.v:23]
INFO: [Synth 8-6155] done synthesizing module 'SevenSegmentTruthTable' (0#1) [/home/a02447865/Desktop/Lab4/ECE2700Labs/SevenSegment/SevenSegment.srcs/sources_1/new/SevenSegmentTruthTable.v:23]
INFO: [Synth 8-6155] done synthesizing module 'SevenSegmentTop' (0#1) [/home/a02447865/Desktop/Lab4/ECE2700Labs/SevenSegment/SevenSegment.srcs/sources_1/new/sevenSegmentTop.v:22]
---------------------------------------------------------------------------------
Finished RTL Elaboration : Time (s): cpu = 00:00:05 ; elapsed = 00:00:06 . Memory (MB): peak = 2374.570 ; gain = 499.770 ; free physical = 775 ; free virtual = 12010
---------------------------------------------------------------------------------
---------------------------------------------------------------------------------
Start Handling Custom Attributes
---------------------------------------------------------------------------------
---------------------------------------------------------------------------------
Finished Handling Custom Attributes : Time (s): cpu = 00:00:05 ; elapsed = 00:00:06 . Memory (MB): peak = 2392.383 ; gain = 517.582 ; free physical = 770 ; free virtual = 12005
---------------------------------------------------------------------------------
---------------------------------------------------------------------------------
Finished RTL Optimization Phase 1 : Time (s): cpu = 00:00:05 ; elapsed = 00:00:06 . Memory (MB): peak = 2392.383 ; gain = 517.582 ; free physical = 770 ; free virtual = 12005
---------------------------------------------------------------------------------
Netlist sorting complete. Time (s): cpu = 00:00:00 ; elapsed = 00:00:00 . Memory (MB): peak = 2392.383 ; gain = 0.000 ; free physical = 770 ; free virtual = 12005
INFO: [Project 1-570] Preparing netlist for logic optimization

Processing XDC Constraints
Initializing timing engine
Parsing XDC File [/home/a02447865/Downloads/Basys3Master.xdc]
Finished Parsing XDC File [/home/a02447865/Downloads/Basys3Master.xdc]
INFO: [Project 1-236] Implementation specific constraints were found while reading constraint file [/home/a02447865/Downloads/Basys3Master.xdc]. These constraints will be ignored for synthesis but will be used in implementation. Impacted constraints are listed in the file [.Xil/SevenSegmentTop_propImpl.xdc].
Resolution: To avoid this warning, move constraints listed in [.Xil/SevenSegmentTop_propImpl.xdc] to another XDC file and exclude this new file from synthesis with the used_in_synthesis property (File Properties dialog in GUI) and re-run elaboration/synthesis.
Completed Processing XDC Constraints

Netlist sorting complete. Time (s): cpu = 00:00:00 ; elapsed = 00:00:00 . Memory (MB): peak = 2490.133 ; gain = 0.000 ; free physical = 768 ; free virtual = 12003
INFO: [Project 1-111] Unisim Transformation Summary:
No Unisim elements were transformed.

Constraint Validation Runtime : Time (s): cpu = 00:00:00 ; elapsed = 00:00:00 . Memory (MB): peak = 2490.133 ; gain = 0.000 ; free physical = 768 ; free virtual = 12003
INFO: [Designutils 20-5440] No compile time benefit to using incremental synthesis; A full resynthesis will be run
INFO: [Designutils 20-4379] Flow is switching to default flow due to incremental criteria not met. If you would like to alter this behaviour and have the flow terminate instead, please set the following parameter config_implementation {autoIncr.Synth.RejectBehavior Terminate}
---------------------------------------------------------------------------------
Finished Constraint Validation : Time (s): cpu = 00:00:11 ; elapsed = 00:00:11 . Memory (MB): peak = 2490.133 ; gain = 615.332 ; free physical = 791 ; free virtual = 12026
---------------------------------------------------------------------------------
---------------------------------------------------------------------------------
Start Loading Part and Timing Information
---------------------------------------------------------------------------------
Loading part: xc7a35tcpg236-1
---------------------------------------------------------------------------------
Finished Loading Part and Timing Information : Time (s): cpu = 00:00:11 ; elapsed = 00:00:11 . Memory (MB): peak = 2498.137 ; gain = 623.336 ; free physical = 791 ; free virtual = 12026
---------------------------------------------------------------------------------
---------------------------------------------------------------------------------
Start Applying 'set_property' XDC Constraints
---------------------------------------------------------------------------------
---------------------------------------------------------------------------------
Finished applying 'set_property' XDC Constraints : Time (s): cpu = 00:00:11 ; elapsed = 00:00:12 . Memory (MB): peak = 2498.137 ; gain = 623.336 ; free physical = 791 ; free virtual = 12026
---------------------------------------------------------------------------------
---------------------------------------------------------------------------------
Finished RTL Optimization Phase 2 : Time (s): cpu = 00:00:11 ; elapsed = 00:00:12 . Memory (MB): peak = 2498.137 ; gain = 623.336 ; free physical = 789 ; free virtual = 12025
---------------------------------------------------------------------------------
---------------------------------------------------------------------------------
Start RTL Component Statistics 
---------------------------------------------------------------------------------
Detailed RTL Component Info : 
---------------------------------------------------------------------------------
Finished RTL Component Statistics 
---------------------------------------------------------------------------------
---------------------------------------------------------------------------------
Start Part Resource Summary
---------------------------------------------------------------------------------
Part Resources:
DSPs: 90 (col length:60)
BRAMs: 100 (col length: RAMB18 60 RAMB36 30)
---------------------------------------------------------------------------------
Finished Part Resource Summary
---------------------------------------------------------------------------------
---------------------------------------------------------------------------------
Start Cross Boundary and Area Optimization
---------------------------------------------------------------------------------
WARNING: [Synth 8-7080] Parallel synthesis criteria is not met
---------------------------------------------------------------------------------
Finished Cross Boundary and Area Optimization : Time (s): cpu = 00:00:13 ; elapsed = 00:00:13 . Memory (MB): peak = 2498.137 ; gain = 623.336 ; free physical = 785 ; free virtual = 12025
---------------------------------------------------------------------------------
---------------------------------------------------------------------------------
Start Applying XDC Timing Constraints
---------------------------------------------------------------------------------
---------------------------------------------------------------------------------
Finished Applying XDC Timing Constraints : Time (s): cpu = 00:00:19 ; elapsed = 00:00:19 . Memory (MB): peak = 2575.137 ; gain = 700.336 ; free physical = 686 ; free virtual = 11925
---------------------------------------------------------------------------------
---------------------------------------------------------------------------------
Start Timing Optimization
---------------------------------------------------------------------------------
---------------------------------------------------------------------------------
Finished Timing Optimization : Time (s): cpu = 00:00:19 ; elapsed = 00:00:19 . Memory (MB): peak = 2575.137 ; gain = 700.336 ; free physical = 686 ; free virtual = 11925
---------------------------------------------------------------------------------
---------------------------------------------------------------------------------
Start Technology Mapping
---------------------------------------------------------------------------------
---------------------------------------------------------------------------------
Finished Technology Mapping : Time (s): cpu = 00:00:19 ; elapsed = 00:00:19 . Memory (MB): peak = 2584.152 ; gain = 709.352 ; free physical = 677 ; free virtual = 11916
---------------------------------------------------------------------------------
---------------------------------------------------------------------------------
Start IO Insertion
---------------------------------------------------------------------------------
---------------------------------------------------------------------------------
Start Flattening Before IO Insertion
---------------------------------------------------------------------------------
---------------------------------------------------------------------------------
Finished Flattening Before IO Insertion
---------------------------------------------------------------------------------
---------------------------------------------------------------------------------
Start Final Netlist Cleanup
---------------------------------------------------------------------------------
---------------------------------------------------------------------------------
Finished Final Netlist Cleanup
---------------------------------------------------------------------------------
---------------------------------------------------------------------------------
Finished IO Insertion : Time (s): cpu = 00:00:22 ; elapsed = 00:00:22 . Memory (MB): peak = 2745.965 ; gain = 871.164 ; free physical = 528 ; free virtual = 11768
---------------------------------------------------------------------------------
---------------------------------------------------------------------------------
Start Renaming Generated Instances
---------------------------------------------------------------------------------
---------------------------------------------------------------------------------
Finished Renaming Generated Instances : Time (s): cpu = 00:00:22 ; elapsed = 00:00:22 . Memory (MB): peak = 2745.965 ; gain = 871.164 ; free physical = 528 ; free virtual = 11768
---------------------------------------------------------------------------------
---------------------------------------------------------------------------------
Start Rebuilding User Hierarchy
---------------------------------------------------------------------------------
---------------------------------------------------------------------------------
Finished Rebuilding User Hierarchy : Time (s): cpu = 00:00:22 ; elapsed = 00:00:22 . Memory (MB): peak = 2745.965 ; gain = 871.164 ; free physical = 528 ; free virtual = 11768
---------------------------------------------------------------------------------
---------------------------------------------------------------------------------
Start Renaming Generated Ports
---------------------------------------------------------------------------------
---------------------------------------------------------------------------------
Finished Renaming Generated Ports : Time (s): cpu = 00:00:22 ; elapsed = 00:00:22 . Memory (MB): peak = 2745.965 ; gain = 871.164 ; free physical = 528 ; free virtual = 11768
---------------------------------------------------------------------------------
---------------------------------------------------------------------------------
Start Handling Custom Attributes
---------------------------------------------------------------------------------
---------------------------------------------------------------------------------
Finished Handling Custom Attributes : Time (s): cpu = 00:00:22 ; elapsed = 00:00:22 . Memory (MB): peak = 2745.965 ; gain = 871.164 ; free physical = 528 ; free virtual = 11768
---------------------------------------------------------------------------------
---------------------------------------------------------------------------------
Start Renaming Generated Nets
---------------------------------------------------------------------------------
---------------------------------------------------------------------------------
Finished Renaming Generated Nets : Time (s): cpu = 00:00:22 ; elapsed = 00:00:22 . Memory (MB): peak = 2745.965 ; gain = 871.164 ; free physical = 528 ; free virtual = 11768
---------------------------------------------------------------------------------
---------------------------------------------------------------------------------
Start Writing Synthesis Report
---------------------------------------------------------------------------------

Report BlackBoxes: 
+-+--------------+----------+
| |BlackBox name |Instances |
+-+--------------+----------+
+-+--------------+----------+

Report Cell Usage: 
+------+-----+------+
|      |Cell |Count |
+------+-----+------+
|1     |LUT1 |     4|
|2     |LUT4 |     7|
|3     |IBUF |     8|
|4     |OBUF |    11|
+------+-----+------+
---------------------------------------------------------------------------------
Finished Writing Synthesis Report : Time (s): cpu = 00:00:22 ; elapsed = 00:00:22 . Memory (MB): peak = 2745.965 ; gain = 871.164 ; free physical = 528 ; free virtual = 11768
---------------------------------------------------------------------------------
Synthesis finished with 0 errors, 0 critical warnings and 1 warnings.
Synthesis Optimization Runtime : Time (s): cpu = 00:00:20 ; elapsed = 00:00:21 . Memory (MB): peak = 2745.965 ; gain = 773.414 ; free physical = 530 ; free virtual = 11770
Synthesis Optimization Complete : Time (s): cpu = 00:00:22 ; elapsed = 00:00:22 . Memory (MB): peak = 2745.973 ; gain = 871.164 ; free physical = 531 ; free virtual = 11770
INFO: [Project 1-571] Translating synthesized netlist
Netlist sorting complete. Time (s): cpu = 00:00:00 ; elapsed = 00:00:00 . Memory (MB): peak = 2745.973 ; gain = 0.000 ; free physical = 530 ; free virtual = 11770
INFO: [Project 1-570] Preparing netlist for logic optimization
INFO: [Opt 31-138] Pushed 0 inverter(s) to 0 load pin(s).
Netlist sorting complete. Time (s): cpu = 00:00:00 ; elapsed = 00:00:00 . Memory (MB): peak = 2801.992 ; gain = 0.000 ; free physical = 574 ; free virtual = 11814
INFO: [Project 1-111] Unisim Transformation Summary:
No Unisim elements were transformed.

Synth Design complete | Checksum: de301ba
INFO: [Common 17-83] Releasing license: Synthesis
23 Infos, 1 Warnings, 0 Critical Warnings and 0 Errors encountered.
synth_design completed successfully
synth_design: Time (s): cpu = 00:00:29 ; elapsed = 00:00:27 . Memory (MB): peak = 2801.992 ; gain = 1094.449 ; free physical = 574 ; free virtual = 11813
INFO: [Common 17-2834] synth_design peak Physical Memory [PSS] (MB): overall = 1869.472; main = 1741.080; forked = 267.484
INFO: [Common 17-2834] synth_design peak Virtual Memory [VSS] (MB): overall = 4187.195; main = 2801.996; forked = 1540.039
Write ShapeDB Complete: Time (s): cpu = 00:00:00 ; elapsed = 00:00:00 . Memory (MB): peak = 2826.004 ; gain = 0.000 ; free physical = 574 ; free virtual = 11813
INFO: [Common 17-1381] The checkpoint '/home/a02447865/Desktop/Lab4/ECE2700Labs/SevenSegment/SevenSegment.runs/synth_1/SevenSegmentTop.dcp' has been generated.
INFO: [Vivado 12-24828] Executing command : report_utilization -file SevenSegmentTop_utilization_synth.rpt -pb SevenSegmentTop_utilization_synth.pb
INFO: [Common 17-206] Exiting Vivado at Tue Oct  6 10:55:50 2026...
