#-----------------------------------------------------------
# Vivado v2024.2.1 (64-bit)
# SW Build 5266912 on Sun Dec 15 09:03:31 MST 2024
# IP Build 5264866 on Sun Dec 15 16:27:47 MST 2024
# SharedData Build 5264680 on Wed Dec 11 12:48:36 MST 2024
# Start of session at: Tue Oct  6 10:55:13 2026
# Process ID         : 3143881
# Current directory  : /home/a02447865/Desktop/Lab4/ECE2700Labs/SevenSegment/SevenSegment.runs/synth_1
# Command line       : vivado -log SevenSegmentTop.vds -product Vivado -mode batch -messageDb vivado.pb -notrace -source SevenSegmentTop.tcl
# Log file           : /home/a02447865/Desktop/Lab4/ECE2700Labs/SevenSegment/SevenSegment.runs/synth_1/SevenSegmentTop.vds
# Journal file       : /home/a02447865/Desktop/Lab4/ECE2700Labs/SevenSegment/SevenSegment.runs/synth_1/vivado.jou
# Running On         : el120-04.ece.usu.edu
# Platform           : AlmaLinux
# Operating System   : AlmaLinux 9.6 (Sage Margay)
# Processor Detail   : Intel(R) Core(TM) i7-7700 CPU @ 3.60GHz
# CPU Frequency      : 4001.746 MHz
# CPU Physical cores : 4
# CPU Logical cores  : 8
# Host memory        : 16513 MB
# Swap memory        : 8409 MB
# Total Virtual      : 24923 MB
# Available Virtual  : 13945 MB
#-----------------------------------------------------------
source SevenSegmentTop.tcl -notrace
