
*** Running vivado
    with args -log myandgate.vdi -applog -m64 -product Vivado -messageDb vivado.pb -mode batch -source myandgate.tcl -notrace


****** Vivado v2024.2.1 (64-bit)
  **** SW Build 5266912 on Sun Dec 15 09:03:31 MST 2024
  **** IP Build 5264866 on Sun Dec 15 16:27:47 MST 2024
  **** SharedData Build 5264680 on Wed Dec 11 12:48:36 MST 2024
  **** Start of session at: Wed Sep  9 16:01:25 2026
    ** Copyright 1986-2022 Xilinx, Inc. All Rights Reserved.
    ** Copyright 2022-2024 Advanced Micro Devices, Inc. All Rights Reserved.

source myandgate.tcl -notrace
create_project: Time (s): cpu = 00:00:06 ; elapsed = 00:00:06 . Memory (MB): peak = 1701.395 ; gain = 55.836 ; free physical = 1381 ; free virtual = 14608
Command: link_design -top myandgate -part xc7a35tcpg236-1
Design is defaulting to srcset: sources_1
Design is defaulting to constrset: constrs_1
INFO: [Device 21-403] Loading part xc7a35tcpg236-1
Netlist sorting complete. Time (s): cpu = 00:00:00 ; elapsed = 00:00:00 . Memory (MB): peak = 1876.621 ; gain = 0.000 ; free physical = 1178 ; free virtual = 14405
INFO: [Project 1-479] Netlist was created with Vivado 2024.2.1
INFO: [Project 1-570] Preparing netlist for logic optimization
Parsing XDC File [/home/a02447865/ECE2700Labs/myandgate/myandgate.srcs/constrs_1/imports/Downloads/Basys3Master.xdc]
Finished Parsing XDC File [/home/a02447865/ECE2700Labs/myandgate/myandgate.srcs/constrs_1/imports/Downloads/Basys3Master.xdc]
INFO: [Opt 31-138] Pushed 0 inverter(s) to 0 load pin(s).
Netlist sorting complete. Time (s): cpu = 00:00:00 ; elapsed = 00:00:00 . Memory (MB): peak = 2041.184 ; gain = 0.000 ; free physical = 1091 ; free virtual = 14318
INFO: [Project 1-111] Unisim Transformation Summary:
No Unisim elements were transformed.

5 Infos, 0 Warnings, 0 Critical Warnings and 0 Errors encountered.
link_design completed successfully
Command: opt_design
Attempting to get a license for feature 'Implementation' and/or device 'xc7a35t'
INFO: [Common 17-349] Got license for feature 'Implementation' and/or device 'xc7a35t'
Running DRC as a precondition to command opt_design

Starting DRC Task
INFO: [DRC 23-27] Running DRC with 8 threads
INFO: [Project 1-461] DRC finished with 0 Errors
INFO: [Project 1-462] Please refer to the DRC report (report_drc) for more information.

Time (s): cpu = 00:00:00.49 ; elapsed = 00:00:00.41 . Memory (MB): peak = 2061.996 ; gain = 14.875 ; free physical = 1062 ; free virtual = 14289

Starting Cache Timing Information Task
INFO: [Timing 38-35] Done setting XDC timing constraints.
Ending Cache Timing Information Task | Checksum: 213672efb

Time (s): cpu = 00:00:06 ; elapsed = 00:00:06 . Memory (MB): peak = 2503.824 ; gain = 441.828 ; free physical = 643 ; free virtual = 13870

Starting Logic Optimization Task

Phase 1 Initialization

Phase 1.1 Core Generation And Design Setup
Phase 1.1 Core Generation And Design Setup | Checksum: 213672efb

Time (s): cpu = 00:00:00 ; elapsed = 00:00:00 . Memory (MB): peak = 2840.746 ; gain = 0.000 ; free physical = 312 ; free virtual = 13539

Phase 1.2 Setup Constraints And Sort Netlist
Phase 1.2 Setup Constraints And Sort Netlist | Checksum: 213672efb

Time (s): cpu = 00:00:00 ; elapsed = 00:00:00 . Memory (MB): peak = 2840.746 ; gain = 0.000 ; free physical = 312 ; free virtual = 13539
Phase 1 Initialization | Checksum: 213672efb

Time (s): cpu = 00:00:00 ; elapsed = 00:00:00 . Memory (MB): peak = 2840.746 ; gain = 0.000 ; free physical = 312 ; free virtual = 13539

Phase 2 Timer Update And Timing Data Collection

Phase 2.1 Timer Update
Phase 2.1 Timer Update | Checksum: 213672efb

Time (s): cpu = 00:00:00 ; elapsed = 00:00:00 . Memory (MB): peak = 2840.746 ; gain = 0.000 ; free physical = 312 ; free virtual = 13539

Phase 2.2 Timing Data Collection
Phase 2.2 Timing Data Collection | Checksum: 213672efb

Time (s): cpu = 00:00:00.01 ; elapsed = 00:00:00.01 . Memory (MB): peak = 2840.746 ; gain = 0.000 ; free physical = 308 ; free virtual = 13535
Phase 2 Timer Update And Timing Data Collection | Checksum: 213672efb

Time (s): cpu = 00:00:00.01 ; elapsed = 00:00:00.01 . Memory (MB): peak = 2840.746 ; gain = 0.000 ; free physical = 308 ; free virtual = 13535

Phase 3 Retarget
INFO: [Opt 31-1851] Number of loadless carry chains removed were: 0
INFO: [Opt 31-1834] Total Chains To Be Transformed Were: 0 AND Number of Transformed insts Created are: 0
INFO: [Opt 31-138] Pushed 0 inverter(s) to 0 load pin(s).
INFO: [Opt 31-49] Retargeted 0 cell(s).
Phase 3 Retarget | Checksum: 213672efb

Time (s): cpu = 00:00:00.01 ; elapsed = 00:00:00.02 . Memory (MB): peak = 2840.746 ; gain = 0.000 ; free physical = 307 ; free virtual = 13535
Retarget | Checksum: 213672efb
INFO: [Opt 31-389] Phase Retarget created 0 cells and removed 0 cells

Phase 4 Constant propagation
INFO: [Opt 31-138] Pushed 0 inverter(s) to 0 load pin(s).
Phase 4 Constant propagation | Checksum: 213672efb

Time (s): cpu = 00:00:00.01 ; elapsed = 00:00:00.02 . Memory (MB): peak = 2840.746 ; gain = 0.000 ; free physical = 307 ; free virtual = 13535
Constant propagation | Checksum: 213672efb
INFO: [Opt 31-389] Phase Constant propagation created 0 cells and removed 0 cells

Phase 5 Sweep
INFO: [Constraints 18-11670] Building netlist checker database with flags, 0x8
Done building netlist checker database: Time (s): cpu = 00:00:00 ; elapsed = 00:00:00 . Memory (MB): peak = 2840.746 ; gain = 0.000 ; free physical = 307 ; free virtual = 13535
Phase 5 Sweep | Checksum: 213672efb

Time (s): cpu = 00:00:00.02 ; elapsed = 00:00:00.03 . Memory (MB): peak = 2840.746 ; gain = 0.000 ; free physical = 307 ; free virtual = 13535
Sweep | Checksum: 213672efb
INFO: [Opt 31-389] Phase Sweep created 0 cells and removed 0 cells

Phase 6 BUFG optimization
Phase 6 BUFG optimization | Checksum: 213672efb

Time (s): cpu = 00:00:00.02 ; elapsed = 00:00:00.03 . Memory (MB): peak = 2872.762 ; gain = 32.016 ; free physical = 307 ; free virtual = 13535
BUFG optimization | Checksum: 213672efb
INFO: [Opt 31-662] Phase BUFG optimization created 0 cells of which 0 are BUFGs and removed 0 cells.

Phase 7 Shift Register Optimization
INFO: [Opt 31-1064] SRL Remap converted 0 SRLs to 0 registers and converted 0 registers of register chains to 0 SRLs
Phase 7 Shift Register Optimization | Checksum: 213672efb

Time (s): cpu = 00:00:00.02 ; elapsed = 00:00:00.03 . Memory (MB): peak = 2872.762 ; gain = 32.016 ; free physical = 307 ; free virtual = 13535
Shift Register Optimization | Checksum: 213672efb
INFO: [Opt 31-389] Phase Shift Register Optimization created 0 cells and removed 0 cells

Phase 8 Post Processing Netlist
Phase 8 Post Processing Netlist | Checksum: 213672efb

Time (s): cpu = 00:00:00.02 ; elapsed = 00:00:00.03 . Memory (MB): peak = 2872.762 ; gain = 32.016 ; free physical = 307 ; free virtual = 13535
Post Processing Netlist | Checksum: 213672efb
INFO: [Opt 31-389] Phase Post Processing Netlist created 0 cells and removed 0 cells

Phase 9 Finalization

Phase 9.1 Finalizing Design Cores and Updating Shapes
Phase 9.1 Finalizing Design Cores and Updating Shapes | Checksum: 213672efb

Time (s): cpu = 00:00:00.02 ; elapsed = 00:00:00.04 . Memory (MB): peak = 2872.762 ; gain = 32.016 ; free physical = 307 ; free virtual = 13535

Phase 9.2 Verifying Netlist Connectivity

Starting Connectivity Check Task

Time (s): cpu = 00:00:00 ; elapsed = 00:00:00 . Memory (MB): peak = 2872.762 ; gain = 0.000 ; free physical = 307 ; free virtual = 13535
Phase 9.2 Verifying Netlist Connectivity | Checksum: 213672efb

Time (s): cpu = 00:00:00.02 ; elapsed = 00:00:00.04 . Memory (MB): peak = 2872.762 ; gain = 32.016 ; free physical = 307 ; free virtual = 13535
Phase 9 Finalization | Checksum: 213672efb

Time (s): cpu = 00:00:00.02 ; elapsed = 00:00:00.04 . Memory (MB): peak = 2872.762 ; gain = 32.016 ; free physical = 307 ; free virtual = 13535
Opt_design Change Summary
=========================


-------------------------------------------------------------------------------------------------------------------------
|  Phase                        |  #Cells created  |  #Cells Removed  |  #Constrained objects preventing optimizations  |
-------------------------------------------------------------------------------------------------------------------------
|  Retarget                     |               0  |               0  |                                              0  |
|  Constant propagation         |               0  |               0  |                                              0  |
|  Sweep                        |               0  |               0  |                                              0  |
|  BUFG optimization            |               0  |               0  |                                              0  |
|  Shift Register Optimization  |               0  |               0  |                                              0  |
|  Post Processing Netlist      |               0  |               0  |                                              0  |
-------------------------------------------------------------------------------------------------------------------------


Ending Logic Optimization Task | Checksum: 213672efb

Time (s): cpu = 00:00:00.03 ; elapsed = 00:00:00.04 . Memory (MB): peak = 2872.762 ; gain = 32.016 ; free physical = 307 ; free virtual = 13535

Starting Power Optimization Task
INFO: [Pwropt 34-132] Skipping clock gating for clocks with a period < 2.00 ns.
Ending Power Optimization Task | Checksum: 213672efb

Time (s): cpu = 00:00:00 ; elapsed = 00:00:00.01 . Memory (MB): peak = 2872.762 ; gain = 0.000 ; free physical = 307 ; free virtual = 13535

Starting Final Cleanup Task
Ending Final Cleanup Task | Checksum: 213672efb

Time (s): cpu = 00:00:00.01 ; elapsed = 00:00:00 . Memory (MB): peak = 2872.762 ; gain = 0.000 ; free physical = 307 ; free virtual = 13535

Starting Netlist Obfuscation Task
Netlist sorting complete. Time (s): cpu = 00:00:00 ; elapsed = 00:00:00 . Memory (MB): peak = 2872.762 ; gain = 0.000 ; free physical = 307 ; free virtual = 13535
Ending Netlist Obfuscation Task | Checksum: 213672efb

Time (s): cpu = 00:00:00 ; elapsed = 00:00:00 . Memory (MB): peak = 2872.762 ; gain = 0.000 ; free physical = 307 ; free virtual = 13535
INFO: [Common 17-83] Releasing license: Implementation
25 Infos, 0 Warnings, 0 Critical Warnings and 0 Errors encountered.
opt_design completed successfully
opt_design: Time (s): cpu = 00:00:09 ; elapsed = 00:00:09 . Memory (MB): peak = 2872.762 ; gain = 825.641 ; free physical = 307 ; free virtual = 13535
INFO: [Vivado 12-24828] Executing command : report_drc -file myandgate_drc_opted.rpt -pb myandgate_drc_opted.pb -rpx myandgate_drc_opted.rpx
Command: report_drc -file myandgate_drc_opted.rpt -pb myandgate_drc_opted.pb -rpx myandgate_drc_opted.rpx
INFO: [IP_Flow 19-234] Refreshing IP repositories
INFO: [IP_Flow 19-1704] No user IP repositories specified
INFO: [IP_Flow 19-2313] Loaded Vivado IP repository '/ece/vivado/Vivado/2024.2/data/ip'.
INFO: [DRC 23-27] Running DRC with 8 threads
INFO: [Vivado_Tcl 2-168] The results of DRC are in file /home/a02447865/ECE2700Labs/myandgate/myandgate.runs/impl_1/myandgate_drc_opted.rpt.
report_drc completed successfully
INFO: [Timing 38-480] Writing timing data to binary archive.
Write ShapeDB Complete: Time (s): cpu = 00:00:00 ; elapsed = 00:00:00 . Memory (MB): peak = 2889.605 ; gain = 0.000 ; free physical = 280 ; free virtual = 13507
Wrote PlaceDB: Time (s): cpu = 00:00:00 ; elapsed = 00:00:00 . Memory (MB): peak = 2889.605 ; gain = 0.000 ; free physical = 280 ; free virtual = 13507
Wrote PulsedLatchDB: Time (s): cpu = 00:00:00 ; elapsed = 00:00:00 . Memory (MB): peak = 2889.605 ; gain = 0.000 ; free physical = 280 ; free virtual = 13507
Writing XDEF routing.
Writing XDEF routing logical nets.
Writing XDEF routing special nets.
Wrote RouteStorage: Time (s): cpu = 00:00:00.02 ; elapsed = 00:00:00.01 . Memory (MB): peak = 2889.605 ; gain = 0.000 ; free physical = 279 ; free virtual = 13506
Wrote Netlist Cache: Time (s): cpu = 00:00:00 ; elapsed = 00:00:00 . Memory (MB): peak = 2889.605 ; gain = 0.000 ; free physical = 279 ; free virtual = 13506
Wrote Device Cache: Time (s): cpu = 00:00:00.01 ; elapsed = 00:00:00 . Memory (MB): peak = 2889.605 ; gain = 0.000 ; free physical = 279 ; free virtual = 13507
Write Physdb Complete: Time (s): cpu = 00:00:00.03 ; elapsed = 00:00:00.01 . Memory (MB): peak = 2889.605 ; gain = 0.000 ; free physical = 279 ; free virtual = 13507
INFO: [Common 17-1381] The checkpoint '/home/a02447865/ECE2700Labs/myandgate/myandgate.runs/impl_1/myandgate_opt.dcp' has been generated.
Command: place_design
Attempting to get a license for feature 'Implementation' and/or device 'xc7a35t'
INFO: [Common 17-349] Got license for feature 'Implementation' and/or device 'xc7a35t'
INFO: [Common 17-83] Releasing license: Implementation
INFO: [DRC 23-27] Running DRC with 8 threads
INFO: [Vivado_Tcl 4-198] DRC finished with 0 Errors
INFO: [Vivado_Tcl 4-199] Please refer to the DRC report (report_drc) for more information.
Running DRC as a precondition to command place_design
INFO: [DRC 23-27] Running DRC with 8 threads
INFO: [Vivado_Tcl 4-198] DRC finished with 0 Errors
INFO: [Vivado_Tcl 4-199] Please refer to the DRC report (report_drc) for more information.
INFO: [Place 30-611] Multithreading enabled for place_design using a maximum of 8 CPUs

Starting Placer Task

Phase 1 Placer Initialization

Phase 1.1 Placer Initialization Netlist Sorting
Netlist sorting complete. Time (s): cpu = 00:00:00 ; elapsed = 00:00:00 . Memory (MB): peak = 2913.617 ; gain = 0.000 ; free physical = 268 ; free virtual = 13495
Phase 1.1 Placer Initialization Netlist Sorting | Checksum: 1f14449e9

Time (s): cpu = 00:00:00 ; elapsed = 00:00:00 . Memory (MB): peak = 2913.617 ; gain = 0.000 ; free physical = 268 ; free virtual = 13495
Netlist sorting complete. Time (s): cpu = 00:00:00 ; elapsed = 00:00:00 . Memory (MB): peak = 2913.617 ; gain = 0.000 ; free physical = 268 ; free virtual = 13495

Phase 1.2 IO Placement/ Clock Placement/ Build Placer Device
INFO: [Timing 38-35] Done setting XDC timing constraints.
Phase 1.2 IO Placement/ Clock Placement/ Build Placer Device | Checksum: 1f14449e9

Time (s): cpu = 00:00:00.2 ; elapsed = 00:00:00.07 . Memory (MB): peak = 2945.633 ; gain = 32.016 ; free physical = 265 ; free virtual = 13493

Phase 1.3 Build Placer Netlist Model
Phase 1.3 Build Placer Netlist Model | Checksum: 2026cba46

Time (s): cpu = 00:00:00.34 ; elapsed = 00:00:00.09 . Memory (MB): peak = 2945.633 ; gain = 32.016 ; free physical = 265 ; free virtual = 13493

Phase 1.4 Constrain Clocks/Macros
Phase 1.4 Constrain Clocks/Macros | Checksum: 2026cba46

Time (s): cpu = 00:00:00.34 ; elapsed = 00:00:00.09 . Memory (MB): peak = 2945.633 ; gain = 32.016 ; free physical = 265 ; free virtual = 13493
Phase 1 Placer Initialization | Checksum: 2026cba46

Time (s): cpu = 00:00:00.35 ; elapsed = 00:00:00.09 . Memory (MB): peak = 2945.633 ; gain = 32.016 ; free physical = 265 ; free virtual = 13493

Phase 2 Global Placement

Phase 2.1 Floorplanning
Phase 2.1 Floorplanning | Checksum: 2026cba46

Time (s): cpu = 00:00:00.35 ; elapsed = 00:00:00.1 . Memory (MB): peak = 2945.633 ; gain = 32.016 ; free physical = 265 ; free virtual = 13493

Phase 2.2 Update Timing before SLR Path Opt
Phase 2.2 Update Timing before SLR Path Opt | Checksum: 2026cba46

Time (s): cpu = 00:00:00.35 ; elapsed = 00:00:00.1 . Memory (MB): peak = 2945.633 ; gain = 32.016 ; free physical = 265 ; free virtual = 13493

Phase 2.3 Post-Processing in Floorplanning
Phase 2.3 Post-Processing in Floorplanning | Checksum: 2026cba46

Time (s): cpu = 00:00:00.35 ; elapsed = 00:00:00.1 . Memory (MB): peak = 2945.633 ; gain = 32.016 ; free physical = 265 ; free virtual = 13493

Phase 2.4 Global Place Phase1
Phase 2.4 Global Place Phase1 | Checksum: 2081d351f

Time (s): cpu = 00:00:01 ; elapsed = 00:00:00.27 . Memory (MB): peak = 2969.645 ; gain = 56.027 ; free physical = 266 ; free virtual = 13493

Phase 2.5 Global Place Phase2
WARNING: [Place 46-29] Timing had been disabled during Placer and, therefore, physical synthesis in Placer will be skipped.
Phase 2.5 Global Place Phase2 | Checksum: 24cd9867b

Time (s): cpu = 00:00:01 ; elapsed = 00:00:00.32 . Memory (MB): peak = 2969.645 ; gain = 56.027 ; free physical = 265 ; free virtual = 13493
Phase 2 Global Placement | Checksum: 24cd9867b

Time (s): cpu = 00:00:01 ; elapsed = 00:00:00.32 . Memory (MB): peak = 2969.645 ; gain = 56.027 ; free physical = 265 ; free virtual = 13493

Phase 3 Detail Placement

Phase 3.1 Commit Multi Column Macros
Phase 3.1 Commit Multi Column Macros | Checksum: 24cd9867b

Time (s): cpu = 00:00:01 ; elapsed = 00:00:00.32 . Memory (MB): peak = 2969.645 ; gain = 56.027 ; free physical = 265 ; free virtual = 13493

Phase 3.2 Commit Most Macros & LUTRAMs
Phase 3.2 Commit Most Macros & LUTRAMs | Checksum: 20277f227

Time (s): cpu = 00:00:01 ; elapsed = 00:00:00.33 . Memory (MB): peak = 2969.645 ; gain = 56.027 ; free physical = 265 ; free virtual = 13493

Phase 3.3 Area Swap Optimization
Phase 3.3 Area Swap Optimization | Checksum: 27cd17626

Time (s): cpu = 00:00:01 ; elapsed = 00:00:00.33 . Memory (MB): peak = 2969.645 ; gain = 56.027 ; free physical = 265 ; free virtual = 13493

Phase 3.4 Pipeline Register Optimization
Phase 3.4 Pipeline Register Optimization | Checksum: 27cd17626

Time (s): cpu = 00:00:02 ; elapsed = 00:00:00.33 . Memory (MB): peak = 2969.645 ; gain = 56.027 ; free physical = 265 ; free virtual = 13493

Phase 3.5 Small Shape Detail Placement
Phase 3.5 Small Shape Detail Placement | Checksum: 23c58f0fd

Time (s): cpu = 00:00:02 ; elapsed = 00:00:00.61 . Memory (MB): peak = 2969.645 ; gain = 56.027 ; free physical = 263 ; free virtual = 13491

Phase 3.6 Re-assign LUT pins
Phase 3.6 Re-assign LUT pins | Checksum: 23c58f0fd

Time (s): cpu = 00:00:02 ; elapsed = 00:00:00.61 . Memory (MB): peak = 2969.645 ; gain = 56.027 ; free physical = 263 ; free virtual = 13491

Phase 3.7 Pipeline Register Optimization
Phase 3.7 Pipeline Register Optimization | Checksum: 23c58f0fd

Time (s): cpu = 00:00:02 ; elapsed = 00:00:00.62 . Memory (MB): peak = 2969.645 ; gain = 56.027 ; free physical = 263 ; free virtual = 13491
Phase 3 Detail Placement | Checksum: 23c58f0fd

Time (s): cpu = 00:00:02 ; elapsed = 00:00:00.62 . Memory (MB): peak = 2969.645 ; gain = 56.027 ; free physical = 263 ; free virtual = 13491

Phase 4 Post Placement Optimization and Clean-Up

Phase 4.1 Post Commit Optimization
Phase 4.1 Post Commit Optimization | Checksum: 23c58f0fd

Time (s): cpu = 00:00:02 ; elapsed = 00:00:00.64 . Memory (MB): peak = 2969.645 ; gain = 56.027 ; free physical = 263 ; free virtual = 13491

Phase 4.2 Post Placement Cleanup
Phase 4.2 Post Placement Cleanup | Checksum: 23c58f0fd

Time (s): cpu = 00:00:02 ; elapsed = 00:00:00.66 . Memory (MB): peak = 2969.645 ; gain = 56.027 ; free physical = 263 ; free virtual = 13491

Phase 4.3 Placer Reporting

Phase 4.3.1 Print Estimated Congestion
INFO: [Place 30-612] Post-Placement Estimated Congestion 
 ____________________________________________________
|           | Global Congestion | Short Congestion  |
| Direction | Region Size       | Region Size       |
|___________|___________________|___________________|
|      North|                1x1|                1x1|
|___________|___________________|___________________|
|      South|                1x1|                1x1|
|___________|___________________|___________________|
|       East|                1x1|                1x1|
|___________|___________________|___________________|
|       West|                1x1|                1x1|
|___________|___________________|___________________|

Phase 4.3.1 Print Estimated Congestion | Checksum: 23c58f0fd

Time (s): cpu = 00:00:02 ; elapsed = 00:00:00.66 . Memory (MB): peak = 2969.645 ; gain = 56.027 ; free physical = 263 ; free virtual = 13491
Phase 4.3 Placer Reporting | Checksum: 23c58f0fd

Time (s): cpu = 00:00:02 ; elapsed = 00:00:00.66 . Memory (MB): peak = 2969.645 ; gain = 56.027 ; free physical = 263 ; free virtual = 13491

Phase 4.4 Final Placement Cleanup
Netlist sorting complete. Time (s): cpu = 00:00:00 ; elapsed = 00:00:00 . Memory (MB): peak = 2969.645 ; gain = 0.000 ; free physical = 263 ; free virtual = 13491

Time (s): cpu = 00:00:02 ; elapsed = 00:00:00.66 . Memory (MB): peak = 2969.645 ; gain = 56.027 ; free physical = 263 ; free virtual = 13491
Phase 4 Post Placement Optimization and Clean-Up | Checksum: 23c58f0fd

Time (s): cpu = 00:00:02 ; elapsed = 00:00:00.67 . Memory (MB): peak = 2969.645 ; gain = 56.027 ; free physical = 263 ; free virtual = 13491
Ending Placer Task | Checksum: 16ab0fc37

Time (s): cpu = 00:00:02 ; elapsed = 00:00:00.67 . Memory (MB): peak = 2969.645 ; gain = 56.027 ; free physical = 263 ; free virtual = 13491
44 Infos, 1 Warnings, 0 Critical Warnings and 0 Errors encountered.
place_design completed successfully
INFO: [Vivado 12-24838] Running report commands "report_control_sets, report_io, report_utilization" in parallel.
Running report generation with 3 threads.
INFO: [Vivado 12-24828] Executing command : report_control_sets -verbose -file myandgate_control_sets_placed.rpt
report_control_sets: Time (s): cpu = 00:00:00.05 ; elapsed = 00:00:00.04 . Memory (MB): peak = 2969.645 ; gain = 0.000 ; free physical = 261 ; free virtual = 13489
INFO: [Vivado 12-24828] Executing command : report_utilization -file myandgate_utilization_placed.rpt -pb myandgate_utilization_placed.pb
INFO: [Vivado 12-24828] Executing command : report_io -file myandgate_io_placed.rpt
report_io: Time (s): cpu = 00:00:00.17 ; elapsed = 00:00:00.13 . Memory (MB): peak = 2969.645 ; gain = 0.000 ; free physical = 256 ; free virtual = 13483
INFO: [Timing 38-480] Writing timing data to binary archive.
Write ShapeDB Complete: Time (s): cpu = 00:00:00 ; elapsed = 00:00:00 . Memory (MB): peak = 2969.645 ; gain = 0.000 ; free physical = 255 ; free virtual = 13483
Wrote PlaceDB: Time (s): cpu = 00:00:00.01 ; elapsed = 00:00:00.01 . Memory (MB): peak = 2969.645 ; gain = 0.000 ; free physical = 255 ; free virtual = 13483
Wrote PulsedLatchDB: Time (s): cpu = 00:00:00 ; elapsed = 00:00:00 . Memory (MB): peak = 2969.645 ; gain = 0.000 ; free physical = 255 ; free virtual = 13483
Writing XDEF routing.
Writing XDEF routing logical nets.
Writing XDEF routing special nets.
Wrote RouteStorage: Time (s): cpu = 00:00:00.03 ; elapsed = 00:00:00.01 . Memory (MB): peak = 2969.645 ; gain = 0.000 ; free physical = 253 ; free virtual = 13481
Wrote Netlist Cache: Time (s): cpu = 00:00:00 ; elapsed = 00:00:00 . Memory (MB): peak = 2969.645 ; gain = 0.000 ; free physical = 253 ; free virtual = 13481
Wrote Device Cache: Time (s): cpu = 00:00:00 ; elapsed = 00:00:00.01 . Memory (MB): peak = 2969.645 ; gain = 0.000 ; free physical = 253 ; free virtual = 13481
Write Physdb Complete: Time (s): cpu = 00:00:00.05 ; elapsed = 00:00:00.03 . Memory (MB): peak = 2969.645 ; gain = 0.000 ; free physical = 253 ; free virtual = 13481
INFO: [Common 17-1381] The checkpoint '/home/a02447865/ECE2700Labs/myandgate/myandgate.runs/impl_1/myandgate_placed.dcp' has been generated.
Command: phys_opt_design
Attempting to get a license for feature 'Implementation' and/or device 'xc7a35t'
INFO: [Common 17-349] Got license for feature 'Implementation' and/or device 'xc7a35t'

Starting Initial Update Timing Task

Time (s): cpu = 00:00:00 ; elapsed = 00:00:00 . Memory (MB): peak = 2969.645 ; gain = 0.000 ; free physical = 250 ; free virtual = 13478
INFO: [Vivado_Tcl 4-235] No timing constraint found. The netlist was not modified.
INFO: [Common 17-83] Releasing license: Implementation
53 Infos, 1 Warnings, 0 Critical Warnings and 0 Errors encountered.
phys_opt_design completed successfully
INFO: [Timing 38-480] Writing timing data to binary archive.
Write ShapeDB Complete: Time (s): cpu = 00:00:00 ; elapsed = 00:00:00 . Memory (MB): peak = 2969.645 ; gain = 0.000 ; free physical = 250 ; free virtual = 13478
Wrote PlaceDB: Time (s): cpu = 00:00:00 ; elapsed = 00:00:00 . Memory (MB): peak = 2969.645 ; gain = 0.000 ; free physical = 250 ; free virtual = 13478
Wrote PulsedLatchDB: Time (s): cpu = 00:00:00 ; elapsed = 00:00:00 . Memory (MB): peak = 2969.645 ; gain = 0.000 ; free physical = 250 ; free virtual = 13478
Writing XDEF routing.
Writing XDEF routing logical nets.
Writing XDEF routing special nets.
Wrote RouteStorage: Time (s): cpu = 00:00:00.02 ; elapsed = 00:00:00.01 . Memory (MB): peak = 2969.645 ; gain = 0.000 ; free physical = 250 ; free virtual = 13478
Wrote Netlist Cache: Time (s): cpu = 00:00:00 ; elapsed = 00:00:00 . Memory (MB): peak = 2969.645 ; gain = 0.000 ; free physical = 250 ; free virtual = 13478
Wrote Device Cache: Time (s): cpu = 00:00:00 ; elapsed = 00:00:00.01 . Memory (MB): peak = 2969.645 ; gain = 0.000 ; free physical = 250 ; free virtual = 13478
Write Physdb Complete: Time (s): cpu = 00:00:00.03 ; elapsed = 00:00:00.02 . Memory (MB): peak = 2969.645 ; gain = 0.000 ; free physical = 250 ; free virtual = 13478
INFO: [Common 17-1381] The checkpoint '/home/a02447865/ECE2700Labs/myandgate/myandgate.runs/impl_1/myandgate_physopt.dcp' has been generated.
Command: route_design
Attempting to get a license for feature 'Implementation' and/or device 'xc7a35t'
INFO: [Common 17-349] Got license for feature 'Implementation' and/or device 'xc7a35t'


Starting Routing Task
INFO: [Route 35-254] Multithreading enabled for route_design using a maximum of 8 CPUs

Phase 1 Build RT Design
Checksum: PlaceDB: 67e7f188 ConstDB: 0 ShapeSum: 6247ae58 RouteDB: a0815c57
Post Restoration Checksum: NetGraph: 77bedef | NumContArr: 209c9988 | Constraints: c2a8fa9d | Timing: c2a8fa9d
Phase 1 Build RT Design | Checksum: 1ad6a7cb1

Time (s): cpu = 00:00:14 ; elapsed = 00:00:13 . Memory (MB): peak = 3039.504 ; gain = 69.859 ; free physical = 245 ; free virtual = 13431

Phase 2 Router Initialization
INFO: [Route 35-64] No timing constraints were detected. The router will operate in resource-optimization mode.

Phase 2.1 Fix Topology Constraints
Phase 2.1 Fix Topology Constraints | Checksum: 1ad6a7cb1

Time (s): cpu = 00:00:14 ; elapsed = 00:00:13 . Memory (MB): peak = 3070.504 ; gain = 100.859 ; free physical = 213 ; free virtual = 13399

Phase 2.2 Pre Route Cleanup
Phase 2.2 Pre Route Cleanup | Checksum: 1ad6a7cb1

Time (s): cpu = 00:00:14 ; elapsed = 00:00:13 . Memory (MB): peak = 3070.504 ; gain = 100.859 ; free physical = 213 ; free virtual = 13399

Router Utilization Summary
  Global Vertical Routing Utilization    = 0 %
  Global Horizontal Routing Utilization  = 0 %
  Routable Net Status*
  *Does not include unroutable nets such as driverless and loadless.
  Run report_route_status for detailed report.
  Number of Failed Nets               = 3
    (Failed Nets is the sum of unrouted and partially routed nets)
  Number of Unrouted Nets             = 3
  Number of Partially Routed Nets     = 0
  Number of Node Overlaps             = 0

Phase 2 Router Initialization | Checksum: 1ad6a7cb1

Time (s): cpu = 00:00:15 ; elapsed = 00:00:13 . Memory (MB): peak = 3088.504 ; gain = 118.859 ; free physical = 195 ; free virtual = 13381

Phase 3 Global Routing
Phase 3 Global Routing | Checksum: 1ad6a7cb1

Time (s): cpu = 00:00:15 ; elapsed = 00:00:13 . Memory (MB): peak = 3088.504 ; gain = 118.859 ; free physical = 195 ; free virtual = 13381

Phase 4 Initial Routing

Phase 4.1 Initial Net Routing Pass
 Number of Nodes with overlaps = 0
Phase 4.1 Initial Net Routing Pass | Checksum: 236c80a1d

Time (s): cpu = 00:00:15 ; elapsed = 00:00:13 . Memory (MB): peak = 3088.504 ; gain = 118.859 ; free physical = 194 ; free virtual = 13380
Phase 4 Initial Routing | Checksum: 236c80a1d

Time (s): cpu = 00:00:15 ; elapsed = 00:00:13 . Memory (MB): peak = 3088.504 ; gain = 118.859 ; free physical = 194 ; free virtual = 13380

Phase 5 Rip-up And Reroute

Phase 5.1 Global Iteration 0
Phase 5.1 Global Iteration 0 | Checksum: 236c80a1d

Time (s): cpu = 00:00:15 ; elapsed = 00:00:13 . Memory (MB): peak = 3088.504 ; gain = 118.859 ; free physical = 194 ; free virtual = 13380
Phase 5 Rip-up And Reroute | Checksum: 236c80a1d

Time (s): cpu = 00:00:15 ; elapsed = 00:00:13 . Memory (MB): peak = 3088.504 ; gain = 118.859 ; free physical = 194 ; free virtual = 13380

Phase 6 Delay and Skew Optimization
Phase 6 Delay and Skew Optimization | Checksum: 236c80a1d

Time (s): cpu = 00:00:15 ; elapsed = 00:00:13 . Memory (MB): peak = 3088.504 ; gain = 118.859 ; free physical = 194 ; free virtual = 13380

Phase 7 Post Hold Fix

Phase 7.1 Hold Fix Iter
Phase 7.1 Hold Fix Iter | Checksum: 236c80a1d

Time (s): cpu = 00:00:15 ; elapsed = 00:00:13 . Memory (MB): peak = 3088.504 ; gain = 118.859 ; free physical = 194 ; free virtual = 13380
Phase 7 Post Hold Fix | Checksum: 236c80a1d

Time (s): cpu = 00:00:15 ; elapsed = 00:00:13 . Memory (MB): peak = 3088.504 ; gain = 118.859 ; free physical = 194 ; free virtual = 13380

Phase 8 Route finalize

Router Utilization Summary
  Global Vertical Routing Utilization    = 0.000717532 %
  Global Horizontal Routing Utilization  = 0.000780843 %
  Routable Net Status*
  *Does not include unroutable nets such as driverless and loadless.
  Run report_route_status for detailed report.
  Number of Failed Nets               = 0
    (Failed Nets is the sum of unrouted and partially routed nets)
  Number of Unrouted Nets             = 0
  Number of Partially Routed Nets     = 0
  Number of Node Overlaps             = 0


--GLOBAL Congestion:
Utilization threshold used for congestion level computation: 0.85
Congestion Report
North Dir 1x1 Area, Max Cong = 5.40541%, No Congested Regions.
South Dir 1x1 Area, Max Cong = 0%, No Congested Regions.
East Dir 1x1 Area, Max Cong = 2.94118%, No Congested Regions.
West Dir 1x1 Area, Max Cong = 2.94118%, No Congested Regions.

------------------------------
Reporting congestion hotspots
------------------------------
Direction: North
----------------
Congested clusters found at Level 0
Effective congestion level: 0 Aspect Ratio: 1 Sparse Ratio: 0
Direction: South
----------------
Congested clusters found at Level 0
Effective congestion level: 0 Aspect Ratio: 1 Sparse Ratio: 0
Direction: East
----------------
Congested clusters found at Level 0
Effective congestion level: 0 Aspect Ratio: 1 Sparse Ratio: 0
Direction: West
----------------
Congested clusters found at Level 0
Effective congestion level: 0 Aspect Ratio: 1 Sparse Ratio: 0

Phase 8 Route finalize | Checksum: 236c80a1d

Time (s): cpu = 00:00:15 ; elapsed = 00:00:13 . Memory (MB): peak = 3088.504 ; gain = 118.859 ; free physical = 194 ; free virtual = 13380

Phase 9 Verifying routed nets

 Verification completed successfully
Phase 9 Verifying routed nets | Checksum: 236c80a1d

Time (s): cpu = 00:00:15 ; elapsed = 00:00:13 . Memory (MB): peak = 3088.504 ; gain = 118.859 ; free physical = 194 ; free virtual = 13380

Phase 10 Depositing Routes
Phase 10 Depositing Routes | Checksum: 24cd37e92

Time (s): cpu = 00:00:15 ; elapsed = 00:00:13 . Memory (MB): peak = 3088.504 ; gain = 118.859 ; free physical = 194 ; free virtual = 13380

Phase 11 Post Process Routing
Phase 11 Post Process Routing | Checksum: 24cd37e92

Time (s): cpu = 00:00:15 ; elapsed = 00:00:13 . Memory (MB): peak = 3088.504 ; gain = 118.859 ; free physical = 194 ; free virtual = 13380
Total Elapsed time in route_design: 12.78 secs

Phase 12 Post-Route Event Processing
Phase 12 Post-Route Event Processing | Checksum: 1967a6fcf

Time (s): cpu = 00:00:15 ; elapsed = 00:00:13 . Memory (MB): peak = 3088.504 ; gain = 118.859 ; free physical = 194 ; free virtual = 13380
INFO: [Route 35-16] Router Completed Successfully
Ending Routing Task | Checksum: 1967a6fcf

Time (s): cpu = 00:00:15 ; elapsed = 00:00:13 . Memory (MB): peak = 3088.504 ; gain = 118.859 ; free physical = 194 ; free virtual = 13380

Routing Is Done.
INFO: [Common 17-83] Releasing license: Implementation
60 Infos, 1 Warnings, 0 Critical Warnings and 0 Errors encountered.
route_design completed successfully
route_design: Time (s): cpu = 00:00:15 ; elapsed = 00:00:13 . Memory (MB): peak = 3088.504 ; gain = 118.859 ; free physical = 194 ; free virtual = 13380
INFO: [Vivado 12-24828] Executing command : report_drc -file myandgate_drc_routed.rpt -pb myandgate_drc_routed.pb -rpx myandgate_drc_routed.rpx
Command: report_drc -file myandgate_drc_routed.rpt -pb myandgate_drc_routed.pb -rpx myandgate_drc_routed.rpx
INFO: [IP_Flow 19-1839] IP Catalog is up to date.
INFO: [DRC 23-27] Running DRC with 8 threads
INFO: [Vivado_Tcl 2-168] The results of DRC are in file /home/a02447865/ECE2700Labs/myandgate/myandgate.runs/impl_1/myandgate_drc_routed.rpt.
report_drc completed successfully
INFO: [Vivado 12-24828] Executing command : report_methodology -file myandgate_methodology_drc_routed.rpt -pb myandgate_methodology_drc_routed.pb -rpx myandgate_methodology_drc_routed.rpx
Command: report_methodology -file myandgate_methodology_drc_routed.rpt -pb myandgate_methodology_drc_routed.pb -rpx myandgate_methodology_drc_routed.rpx
INFO: [Timing 38-35] Done setting XDC timing constraints.
INFO: [DRC 23-133] Running Methodology with 8 threads
INFO: [Vivado_Tcl 2-1520] The results of Report Methodology are in file /home/a02447865/ECE2700Labs/myandgate/myandgate.runs/impl_1/myandgate_methodology_drc_routed.rpt.
report_methodology completed successfully
INFO: [Vivado 12-24828] Executing command : report_timing_summary -max_paths 10 -report_unconstrained -file myandgate_timing_summary_routed.rpt -pb myandgate_timing_summary_routed.pb -rpx myandgate_timing_summary_routed.rpx -warn_on_violation 
INFO: [Timing 38-35] Done setting XDC timing constraints.
INFO: [Timing 38-91] UpdateTimingParams: Speed grade: -1, Delay Type: min_max.
INFO: [Timing 38-191] Multithreading enabled for timing update using a maximum of 8 CPUs
WARNING: [Timing 38-313] There are no user specified timing constraints. Timing constraints are needed for proper timing analysis.
INFO: [Vivado 12-24838] Running report commands "report_bus_skew, report_incremental_reuse, report_route_status" in parallel.
Running report generation with 3 threads.
INFO: [Vivado 12-24828] Executing command : report_route_status -file myandgate_route_status.rpt -pb myandgate_route_status.pb
INFO: [Vivado 12-24828] Executing command : report_incremental_reuse -file myandgate_incremental_reuse_routed.rpt
INFO: [Vivado_Tcl 4-1062] Incremental flow is disabled. No incremental reuse Info to report.
INFO: [Vivado 12-24828] Executing command : report_bus_skew -warn_on_violation -file myandgate_bus_skew_routed.rpt -pb myandgate_bus_skew_routed.pb -rpx myandgate_bus_skew_routed.rpx
INFO: [Timing 38-91] UpdateTimingParams: Speed grade: -1, Delay Type: min_max.
INFO: [Timing 38-191] Multithreading enabled for timing update using a maximum of 8 CPUs
INFO: [Vivado 12-24828] Executing command : report_power -file myandgate_power_routed.rpt -pb myandgate_power_summary_routed.pb -rpx myandgate_power_routed.rpx
Command: report_power -file myandgate_power_routed.rpt -pb myandgate_power_summary_routed.pb -rpx myandgate_power_routed.rpx
WARNING: [Power 33-232] No user defined clocks were found in the design! Power estimation will be inaccurate until this is corrected.
Resolution: Please specify clocks using create_clock/create_generated_clock for sequential elements. For pure combinatorial circuits, please specify a virtual clock, otherwise the vectorless estimation might be inaccurate
Running Vector-less Activity Propagation...

Finished Running Vector-less Activity Propagation
80 Infos, 3 Warnings, 0 Critical Warnings and 0 Errors encountered.
report_power completed successfully
INFO: [Vivado 12-24828] Executing command : report_clock_utilization -file myandgate_clock_utilization_routed.rpt
INFO: [Timing 38-480] Writing timing data to binary archive.
Write ShapeDB Complete: Time (s): cpu = 00:00:00.01 ; elapsed = 00:00:00 . Memory (MB): peak = 3155.273 ; gain = 0.000 ; free physical = 155 ; free virtual = 13341
Wrote PlaceDB: Time (s): cpu = 00:00:00 ; elapsed = 00:00:00 . Memory (MB): peak = 3155.273 ; gain = 0.000 ; free physical = 155 ; free virtual = 13341
Wrote PulsedLatchDB: Time (s): cpu = 00:00:00 ; elapsed = 00:00:00.01 . Memory (MB): peak = 3155.273 ; gain = 0.000 ; free physical = 155 ; free virtual = 13341
Writing XDEF routing.
Writing XDEF routing logical nets.
Writing XDEF routing special nets.
Wrote RouteStorage: Time (s): cpu = 00:00:00.02 ; elapsed = 00:00:00.01 . Memory (MB): peak = 3155.273 ; gain = 0.000 ; free physical = 155 ; free virtual = 13341
Wrote Netlist Cache: Time (s): cpu = 00:00:00 ; elapsed = 00:00:00 . Memory (MB): peak = 3155.273 ; gain = 0.000 ; free physical = 155 ; free virtual = 13341
Wrote Device Cache: Time (s): cpu = 00:00:00.01 ; elapsed = 00:00:00 . Memory (MB): peak = 3155.273 ; gain = 0.000 ; free physical = 155 ; free virtual = 13341
Write Physdb Complete: Time (s): cpu = 00:00:00.04 ; elapsed = 00:00:00.02 . Memory (MB): peak = 3155.273 ; gain = 0.000 ; free physical = 155 ; free virtual = 13341
INFO: [Common 17-1381] The checkpoint '/home/a02447865/ECE2700Labs/myandgate/myandgate.runs/impl_1/myandgate_routed.dcp' has been generated.
INFO: [Common 17-206] Exiting Vivado at Wed Sep  9 16:02:04 2026...

*** Running vivado
    with args -log myandgate.vdi -applog -m64 -product Vivado -messageDb vivado.pb -mode batch -source myandgate.tcl -notrace


****** Vivado v2024.2.1 (64-bit)
  **** SW Build 5266912 on Sun Dec 15 09:03:31 MST 2024
  **** IP Build 5264866 on Sun Dec 15 16:27:47 MST 2024
  **** SharedData Build 5264680 on Wed Dec 11 12:48:36 MST 2024
  **** Start of session at: Wed Sep  9 16:02:11 2026
    ** Copyright 1986-2022 Xilinx, Inc. All Rights Reserved.
    ** Copyright 2022-2024 Advanced Micro Devices, Inc. All Rights Reserved.

source myandgate.tcl -notrace
Command: open_checkpoint myandgate_routed.dcp
INFO: [Device 21-403] Loading part xc7a35tcpg236-1
Netlist sorting complete. Time (s): cpu = 00:00:00 ; elapsed = 00:00:00 . Memory (MB): peak = 1875.281 ; gain = 0.000 ; free physical = 1622 ; free virtual = 14401
INFO: [Project 1-479] Netlist was created with Vivado 2024.2.1
INFO: [Project 1-570] Preparing netlist for logic optimization
Read ShapeDB Complete: Time (s): cpu = 00:00:00 ; elapsed = 00:00:00 . Memory (MB): peak = 1945.031 ; gain = 0.000 ; free physical = 1553 ; free virtual = 14332
INFO: [Timing 38-478] Restoring timing data from binary archive.
INFO: [Timing 38-479] Binary timing data restore complete.
INFO: [Project 1-856] Restoring constraints from binary archive.
INFO: [Project 1-853] Binary constraint restore complete.
INFO: [Designutils 20-5722] Start Reading Physical Databases.
Reading placement.
Read Netlist Cache: Time (s): cpu = 00:00:00 ; elapsed = 00:00:00 . Memory (MB): peak = 2483.250 ; gain = 0.000 ; free physical = 1091 ; free virtual = 13869
Reading placer database...
Read Device Cache: Time (s): cpu = 00:00:00.01 ; elapsed = 00:00:00.01 . Memory (MB): peak = 2483.250 ; gain = 0.000 ; free physical = 1091 ; free virtual = 13869
Read PlaceDB: Time (s): cpu = 00:00:00 ; elapsed = 00:00:00 . Memory (MB): peak = 2483.250 ; gain = 0.000 ; free physical = 1091 ; free virtual = 13869
Read PulsedLatchDB: Time (s): cpu = 00:00:00 ; elapsed = 00:00:00 . Memory (MB): peak = 2483.250 ; gain = 0.000 ; free physical = 1091 ; free virtual = 13869
Reading routing.
Read RouteStorage: Time (s): cpu = 00:00:00 ; elapsed = 00:00:00 . Memory (MB): peak = 2483.250 ; gain = 0.000 ; free physical = 1091 ; free virtual = 13869
Read Physdb Files: Time (s): cpu = 00:00:00.01 ; elapsed = 00:00:00.01 . Memory (MB): peak = 2483.250 ; gain = 0.000 ; free physical = 1091 ; free virtual = 13869
Restored from archive | CPU: 0.050000 secs | Memory: 1.083626 MB |
Finished XDEF File Restore: Time (s): cpu = 00:00:00.05 ; elapsed = 00:00:00.05 . Memory (MB): peak = 2483.250 ; gain = 18.844 ; free physical = 1091 ; free virtual = 13869
Netlist sorting complete. Time (s): cpu = 00:00:00 ; elapsed = 00:00:00 . Memory (MB): peak = 2483.250 ; gain = 0.000 ; free physical = 1091 ; free virtual = 13869
INFO: [Project 1-111] Unisim Transformation Summary:
No Unisim elements were transformed.

INFO: [Project 1-604] Checkpoint was created with Vivado v2024.2.1 (64-bit) build 5266912
open_checkpoint: Time (s): cpu = 00:00:15 ; elapsed = 00:00:16 . Memory (MB): peak = 2483.250 ; gain = 894.094 ; free physical = 1091 ; free virtual = 13869
Command: write_bitstream -force myandgate.bit
Attempting to get a license for feature 'Implementation' and/or device 'xc7a35t'
INFO: [Common 17-349] Got license for feature 'Implementation' and/or device 'xc7a35t'
Running DRC as a precondition to command write_bitstream
INFO: [IP_Flow 19-234] Refreshing IP repositories
INFO: [IP_Flow 19-1704] No user IP repositories specified
INFO: [IP_Flow 19-2313] Loaded Vivado IP repository '/ece/vivado/Vivado/2024.2/data/ip'.
INFO: [DRC 23-27] Running DRC with 8 threads
INFO: [Vivado 12-3199] DRC finished with 0 Errors
INFO: [Vivado 12-3200] Please refer to the DRC report (report_drc) for more information.
INFO: [Designutils 20-2272] Running write_bitstream with 8 threads.
Loading data files...
Loading site data...
Loading route data...
Processing options...
Creating bitmap...
Creating bitstream...
Writing bitstream ./myandgate.bit...
INFO: [Vivado 12-1842] Bitgen Completed Successfully.
INFO: [Project 1-1876] WebTalk data collection is mandatory when using a ULT device. To see the specific WebTalk data collected for your design, open the usage_statistics_webtalk.html or usage_statistics_webtalk.xml file in the implementation directory.
INFO: [Common 17-83] Releasing license: Implementation
21 Infos, 0 Warnings, 0 Critical Warnings and 0 Errors encountered.
write_bitstream completed successfully
write_bitstream: Time (s): cpu = 00:00:07 ; elapsed = 00:00:16 . Memory (MB): peak = 2967.012 ; gain = 483.762 ; free physical = 663 ; free virtual = 13447
INFO: [Common 17-206] Exiting Vivado at Wed Sep  9 16:02:47 2026...
